[0.011s] Invoking command in '/home/arty/Documents/video_ros2/build/mqtt_bridge': /usr/bin/cmake --build /home/arty/Documents/video_ros2/build/mqtt_bridge -- -j16 -l16
[0.035s] -- Found ament_cmake: 1.3.14 (/opt/ros/humble/share/ament_cmake/cmake)
[0.203s] -- Found rclcpp: 16.0.19 (/opt/ros/humble/share/rclcpp/cmake)
[0.226s] -- Found rosidl_generator_c: 3.1.8 (/opt/ros/humble/share/rosidl_generator_c/cmake)
[0.228s] -- Found rosidl_adapter: 3.1.8 (/opt/ros/humble/share/rosidl_adapter/cmake)
[0.232s] -- Found rosidl_generator_cpp: 3.1.8 (/opt/ros/humble/share/rosidl_generator_cpp/cmake)
[0.243s] -- Using all available rosidl_typesupport_c: rosidl_typesupport_fastrtps_c;rosidl_typesupport_introspection_c
[0.260s] -- Using all available rosidl_typesupport_cpp: rosidl_typesupport_fastrtps_cpp;rosidl_typesupport_introspection_cpp
[0.297s] -- Found rmw_implementation_cmake: 6.1.2 (/opt/ros/humble/share/rmw_implementation_cmake/cmake)
[0.299s] -- Found rmw_fastrtps_cpp: 6.2.10 (/opt/ros/humble/share/rmw_fastrtps_cpp/cmake)
[0.415s] -- Using RMW implementation 'rmw_fastrtps_cpp' as default
[0.744s] -- Configuring done
[0.806s] -- Generating done
[0.829s] -- Build files have been written to: /home/arty/Documents/video_ros2/build/mqtt_bridge
[0.903s] [  5%] Automatic MOC for target qmqtt
[0.937s] [  5%] Built target qmqtt_autogen
[0.964s] Consolidate compiler generated dependencies of target qmqtt
[0.995s] [ 65%] Built target qmqtt
[1.031s] [ 70%] Automatic MOC for target mqtt_bridge_node
[2.046s] [ 75%] Built target mqtt_bridge_node_autogen
[2.072s] Consolidate compiler generated dependencies of target mqtt_bridge_node
[2.090s] [ 80%] Building CXX object CMakeFiles/mqtt_bridge_node.dir/mqtt_bridge_node_autogen/mocs_compilation.cpp.o
[2.118s] [ 85%] Building CXX object CMakeFiles/mqtt_bridge_node.dir/command.pb.cc.o
[7.166s] [ 90%] Building CXX object CMakeFiles/mqtt_bridge_node.dir/src/mqtt_bridge_node.cpp.o
[20.227s] [ 95%] Linking CXX executable mqtt_bridge_node
[20.712s] [100%] Built target mqtt_bridge_node
[20.739s] Invoked command in '/home/arty/Documents/video_ros2/build/mqtt_bridge' returned '0': /usr/bin/cmake --build /home/arty/Documents/video_ros2/build/mqtt_bridge -- -j16 -l16
[20.765s] Invoking command in '/home/arty/Documents/video_ros2/build/mqtt_bridge': /usr/bin/cmake --install /home/arty/Documents/video_ros2/build/mqtt_bridge
[20.783s] -- Install configuration: "Release"
[20.786s] -- Up-to-date: /home/arty/Documents/video_ros2/install/lib/libqmqtt.so.1.0.5
[20.787s] -- Up-to-date: /home/arty/Documents/video_ros2/install/lib/libqmqtt.so.1
[20.787s] -- Up-to-date: /home/arty/Documents/video_ros2/install/lib/libqmqtt.so
[20.787s] -- Up-to-date: /home/arty/Documents/video_ros2/install/lib/cmake/qmqtt/qmqttTargets.cmake
[20.787s] -- Up-to-date: /home/arty/Documents/video_ros2/install/lib/cmake/qmqtt/qmqttTargets-release.cmake
[20.787s] -- Up-to-date: /home/arty/Documents/video_ros2/install/include/qmqtt_global.h
[20.787s] -- Up-to-date: /home/arty/Documents/video_ros2/install/include/qmqtt.h
[20.787s] -- Up-to-date: /home/arty/Documents/video_ros2/install/include/qmqtt_client.h
[20.787s] -- Up-to-date: /home/arty/Documents/video_ros2/install/include/qmqtt_frame.h
[20.787s] -- Up-to-date: /home/arty/Documents/video_ros2/install/include/qmqtt_message.h
[20.787s] -- Up-to-date: /home/arty/Documents/video_ros2/install/include/qmqtt_routesubscription.h
[20.787s] -- Up-to-date: /home/arty/Documents/video_ros2/install/include/qmqtt_routedmessage.h
[20.788s] -- Up-to-date: /home/arty/Documents/video_ros2/install/include/qmqtt_router.h
[20.788s] -- Up-to-date: /home/arty/Documents/video_ros2/install/include/qmqtt_networkinterface.h
[20.788s] -- Up-to-date: /home/arty/Documents/video_ros2/install/include/qmqtt_socketinterface.h
[20.788s] -- Up-to-date: /home/arty/Documents/video_ros2/install/include/qmqtt_timerinterface.h
[20.788s] -- Up-to-date: /home/arty/Documents/video_ros2/install/lib/cmake/qmqtt/qmqtt.cmake
[20.788s] -- Up-to-date: /home/arty/Documents/video_ros2/install/lib/cmake/qmqtt/qmqtt-release.cmake
[20.788s] -- Up-to-date: /home/arty/Documents/video_ros2/install/lib/cmake/qmqtt/qmqttConfig.cmake
[20.788s] -- Up-to-date: /home/arty/Documents/video_ros2/install/lib/cmake/qmqtt/qmqttConfigVersion.cmake
[20.788s] -- Installing: /home/arty/Documents/video_ros2/install/lib/mqtt_bridge/mqtt_bridge_node
[20.789s] -- Set runtime path of "/home/arty/Documents/video_ros2/install/lib/mqtt_bridge/mqtt_bridge_node" to ""
[20.789s] -- Installing: /home/arty/Documents/video_ros2/install/share/ament_index/resource_index/package_run_dependencies/mqtt_bridge
[20.791s] -- Up-to-date: /home/arty/Documents/video_ros2/install/share/ament_index/resource_index/parent_prefix_path/mqtt_bridge
[20.791s] -- Up-to-date: /home/arty/Documents/video_ros2/install/share/mqtt_bridge/environment/ament_prefix_path.sh
[20.791s] -- Installing: /home/arty/Documents/video_ros2/install/share/mqtt_bridge/environment/ament_prefix_path.dsv
[20.792s] -- Up-to-date: /home/arty/Documents/video_ros2/install/share/mqtt_bridge/environment/path.sh
[20.792s] -- Installing: /home/arty/Documents/video_ros2/install/share/mqtt_bridge/environment/path.dsv
[20.792s] -- Up-to-date: /home/arty/Documents/video_ros2/install/share/mqtt_bridge/local_setup.bash
[20.792s] -- Up-to-date: /home/arty/Documents/video_ros2/install/share/mqtt_bridge/local_setup.sh
[20.792s] -- Up-to-date: /home/arty/Documents/video_ros2/install/share/mqtt_bridge/local_setup.zsh
[20.792s] -- Installing: /home/arty/Documents/video_ros2/install/share/mqtt_bridge/local_setup.dsv
[20.792s] -- Installing: /home/arty/Documents/video_ros2/install/share/mqtt_bridge/package.dsv
[20.792s] -- Up-to-date: /home/arty/Documents/video_ros2/install/share/ament_index/resource_index/packages/mqtt_bridge
[20.792s] -- Up-to-date: /home/arty/Documents/video_ros2/install/share/mqtt_bridge/cmake/mqtt_bridgeConfig.cmake
[20.793s] -- Up-to-date: /home/arty/Documents/video_ros2/install/share/mqtt_bridge/cmake/mqtt_bridgeConfig-version.cmake
[20.793s] -- Installing: /home/arty/Documents/video_ros2/install/share/mqtt_bridge/package.xml
[20.796s] Invoked command in '/home/arty/Documents/video_ros2/build/mqtt_bridge' returned '0': /usr/bin/cmake --install /home/arty/Documents/video_ros2/build/mqtt_bridge
