[0.087s] DEBUG:colcon:Command line arguments: ['/usr/bin/colcon', 'build', '--merge-install', '--packages-select', 'video_interfaces', 'mqtt_bridge', 'video_viewer_qt']
[0.087s] DEBUG:colcon:Parsed command line arguments: Namespace(log_base=None, log_level=None, verb_name='build', build_base='build', install_base='install', merge_install=True, symlink_install=False, test_result_base=None, continue_on_error=False, executor='parallel', parallel_workers=16, event_handlers=None, ignore_user_meta=False, metas=['./colcon.meta'], base_paths=['.'], packages_ignore=None, packages_ignore_regex=None, paths=None, packages_up_to=None, packages_up_to_regex=None, packages_above=None, packages_above_and_dependencies=None, packages_above_depth=None, packages_select_by_dep=None, packages_skip_by_dep=None, packages_skip_up_to=None, packages_select_build_failed=False, packages_skip_build_finished=False, packages_select_test_failures=False, packages_skip_test_passed=False, packages_select=['video_interfaces', 'mqtt_bridge', 'video_viewer_qt'], packages_skip=None, packages_select_regex=None, packages_skip_regex=None, packages_start=None, packages_end=None, allow_overriding=[], cmake_args=None, cmake_target=None, cmake_target_skip_unavailable=False, cmake_clean_cache=False, cmake_clean_first=False, cmake_force_configure=False, ament_cmake_args=None, catkin_cmake_args=None, catkin_skip_building_tests=False, verb_parser=<colcon_defaults.argument_parser.defaults.DefaultArgumentsDecorator object at 0x7e53b532f400>, verb_extension=<colcon_core.verb.build.BuildVerb object at 0x7e53b5474820>, main=<bound method BuildVerb.main of <colcon_core.verb.build.BuildVerb object at 0x7e53b5474820>>)
[0.210s] Level 1:colcon.colcon_core.package_discovery:discover_packages(colcon_meta) check parameters
[0.210s] Level 1:colcon.colcon_core.package_discovery:discover_packages(recursive) check parameters
[0.210s] Level 1:colcon.colcon_core.package_discovery:discover_packages(ignore) check parameters
[0.210s] Level 1:colcon.colcon_core.package_discovery:discover_packages(path) check parameters
[0.210s] Level 1:colcon.colcon_core.package_discovery:discover_packages(colcon_meta) discover
[0.210s] Level 1:colcon.colcon_core.package_discovery:discover_packages(recursive) discover
[0.210s] INFO:colcon.colcon_core.package_discovery:Crawling recursively for packages in '/home/arty/Documents/video_ros2'
[0.210s] Level 1:colcon.colcon_core.package_identification:_identify(.) by extensions ['ignore', 'ignore_ament_install']
[0.210s] Level 1:colcon.colcon_core.package_identification:_identify(.) by extension 'ignore'
[0.210s] Level 1:colcon.colcon_core.package_identification:_identify(.) by extension 'ignore_ament_install'
[0.210s] Level 1:colcon.colcon_core.package_identification:_identify(.) by extensions ['colcon_pkg']
[0.210s] Level 1:colcon.colcon_core.package_identification:_identify(.) by extension 'colcon_pkg'
[0.210s] Level 1:colcon.colcon_core.package_identification:_identify(.) by extensions ['colcon_meta']
[0.210s] Level 1:colcon.colcon_core.package_identification:_identify(.) by extension 'colcon_meta'
[0.210s] Level 1:colcon.colcon_core.package_identification:_identify(.) by extensions ['ros']
[0.210s] Level 1:colcon.colcon_core.package_identification:_identify(.) by extension 'ros'
[0.223s] Level 1:colcon.colcon_core.package_identification:_identify(.) by extensions ['cmake', 'python']
[0.223s] Level 1:colcon.colcon_core.package_identification:_identify(.) by extension 'cmake'
[0.223s] Level 1:colcon.colcon_core.package_identification:_identify(.) by extension 'python'
[0.223s] Level 1:colcon.colcon_core.package_identification:_identify(.) by extensions ['python_setup_py']
[0.223s] Level 1:colcon.colcon_core.package_identification:_identify(.) by extension 'python_setup_py'
[0.224s] Level 1:colcon.colcon_core.package_identification:_identify(build) by extensions ['ignore', 'ignore_ament_install']
[0.224s] Level 1:colcon.colcon_core.package_identification:_identify(build) by extension 'ignore'
[0.224s] Level 1:colcon.colcon_core.package_identification:_identify(build) ignored
[0.224s] Level 1:colcon.colcon_core.package_identification:_identify(docs) by extensions ['ignore', 'ignore_ament_install']
[0.224s] Level 1:colcon.colcon_core.package_identification:_identify(docs) by extension 'ignore'
[0.224s] Level 1:colcon.colcon_core.package_identification:_identify(docs) by extension 'ignore_ament_install'
[0.224s] Level 1:colcon.colcon_core.package_identification:_identify(docs) by extensions ['colcon_pkg']
[0.224s] Level 1:colcon.colcon_core.package_identification:_identify(docs) by extension 'colcon_pkg'
[0.224s] Level 1:colcon.colcon_core.package_identification:_identify(docs) by extensions ['colcon_meta']
[0.224s] Level 1:colcon.colcon_core.package_identification:_identify(docs) by extension 'colcon_meta'
[0.224s] Level 1:colcon.colcon_core.package_identification:_identify(docs) by extensions ['ros']
[0.224s] Level 1:colcon.colcon_core.package_identification:_identify(docs) by extension 'ros'
[0.224s] Level 1:colcon.colcon_core.package_identification:_identify(docs) by extensions ['cmake', 'python']
[0.224s] Level 1:colcon.colcon_core.package_identification:_identify(docs) by extension 'cmake'
[0.224s] Level 1:colcon.colcon_core.package_identification:_identify(docs) by extension 'python'
[0.224s] Level 1:colcon.colcon_core.package_identification:_identify(docs) by extensions ['python_setup_py']
[0.224s] Level 1:colcon.colcon_core.package_identification:_identify(docs) by extension 'python_setup_py'
[0.224s] Level 1:colcon.colcon_core.package_identification:_identify(install) by extensions ['ignore', 'ignore_ament_install']
[0.224s] Level 1:colcon.colcon_core.package_identification:_identify(install) by extension 'ignore'
[0.224s] Level 1:colcon.colcon_core.package_identification:_identify(install) ignored
[0.224s] Level 1:colcon.colcon_core.package_identification:_identify(log) by extensions ['ignore', 'ignore_ament_install']
[0.225s] Level 1:colcon.colcon_core.package_identification:_identify(log) by extension 'ignore'
[0.225s] Level 1:colcon.colcon_core.package_identification:_identify(log) ignored
[0.225s] Level 1:colcon.colcon_core.package_identification:_identify(scripts) by extensions ['ignore', 'ignore_ament_install']
[0.225s] Level 1:colcon.colcon_core.package_identification:_identify(scripts) by extension 'ignore'
[0.225s] Level 1:colcon.colcon_core.package_identification:_identify(scripts) by extension 'ignore_ament_install'
[0.225s] Level 1:colcon.colcon_core.package_identification:_identify(scripts) by extensions ['colcon_pkg']
[0.225s] Level 1:colcon.colcon_core.package_identification:_identify(scripts) by extension 'colcon_pkg'
[0.225s] Level 1:colcon.colcon_core.package_identification:_identify(scripts) by extensions ['colcon_meta']
[0.225s] Level 1:colcon.colcon_core.package_identification:_identify(scripts) by extension 'colcon_meta'
[0.225s] Level 1:colcon.colcon_core.package_identification:_identify(scripts) by extensions ['ros']
[0.225s] Level 1:colcon.colcon_core.package_identification:_identify(scripts) by extension 'ros'
[0.225s] Level 1:colcon.colcon_core.package_identification:_identify(scripts) by extensions ['cmake', 'python']
[0.225s] Level 1:colcon.colcon_core.package_identification:_identify(scripts) by extension 'cmake'
[0.225s] Level 1:colcon.colcon_core.package_identification:_identify(scripts) by extension 'python'
[0.225s] Level 1:colcon.colcon_core.package_identification:_identify(scripts) by extensions ['python_setup_py']
[0.225s] Level 1:colcon.colcon_core.package_identification:_identify(scripts) by extension 'python_setup_py'
[0.225s] Level 1:colcon.colcon_core.package_identification:_identify(src) by extensions ['ignore', 'ignore_ament_install']
[0.225s] Level 1:colcon.colcon_core.package_identification:_identify(src) by extension 'ignore'
[0.225s] Level 1:colcon.colcon_core.package_identification:_identify(src) by extension 'ignore_ament_install'
[0.225s] Level 1:colcon.colcon_core.package_identification:_identify(src) by extensions ['colcon_pkg']
[0.225s] Level 1:colcon.colcon_core.package_identification:_identify(src) by extension 'colcon_pkg'
[0.225s] Level 1:colcon.colcon_core.package_identification:_identify(src) by extensions ['colcon_meta']
[0.225s] Level 1:colcon.colcon_core.package_identification:_identify(src) by extension 'colcon_meta'
[0.225s] Level 1:colcon.colcon_core.package_identification:_identify(src) by extensions ['ros']
[0.225s] Level 1:colcon.colcon_core.package_identification:_identify(src) by extension 'ros'
[0.225s] Level 1:colcon.colcon_core.package_identification:_identify(src) by extensions ['cmake', 'python']
[0.225s] Level 1:colcon.colcon_core.package_identification:_identify(src) by extension 'cmake'
[0.225s] Level 1:colcon.colcon_core.package_identification:_identify(src) by extension 'python'
[0.225s] Level 1:colcon.colcon_core.package_identification:_identify(src) by extensions ['python_setup_py']
[0.225s] Level 1:colcon.colcon_core.package_identification:_identify(src) by extension 'python_setup_py'
[0.225s] Level 1:colcon.colcon_core.package_identification:_identify(src/custom_byteblock) by extensions ['ignore', 'ignore_ament_install']
[0.226s] Level 1:colcon.colcon_core.package_identification:_identify(src/custom_byteblock) by extension 'ignore'
[0.226s] Level 1:colcon.colcon_core.package_identification:_identify(src/custom_byteblock) by extension 'ignore_ament_install'
[0.226s] Level 1:colcon.colcon_core.package_identification:_identify(src/custom_byteblock) by extensions ['colcon_pkg']
[0.226s] Level 1:colcon.colcon_core.package_identification:_identify(src/custom_byteblock) by extension 'colcon_pkg'
[0.226s] Level 1:colcon.colcon_core.package_identification:_identify(src/custom_byteblock) by extensions ['colcon_meta']
[0.226s] Level 1:colcon.colcon_core.package_identification:_identify(src/custom_byteblock) by extension 'colcon_meta'
[0.226s] Level 1:colcon.colcon_core.package_identification:_identify(src/custom_byteblock) by extensions ['ros']
[0.226s] Level 1:colcon.colcon_core.package_identification:_identify(src/custom_byteblock) by extension 'ros'
[0.228s] DEBUG:colcon.colcon_core.package_identification:Package 'src/custom_byteblock' with type 'ros.catkin' and name 'custom_byteblock'
[0.228s] Level 1:colcon.colcon_core.package_identification:_identify(src/mqtt_bridge) by extensions ['ignore', 'ignore_ament_install']
[0.228s] Level 1:colcon.colcon_core.package_identification:_identify(src/mqtt_bridge) by extension 'ignore'
[0.228s] Level 1:colcon.colcon_core.package_identification:_identify(src/mqtt_bridge) by extension 'ignore_ament_install'
[0.228s] Level 1:colcon.colcon_core.package_identification:_identify(src/mqtt_bridge) by extensions ['colcon_pkg']
[0.228s] Level 1:colcon.colcon_core.package_identification:_identify(src/mqtt_bridge) by extension 'colcon_pkg'
[0.229s] Level 1:colcon.colcon_core.package_identification:_identify(src/mqtt_bridge) by extensions ['colcon_meta']
[0.229s] Level 1:colcon.colcon_core.package_identification:_identify(src/mqtt_bridge) by extension 'colcon_meta'
[0.229s] Level 1:colcon.colcon_core.package_identification:_identify(src/mqtt_bridge) by extensions ['ros']
[0.229s] Level 1:colcon.colcon_core.package_identification:_identify(src/mqtt_bridge) by extension 'ros'
[0.229s] DEBUG:colcon.colcon_core.package_identification:Package 'src/mqtt_bridge' with type 'ros.catkin' and name 'mqtt_bridge'
[0.229s] Level 1:colcon.colcon_core.package_identification:_identify(src/third_party_qmqtt) by extensions ['ignore', 'ignore_ament_install']
[0.229s] Level 1:colcon.colcon_core.package_identification:_identify(src/third_party_qmqtt) by extension 'ignore'
[0.229s] Level 1:colcon.colcon_core.package_identification:_identify(src/third_party_qmqtt) by extension 'ignore_ament_install'
[0.229s] Level 1:colcon.colcon_core.package_identification:_identify(src/third_party_qmqtt) by extensions ['colcon_pkg']
[0.229s] Level 1:colcon.colcon_core.package_identification:_identify(src/third_party_qmqtt) by extension 'colcon_pkg'
[0.229s] Level 1:colcon.colcon_core.package_identification:_identify(src/third_party_qmqtt) by extensions ['colcon_meta']
[0.229s] Level 1:colcon.colcon_core.package_identification:_identify(src/third_party_qmqtt) by extension 'colcon_meta'
[0.230s] Level 1:colcon.colcon_core.package_identification:_identify(src/third_party_qmqtt) by extensions ['ros']
[0.230s] Level 1:colcon.colcon_core.package_identification:_identify(src/third_party_qmqtt) by extension 'ros'
[0.230s] Level 1:colcon.colcon_core.package_identification:_identify(src/third_party_qmqtt) by extensions ['cmake', 'python']
[0.230s] Level 1:colcon.colcon_core.package_identification:_identify(src/third_party_qmqtt) by extension 'cmake'
[0.230s] Level 1:colcon.colcon_core.package_identification:_identify(src/third_party_qmqtt) by extension 'python'
[0.230s] Level 1:colcon.colcon_core.package_identification:_identify(src/third_party_qmqtt) by extensions ['python_setup_py']
[0.230s] Level 1:colcon.colcon_core.package_identification:_identify(src/third_party_qmqtt) by extension 'python_setup_py'
[0.230s] Level 1:colcon.colcon_core.package_identification:_identify(src/third_party_qmqtt/bin) by extensions ['ignore', 'ignore_ament_install']
[0.230s] Level 1:colcon.colcon_core.package_identification:_identify(src/third_party_qmqtt/bin) by extension 'ignore'
[0.230s] Level 1:colcon.colcon_core.package_identification:_identify(src/third_party_qmqtt/bin) by extension 'ignore_ament_install'
[0.230s] Level 1:colcon.colcon_core.package_identification:_identify(src/third_party_qmqtt/bin) by extensions ['colcon_pkg']
[0.230s] Level 1:colcon.colcon_core.package_identification:_identify(src/third_party_qmqtt/bin) by extension 'colcon_pkg'
[0.230s] Level 1:colcon.colcon_core.package_identification:_identify(src/third_party_qmqtt/bin) by extensions ['colcon_meta']
[0.230s] Level 1:colcon.colcon_core.package_identification:_identify(src/third_party_qmqtt/bin) by extension 'colcon_meta'
[0.230s] Level 1:colcon.colcon_core.package_identification:_identify(src/third_party_qmqtt/bin) by extensions ['ros']
[0.230s] Level 1:colcon.colcon_core.package_identification:_identify(src/third_party_qmqtt/bin) by extension 'ros'
[0.230s] Level 1:colcon.colcon_core.package_identification:_identify(src/third_party_qmqtt/bin) by extensions ['cmake', 'python']
[0.230s] Level 1:colcon.colcon_core.package_identification:_identify(src/third_party_qmqtt/bin) by extension 'cmake'
[0.230s] Level 1:colcon.colcon_core.package_identification:_identify(src/third_party_qmqtt/bin) by extension 'python'
[0.230s] Level 1:colcon.colcon_core.package_identification:_identify(src/third_party_qmqtt/bin) by extensions ['python_setup_py']
[0.230s] Level 1:colcon.colcon_core.package_identification:_identify(src/third_party_qmqtt/bin) by extension 'python_setup_py'
[0.230s] Level 1:colcon.colcon_core.package_identification:_identify(src/third_party_qmqtt/lib) by extensions ['ignore', 'ignore_ament_install']
[0.230s] Level 1:colcon.colcon_core.package_identification:_identify(src/third_party_qmqtt/lib) by extension 'ignore'
[0.230s] Level 1:colcon.colcon_core.package_identification:_identify(src/third_party_qmqtt/lib) by extension 'ignore_ament_install'
[0.230s] Level 1:colcon.colcon_core.package_identification:_identify(src/third_party_qmqtt/lib) by extensions ['colcon_pkg']
[0.230s] Level 1:colcon.colcon_core.package_identification:_identify(src/third_party_qmqtt/lib) by extension 'colcon_pkg'
[0.230s] Level 1:colcon.colcon_core.package_identification:_identify(src/third_party_qmqtt/lib) by extensions ['colcon_meta']
[0.230s] Level 1:colcon.colcon_core.package_identification:_identify(src/third_party_qmqtt/lib) by extension 'colcon_meta'
[0.230s] Level 1:colcon.colcon_core.package_identification:_identify(src/third_party_qmqtt/lib) by extensions ['ros']
[0.230s] Level 1:colcon.colcon_core.package_identification:_identify(src/third_party_qmqtt/lib) by extension 'ros'
[0.231s] Level 1:colcon.colcon_core.package_identification:_identify(src/third_party_qmqtt/lib) by extensions ['cmake', 'python']
[0.231s] Level 1:colcon.colcon_core.package_identification:_identify(src/third_party_qmqtt/lib) by extension 'cmake'
[0.231s] Level 1:colcon.colcon_core.package_identification:_identify(src/third_party_qmqtt/lib) by extension 'python'
[0.231s] Level 1:colcon.colcon_core.package_identification:_identify(src/third_party_qmqtt/lib) by extensions ['python_setup_py']
[0.231s] Level 1:colcon.colcon_core.package_identification:_identify(src/third_party_qmqtt/lib) by extension 'python_setup_py'
[0.231s] Level 1:colcon.colcon_core.package_identification:_identify(src/third_party_qmqtt/qmqtt) by extensions ['ignore', 'ignore_ament_install']
[0.231s] Level 1:colcon.colcon_core.package_identification:_identify(src/third_party_qmqtt/qmqtt) by extension 'ignore'
[0.231s] Level 1:colcon.colcon_core.package_identification:_identify(src/third_party_qmqtt/qmqtt) by extension 'ignore_ament_install'
[0.231s] Level 1:colcon.colcon_core.package_identification:_identify(src/third_party_qmqtt/qmqtt) by extensions ['colcon_pkg']
[0.231s] Level 1:colcon.colcon_core.package_identification:_identify(src/third_party_qmqtt/qmqtt) by extension 'colcon_pkg'
[0.231s] Level 1:colcon.colcon_core.package_identification:_identify(src/third_party_qmqtt/qmqtt) by extensions ['colcon_meta']
[0.231s] Level 1:colcon.colcon_core.package_identification:_identify(src/third_party_qmqtt/qmqtt) by extension 'colcon_meta'
[0.231s] Level 1:colcon.colcon_core.package_identification:_identify(src/third_party_qmqtt/qmqtt) by extensions ['ros']
[0.231s] Level 1:colcon.colcon_core.package_identification:_identify(src/third_party_qmqtt/qmqtt) by extension 'ros'
[0.231s] Level 1:colcon.colcon_core.package_identification:_identify(src/third_party_qmqtt/qmqtt) by extensions ['cmake', 'python']
[0.231s] Level 1:colcon.colcon_core.package_identification:_identify(src/third_party_qmqtt/qmqtt) by extension 'cmake'
[0.237s] Level 1:colcon.colcon_core.package_identification:_identify(src/third_party_qmqtt/qmqtt) by extension 'python'
[0.237s] DEBUG:colcon.colcon_core.package_identification:Package 'src/third_party_qmqtt/qmqtt' with type 'cmake' and name 'qmqtt'
[0.237s] Level 1:colcon.colcon_core.package_identification:_identify(src/video_decode) by extensions ['ignore', 'ignore_ament_install']
[0.237s] Level 1:colcon.colcon_core.package_identification:_identify(src/video_decode) by extension 'ignore'
[0.237s] Level 1:colcon.colcon_core.package_identification:_identify(src/video_decode) by extension 'ignore_ament_install'
[0.237s] Level 1:colcon.colcon_core.package_identification:_identify(src/video_decode) by extensions ['colcon_pkg']
[0.237s] Level 1:colcon.colcon_core.package_identification:_identify(src/video_decode) by extension 'colcon_pkg'
[0.237s] Level 1:colcon.colcon_core.package_identification:_identify(src/video_decode) by extensions ['colcon_meta']
[0.237s] Level 1:colcon.colcon_core.package_identification:_identify(src/video_decode) by extension 'colcon_meta'
[0.237s] Level 1:colcon.colcon_core.package_identification:_identify(src/video_decode) by extensions ['ros']
[0.237s] Level 1:colcon.colcon_core.package_identification:_identify(src/video_decode) by extension 'ros'
[0.238s] DEBUG:colcon.colcon_core.package_identification:Package 'src/video_decode' with type 'ros.catkin' and name 'video_decode'
[0.238s] Level 1:colcon.colcon_core.package_identification:_identify(src/video_ingest) by extensions ['ignore', 'ignore_ament_install']
[0.238s] Level 1:colcon.colcon_core.package_identification:_identify(src/video_ingest) by extension 'ignore'
[0.239s] Level 1:colcon.colcon_core.package_identification:_identify(src/video_ingest) by extension 'ignore_ament_install'
[0.239s] Level 1:colcon.colcon_core.package_identification:_identify(src/video_ingest) by extensions ['colcon_pkg']
[0.239s] Level 1:colcon.colcon_core.package_identification:_identify(src/video_ingest) by extension 'colcon_pkg'
[0.239s] Level 1:colcon.colcon_core.package_identification:_identify(src/video_ingest) by extensions ['colcon_meta']
[0.239s] Level 1:colcon.colcon_core.package_identification:_identify(src/video_ingest) by extension 'colcon_meta'
[0.239s] Level 1:colcon.colcon_core.package_identification:_identify(src/video_ingest) by extensions ['ros']
[0.239s] Level 1:colcon.colcon_core.package_identification:_identify(src/video_ingest) by extension 'ros'
[0.239s] DEBUG:colcon.colcon_core.package_identification:Package 'src/video_ingest' with type 'ros.catkin' and name 'video_ingest'
[0.240s] Level 1:colcon.colcon_core.package_identification:_identify(src/video_interfaces) by extensions ['ignore', 'ignore_ament_install']
[0.240s] Level 1:colcon.colcon_core.package_identification:_identify(src/video_interfaces) by extension 'ignore'
[0.240s] Level 1:colcon.colcon_core.package_identification:_identify(src/video_interfaces) by extension 'ignore_ament_install'
[0.240s] Level 1:colcon.colcon_core.package_identification:_identify(src/video_interfaces) by extensions ['colcon_pkg']
[0.240s] Level 1:colcon.colcon_core.package_identification:_identify(src/video_interfaces) by extension 'colcon_pkg'
[0.240s] Level 1:colcon.colcon_core.package_identification:_identify(src/video_interfaces) by extensions ['colcon_meta']
[0.240s] Level 1:colcon.colcon_core.package_identification:_identify(src/video_interfaces) by extension 'colcon_meta'
[0.240s] Level 1:colcon.colcon_core.package_identification:_identify(src/video_interfaces) by extensions ['ros']
[0.240s] Level 1:colcon.colcon_core.package_identification:_identify(src/video_interfaces) by extension 'ros'
[0.241s] DEBUG:colcon.colcon_core.package_identification:Package 'src/video_interfaces' with type 'ros.catkin' and name 'video_interfaces'
[0.241s] Level 1:colcon.colcon_core.package_identification:_identify(src/video_viewer_qt) by extensions ['ignore', 'ignore_ament_install']
[0.241s] Level 1:colcon.colcon_core.package_identification:_identify(src/video_viewer_qt) by extension 'ignore'
[0.241s] Level 1:colcon.colcon_core.package_identification:_identify(src/video_viewer_qt) by extension 'ignore_ament_install'
[0.241s] Level 1:colcon.colcon_core.package_identification:_identify(src/video_viewer_qt) by extensions ['colcon_pkg']
[0.241s] Level 1:colcon.colcon_core.package_identification:_identify(src/video_viewer_qt) by extension 'colcon_pkg'
[0.241s] Level 1:colcon.colcon_core.package_identification:_identify(src/video_viewer_qt) by extensions ['colcon_meta']
[0.241s] Level 1:colcon.colcon_core.package_identification:_identify(src/video_viewer_qt) by extension 'colcon_meta'
[0.241s] Level 1:colcon.colcon_core.package_identification:_identify(src/video_viewer_qt) by extensions ['ros']
[0.241s] Level 1:colcon.colcon_core.package_identification:_identify(src/video_viewer_qt) by extension 'ros'
[0.241s] DEBUG:colcon.colcon_core.package_identification:Package 'src/video_viewer_qt' with type 'ros.catkin' and name 'video_viewer_qt'
[0.242s] Level 1:colcon.colcon_core.package_discovery:discover_packages(recursive) using defaults
[0.242s] Level 1:colcon.colcon_core.package_discovery:discover_packages(ignore) discover
[0.242s] Level 1:colcon.colcon_core.package_discovery:discover_packages(ignore) using defaults
[0.242s] Level 1:colcon.colcon_core.package_discovery:discover_packages(path) discover
[0.242s] Level 1:colcon.colcon_core.package_discovery:discover_packages(path) using defaults
[0.261s] INFO:colcon.colcon_core.package_selection:Skipping not selected package 'qmqtt' in 'src/third_party_qmqtt/qmqtt'
[0.261s] INFO:colcon.colcon_core.package_selection:Skipping not selected package 'custom_byteblock' in 'src/custom_byteblock'
[0.261s] INFO:colcon.colcon_core.package_selection:Skipping not selected package 'video_decode' in 'src/video_decode'
[0.261s] INFO:colcon.colcon_core.package_selection:Skipping not selected package 'video_ingest' in 'src/video_ingest'
[0.262s] Level 1:colcon.colcon_core.package_discovery:discover_packages(prefix_path) check parameters
[0.262s] Level 1:colcon.colcon_core.package_discovery:discover_packages(prefix_path) discover
[0.264s] DEBUG:colcon.colcon_installed_package_information.package_discovery:Found 273 installed packages in /opt/ros/humble
[0.266s] Level 1:colcon.colcon_core.package_discovery:discover_packages(prefix_path) using defaults
[0.303s] Level 5:colcon.colcon_core.verb:set package 'video_interfaces' build argument 'cmake_args' from command line to 'None'
[0.303s] Level 5:colcon.colcon_core.verb:set package 'video_interfaces' build argument 'cmake_target' from command line to 'None'
[0.303s] Level 5:colcon.colcon_core.verb:set package 'video_interfaces' build argument 'cmake_target_skip_unavailable' from command line to 'False'
[0.303s] Level 5:colcon.colcon_core.verb:set package 'video_interfaces' build argument 'cmake_clean_cache' from command line to 'False'
[0.303s] Level 5:colcon.colcon_core.verb:set package 'video_interfaces' build argument 'cmake_clean_first' from command line to 'False'
[0.303s] Level 5:colcon.colcon_core.verb:set package 'video_interfaces' build argument 'cmake_force_configure' from command line to 'False'
[0.303s] Level 5:colcon.colcon_core.verb:set package 'video_interfaces' build argument 'ament_cmake_args' from command line to 'None'
[0.303s] Level 5:colcon.colcon_core.verb:set package 'video_interfaces' build argument 'catkin_cmake_args' from command line to 'None'
[0.303s] Level 5:colcon.colcon_core.verb:set package 'video_interfaces' build argument 'catkin_skip_building_tests' from command line to 'False'
[0.303s] DEBUG:colcon.colcon_core.verb:Building package 'video_interfaces' with the following arguments: {'ament_cmake_args': None, 'build_base': '/home/arty/Documents/video_ros2/build/video_interfaces', 'catkin_cmake_args': None, 'catkin_skip_building_tests': False, 'cmake_args': None, 'cmake_clean_cache': False, 'cmake_clean_first': False, 'cmake_force_configure': False, 'cmake_target': None, 'cmake_target_skip_unavailable': False, 'install_base': '/home/arty/Documents/video_ros2/install', 'merge_install': True, 'path': '/home/arty/Documents/video_ros2/src/video_interfaces', 'symlink_install': False, 'test_result_base': None}
[0.303s] Level 5:colcon.colcon_core.verb:set package 'mqtt_bridge' build argument 'cmake_args' from command line to 'None'
[0.303s] Level 5:colcon.colcon_core.verb:set package 'mqtt_bridge' build argument 'cmake_target' from command line to 'None'
[0.303s] Level 5:colcon.colcon_core.verb:set package 'mqtt_bridge' build argument 'cmake_target_skip_unavailable' from command line to 'False'
[0.303s] Level 5:colcon.colcon_core.verb:set package 'mqtt_bridge' build argument 'cmake_clean_cache' from command line to 'False'
[0.303s] Level 5:colcon.colcon_core.verb:set package 'mqtt_bridge' build argument 'cmake_clean_first' from command line to 'False'
[0.303s] Level 5:colcon.colcon_core.verb:set package 'mqtt_bridge' build argument 'cmake_force_configure' from command line to 'False'
[0.303s] Level 5:colcon.colcon_core.verb:set package 'mqtt_bridge' build argument 'ament_cmake_args' from command line to 'None'
[0.303s] Level 5:colcon.colcon_core.verb:set package 'mqtt_bridge' build argument 'catkin_cmake_args' from command line to 'None'
[0.303s] Level 5:colcon.colcon_core.verb:set package 'mqtt_bridge' build argument 'catkin_skip_building_tests' from command line to 'False'
[0.303s] DEBUG:colcon.colcon_core.verb:Building package 'mqtt_bridge' with the following arguments: {'ament_cmake_args': None, 'build_base': '/home/arty/Documents/video_ros2/build/mqtt_bridge', 'catkin_cmake_args': None, 'catkin_skip_building_tests': False, 'cmake_args': None, 'cmake_clean_cache': False, 'cmake_clean_first': False, 'cmake_force_configure': False, 'cmake_target': None, 'cmake_target_skip_unavailable': False, 'install_base': '/home/arty/Documents/video_ros2/install', 'merge_install': True, 'path': '/home/arty/Documents/video_ros2/src/mqtt_bridge', 'symlink_install': False, 'test_result_base': None}
[0.304s] Level 5:colcon.colcon_core.verb:set package 'video_viewer_qt' build argument 'cmake_args' from command line to 'None'
[0.304s] Level 5:colcon.colcon_core.verb:set package 'video_viewer_qt' build argument 'cmake_target' from command line to 'None'
[0.304s] Level 5:colcon.colcon_core.verb:set package 'video_viewer_qt' build argument 'cmake_target_skip_unavailable' from command line to 'False'
[0.304s] Level 5:colcon.colcon_core.verb:set package 'video_viewer_qt' build argument 'cmake_clean_cache' from command line to 'False'
[0.304s] Level 5:colcon.colcon_core.verb:set package 'video_viewer_qt' build argument 'cmake_clean_first' from command line to 'False'
[0.304s] Level 5:colcon.colcon_core.verb:set package 'video_viewer_qt' build argument 'cmake_force_configure' from command line to 'False'
[0.304s] Level 5:colcon.colcon_core.verb:set package 'video_viewer_qt' build argument 'ament_cmake_args' from command line to 'None'
[0.304s] Level 5:colcon.colcon_core.verb:set package 'video_viewer_qt' build argument 'catkin_cmake_args' from command line to 'None'
[0.304s] Level 5:colcon.colcon_core.verb:set package 'video_viewer_qt' build argument 'catkin_skip_building_tests' from command line to 'False'
[0.304s] DEBUG:colcon.colcon_core.verb:Building package 'video_viewer_qt' with the following arguments: {'ament_cmake_args': None, 'build_base': '/home/arty/Documents/video_ros2/build/video_viewer_qt', 'catkin_cmake_args': None, 'catkin_skip_building_tests': False, 'cmake_args': None, 'cmake_clean_cache': False, 'cmake_clean_first': False, 'cmake_force_configure': False, 'cmake_target': None, 'cmake_target_skip_unavailable': False, 'install_base': '/home/arty/Documents/video_ros2/install', 'merge_install': True, 'path': '/home/arty/Documents/video_ros2/src/video_viewer_qt', 'symlink_install': False, 'test_result_base': None}
[0.304s] INFO:colcon.colcon_core.executor:Executing jobs using 'parallel' executor
[0.305s] DEBUG:colcon.colcon_parallel_executor.executor.parallel:run_until_complete
[0.305s] INFO:colcon.colcon_ros.task.catkin.build:Building ROS package in '/home/arty/Documents/video_ros2/src/video_interfaces' with build type 'catkin'
[0.305s] INFO:colcon.colcon_cmake.task.cmake.build:Building CMake package in '/home/arty/Documents/video_ros2/src/video_interfaces'
[0.307s] INFO:colcon.colcon_core.plugin_system:Skipping extension 'colcon_core.shell.bat': Not used on non-Windows systems
[0.307s] INFO:colcon.colcon_core.shell:Skip shell extension 'powershell' for command environment: Not usable outside of PowerShell
[0.307s] DEBUG:colcon.colcon_core.shell:Skip shell extension 'dsv' for command environment
[0.314s] DEBUG:colcon.colcon_core.event_handler.log_command:Invoking command in '/home/arty/Documents/video_ros2/build/video_interfaces': /usr/bin/cmake /home/arty/Documents/video_ros2/src/video_interfaces -DCATKIN_INSTALL_INTO_PREFIX_ROOT=0 -DCMAKE_INSTALL_PREFIX=/home/arty/Documents/video_ros2/install
[1.461s] DEBUG:colcon.colcon_core.event_handler.log_command:Invoked command in '/home/arty/Documents/video_ros2/build/video_interfaces' returned '0': /usr/bin/cmake /home/arty/Documents/video_ros2/src/video_interfaces -DCATKIN_INSTALL_INTO_PREFIX_ROOT=0 -DCMAKE_INSTALL_PREFIX=/home/arty/Documents/video_ros2/install
[1.464s] DEBUG:colcon.colcon_core.event_handler.log_command:Invoking command in '/home/arty/Documents/video_ros2/build/video_interfaces': /usr/bin/cmake --build /home/arty/Documents/video_ros2/build/video_interfaces -- -j16 -l16
[5.513s] DEBUG:colcon.colcon_core.event_handler.log_command:Invoked command in '/home/arty/Documents/video_ros2/build/video_interfaces' returned '0': /usr/bin/cmake --build /home/arty/Documents/video_ros2/build/video_interfaces -- -j16 -l16
[5.544s] DEBUG:colcon.colcon_core.event_handler.log_command:Invoking command in '/home/arty/Documents/video_ros2/build/video_interfaces': /usr/bin/cmake --install /home/arty/Documents/video_ros2/build/video_interfaces
[5.748s] DEBUG:colcon.colcon_core.event_handler.log_command:Invoked command in '/home/arty/Documents/video_ros2/build/video_interfaces' returned '0': /usr/bin/cmake --install /home/arty/Documents/video_ros2/build/video_interfaces
[5.748s] Level 1:colcon.colcon_core.shell:create_environment_hook('video_interfaces', 'ros_package_path')
[5.749s] INFO:colcon.colcon_core.shell:Creating environment hook '/home/arty/Documents/video_ros2/install/share/video_interfaces/hook/ros_package_path.ps1'
[5.752s] INFO:colcon.colcon_core.shell:Creating environment descriptor '/home/arty/Documents/video_ros2/install/share/video_interfaces/hook/ros_package_path.dsv'
[5.754s] INFO:colcon.colcon_core.shell:Creating environment hook '/home/arty/Documents/video_ros2/install/share/video_interfaces/hook/ros_package_path.sh'
[5.755s] Level 1:colcon.colcon_ros.task.catkin:checking '/home/arty/Documents/video_ros2/install/local/lib/python3.10/dist-packages'
[5.755s] Level 1:colcon.colcon_core.shell:create_environment_hook('video_interfaces', 'catkin_pythonpath')
[5.756s] INFO:colcon.colcon_core.shell:Creating environment hook '/home/arty/Documents/video_ros2/install/share/video_interfaces/hook/catkin_pythonpath.ps1'
[5.757s] INFO:colcon.colcon_core.shell:Creating environment descriptor '/home/arty/Documents/video_ros2/install/share/video_interfaces/hook/catkin_pythonpath.dsv'
[5.759s] INFO:colcon.colcon_core.shell:Creating environment hook '/home/arty/Documents/video_ros2/install/share/video_interfaces/hook/catkin_pythonpath.sh'
[5.759s] Level 1:colcon.colcon_core.shell:create_environment_hook('video_interfaces', 'pkg_config_path')
[5.760s] INFO:colcon.colcon_core.shell:Creating environment hook '/home/arty/Documents/video_ros2/install/share/video_interfaces/hook/pkg_config_path.ps1'
[5.761s] INFO:colcon.colcon_core.shell:Creating environment descriptor '/home/arty/Documents/video_ros2/install/share/video_interfaces/hook/pkg_config_path.dsv'
[5.761s] INFO:colcon.colcon_core.shell:Creating environment hook '/home/arty/Documents/video_ros2/install/share/video_interfaces/hook/pkg_config_path.sh'
[5.765s] Level 1:colcon.colcon_core.shell:create_environment_hook('video_interfaces', 'pkg_config_path_multiarch')
[5.766s] INFO:colcon.colcon_core.shell:Creating environment hook '/home/arty/Documents/video_ros2/install/share/video_interfaces/hook/pkg_config_path_multiarch.ps1'
[5.769s] INFO:colcon.colcon_core.shell:Creating environment descriptor '/home/arty/Documents/video_ros2/install/share/video_interfaces/hook/pkg_config_path_multiarch.dsv'
[5.769s] INFO:colcon.colcon_core.shell:Creating environment hook '/home/arty/Documents/video_ros2/install/share/video_interfaces/hook/pkg_config_path_multiarch.sh'
[5.771s] Level 1:colcon.colcon_core.environment:create_environment_scripts_only(video_interfaces)
[5.772s] Level 1:colcon.colcon_core.environment:checking '/home/arty/Documents/video_ros2/install' for CMake module files
[5.773s] Level 1:colcon.colcon_core.environment:checking '/home/arty/Documents/video_ros2/install' for CMake config files
[5.773s] Level 1:colcon.colcon_core.shell:create_environment_hook('video_interfaces', 'cmake_prefix_path')
[5.773s] INFO:colcon.colcon_core.shell:Creating environment hook '/home/arty/Documents/video_ros2/install/share/video_interfaces/hook/cmake_prefix_path.ps1'
[5.774s] INFO:colcon.colcon_core.shell:Creating environment descriptor '/home/arty/Documents/video_ros2/install/share/video_interfaces/hook/cmake_prefix_path.dsv'
[5.774s] INFO:colcon.colcon_core.shell:Creating environment hook '/home/arty/Documents/video_ros2/install/share/video_interfaces/hook/cmake_prefix_path.sh'
[5.774s] Level 1:colcon.colcon_core.environment:checking '/home/arty/Documents/video_ros2/install/lib'
[5.775s] Level 1:colcon.colcon_core.shell:create_environment_hook('video_interfaces', 'ld_library_path_lib')
[5.775s] INFO:colcon.colcon_core.shell:Creating environment hook '/home/arty/Documents/video_ros2/install/share/video_interfaces/hook/ld_library_path_lib.ps1'
[5.775s] INFO:colcon.colcon_core.shell:Creating environment descriptor '/home/arty/Documents/video_ros2/install/share/video_interfaces/hook/ld_library_path_lib.dsv'
[5.775s] INFO:colcon.colcon_core.shell:Creating environment hook '/home/arty/Documents/video_ros2/install/share/video_interfaces/hook/ld_library_path_lib.sh'
[5.775s] Level 1:colcon.colcon_core.environment:checking '/home/arty/Documents/video_ros2/install/bin'
[5.775s] Level 1:colcon.colcon_core.environment:checking '/home/arty/Documents/video_ros2/install/lib/pkgconfig/video_interfaces.pc'
[5.776s] Level 1:colcon.colcon_core.environment:checking '/home/arty/Documents/video_ros2/install/lib/python3.10/site-packages'
[5.776s] Level 1:colcon.colcon_core.environment:checking '/home/arty/Documents/video_ros2/install/bin'
[5.776s] INFO:colcon.colcon_core.shell:Creating package script '/home/arty/Documents/video_ros2/install/share/video_interfaces/package.ps1'
[5.778s] INFO:colcon.colcon_core.shell:Creating package descriptor '/home/arty/Documents/video_ros2/install/share/video_interfaces/package.dsv'
[5.778s] INFO:colcon.colcon_core.shell:Creating package script '/home/arty/Documents/video_ros2/install/share/video_interfaces/package.sh'
[5.780s] INFO:colcon.colcon_core.shell:Creating package script '/home/arty/Documents/video_ros2/install/share/video_interfaces/package.bash'
[5.781s] INFO:colcon.colcon_core.shell:Creating package script '/home/arty/Documents/video_ros2/install/share/video_interfaces/package.zsh'
[5.782s] Level 1:colcon.colcon_core.environment:create_file_with_runtime_dependencies(/home/arty/Documents/video_ros2/install/share/colcon-core/packages/video_interfaces)
[5.783s] INFO:colcon.colcon_ros.task.catkin.build:Building ROS package in '/home/arty/Documents/video_ros2/src/mqtt_bridge' with build type 'catkin'
[5.784s] INFO:colcon.colcon_cmake.task.cmake.build:Building CMake package in '/home/arty/Documents/video_ros2/src/mqtt_bridge'
[5.785s] INFO:colcon.colcon_core.shell:Skip shell extension 'powershell' for command environment: Not usable outside of PowerShell
[5.785s] DEBUG:colcon.colcon_core.shell:Skip shell extension 'dsv' for command environment
[5.799s] INFO:colcon.colcon_ros.task.catkin.build:Building ROS package in '/home/arty/Documents/video_ros2/src/video_viewer_qt' with build type 'catkin'
[5.799s] INFO:colcon.colcon_cmake.task.cmake.build:Building CMake package in '/home/arty/Documents/video_ros2/src/video_viewer_qt'
[5.800s] INFO:colcon.colcon_core.shell:Skip shell extension 'powershell' for command environment: Not usable outside of PowerShell
[5.801s] DEBUG:colcon.colcon_core.shell:Skip shell extension 'dsv' for command environment
[5.823s] DEBUG:colcon.colcon_core.event_handler.log_command:Invoking command in '/home/arty/Documents/video_ros2/build/mqtt_bridge': CMAKE_PREFIX_PATH=/home/arty/Documents/video_ros2/install LD_LIBRARY_PATH=/home/arty/Documents/video_ros2/install/lib:${LD_LIBRARY_PATH} PKG_CONFIG_PATH=/home/arty/Documents/video_ros2/install/lib/x86_64-linux-gnu/pkgconfig:/home/arty/Documents/video_ros2/install/lib/pkgconfig PYTHONPATH=/home/arty/Documents/video_ros2/install/local/lib/python3.10/dist-packages:${PYTHONPATH} ROS_PACKAGE_PATH=/home/arty/Documents/video_ros2/install/share /usr/bin/cmake /home/arty/Documents/video_ros2/src/mqtt_bridge -DCATKIN_INSTALL_INTO_PREFIX_ROOT=0 -DCMAKE_INSTALL_PREFIX=/home/arty/Documents/video_ros2/install
[5.833s] DEBUG:colcon.colcon_core.event_handler.log_command:Invoking command in '/home/arty/Documents/video_ros2/build/video_viewer_qt': CMAKE_PREFIX_PATH=/home/arty/Documents/video_ros2/install LD_LIBRARY_PATH=/home/arty/Documents/video_ros2/install/lib:${LD_LIBRARY_PATH} PKG_CONFIG_PATH=/home/arty/Documents/video_ros2/install/lib/x86_64-linux-gnu/pkgconfig:/home/arty/Documents/video_ros2/install/lib/pkgconfig PYTHONPATH=/home/arty/Documents/video_ros2/install/local/lib/python3.10/dist-packages:${PYTHONPATH} ROS_PACKAGE_PATH=/home/arty/Documents/video_ros2/install/share /usr/bin/cmake /home/arty/Documents/video_ros2/src/video_viewer_qt -DCATKIN_INSTALL_INTO_PREFIX_ROOT=0 -DCMAKE_INSTALL_PREFIX=/home/arty/Documents/video_ros2/install
[7.119s] DEBUG:colcon.colcon_core.event_handler.log_command:Invoked command in '/home/arty/Documents/video_ros2/build/mqtt_bridge' returned '0': CMAKE_PREFIX_PATH=/home/arty/Documents/video_ros2/install LD_LIBRARY_PATH=/home/arty/Documents/video_ros2/install/lib:${LD_LIBRARY_PATH} PKG_CONFIG_PATH=/home/arty/Documents/video_ros2/install/lib/x86_64-linux-gnu/pkgconfig:/home/arty/Documents/video_ros2/install/lib/pkgconfig PYTHONPATH=/home/arty/Documents/video_ros2/install/local/lib/python3.10/dist-packages:${PYTHONPATH} ROS_PACKAGE_PATH=/home/arty/Documents/video_ros2/install/share /usr/bin/cmake /home/arty/Documents/video_ros2/src/mqtt_bridge -DCATKIN_INSTALL_INTO_PREFIX_ROOT=0 -DCMAKE_INSTALL_PREFIX=/home/arty/Documents/video_ros2/install
[7.123s] DEBUG:colcon.colcon_core.event_handler.log_command:Invoking command in '/home/arty/Documents/video_ros2/build/mqtt_bridge': CMAKE_PREFIX_PATH=/home/arty/Documents/video_ros2/install LD_LIBRARY_PATH=/home/arty/Documents/video_ros2/install/lib:${LD_LIBRARY_PATH} PKG_CONFIG_PATH=/home/arty/Documents/video_ros2/install/lib/x86_64-linux-gnu/pkgconfig:/home/arty/Documents/video_ros2/install/lib/pkgconfig PYTHONPATH=/home/arty/Documents/video_ros2/install/local/lib/python3.10/dist-packages:${PYTHONPATH} ROS_PACKAGE_PATH=/home/arty/Documents/video_ros2/install/share /usr/bin/cmake --build /home/arty/Documents/video_ros2/build/mqtt_bridge -- -j16 -l16
[7.202s] DEBUG:colcon.colcon_core.event_handler.log_command:Invoked command in '/home/arty/Documents/video_ros2/build/video_viewer_qt' returned '0': CMAKE_PREFIX_PATH=/home/arty/Documents/video_ros2/install LD_LIBRARY_PATH=/home/arty/Documents/video_ros2/install/lib:${LD_LIBRARY_PATH} PKG_CONFIG_PATH=/home/arty/Documents/video_ros2/install/lib/x86_64-linux-gnu/pkgconfig:/home/arty/Documents/video_ros2/install/lib/pkgconfig PYTHONPATH=/home/arty/Documents/video_ros2/install/local/lib/python3.10/dist-packages:${PYTHONPATH} ROS_PACKAGE_PATH=/home/arty/Documents/video_ros2/install/share /usr/bin/cmake /home/arty/Documents/video_ros2/src/video_viewer_qt -DCATKIN_INSTALL_INTO_PREFIX_ROOT=0 -DCMAKE_INSTALL_PREFIX=/home/arty/Documents/video_ros2/install
[7.207s] DEBUG:colcon.colcon_core.event_handler.log_command:Invoking command in '/home/arty/Documents/video_ros2/build/video_viewer_qt': CMAKE_PREFIX_PATH=/home/arty/Documents/video_ros2/install LD_LIBRARY_PATH=/home/arty/Documents/video_ros2/install/lib:${LD_LIBRARY_PATH} PKG_CONFIG_PATH=/home/arty/Documents/video_ros2/install/lib/x86_64-linux-gnu/pkgconfig:/home/arty/Documents/video_ros2/install/lib/pkgconfig PYTHONPATH=/home/arty/Documents/video_ros2/install/local/lib/python3.10/dist-packages:${PYTHONPATH} ROS_PACKAGE_PATH=/home/arty/Documents/video_ros2/install/share /usr/bin/cmake --build /home/arty/Documents/video_ros2/build/video_viewer_qt -- -j16 -l16
[25.550s] DEBUG:colcon.colcon_core.event_handler.log_command:Invoked command in '/home/arty/Documents/video_ros2/build/mqtt_bridge' returned '0': CMAKE_PREFIX_PATH=/home/arty/Documents/video_ros2/install LD_LIBRARY_PATH=/home/arty/Documents/video_ros2/install/lib:${LD_LIBRARY_PATH} PKG_CONFIG_PATH=/home/arty/Documents/video_ros2/install/lib/x86_64-linux-gnu/pkgconfig:/home/arty/Documents/video_ros2/install/lib/pkgconfig PYTHONPATH=/home/arty/Documents/video_ros2/install/local/lib/python3.10/dist-packages:${PYTHONPATH} ROS_PACKAGE_PATH=/home/arty/Documents/video_ros2/install/share /usr/bin/cmake --build /home/arty/Documents/video_ros2/build/mqtt_bridge -- -j16 -l16
[25.554s] DEBUG:colcon.colcon_core.event_handler.log_command:Invoking command in '/home/arty/Documents/video_ros2/build/mqtt_bridge': CMAKE_PREFIX_PATH=/home/arty/Documents/video_ros2/install LD_LIBRARY_PATH=/home/arty/Documents/video_ros2/install/lib:${LD_LIBRARY_PATH} PKG_CONFIG_PATH=/home/arty/Documents/video_ros2/install/lib/x86_64-linux-gnu/pkgconfig:/home/arty/Documents/video_ros2/install/lib/pkgconfig PYTHONPATH=/home/arty/Documents/video_ros2/install/local/lib/python3.10/dist-packages:${PYTHONPATH} ROS_PACKAGE_PATH=/home/arty/Documents/video_ros2/install/share /usr/bin/cmake --install /home/arty/Documents/video_ros2/build/mqtt_bridge
[25.585s] DEBUG:colcon.colcon_core.event_handler.log_command:Invoked command in '/home/arty/Documents/video_ros2/build/mqtt_bridge' returned '0': CMAKE_PREFIX_PATH=/home/arty/Documents/video_ros2/install LD_LIBRARY_PATH=/home/arty/Documents/video_ros2/install/lib:${LD_LIBRARY_PATH} PKG_CONFIG_PATH=/home/arty/Documents/video_ros2/install/lib/x86_64-linux-gnu/pkgconfig:/home/arty/Documents/video_ros2/install/lib/pkgconfig PYTHONPATH=/home/arty/Documents/video_ros2/install/local/lib/python3.10/dist-packages:${PYTHONPATH} ROS_PACKAGE_PATH=/home/arty/Documents/video_ros2/install/share /usr/bin/cmake --install /home/arty/Documents/video_ros2/build/mqtt_bridge
[25.586s] Level 1:colcon.colcon_core.shell:create_environment_hook('mqtt_bridge', 'ros_package_path')
[25.587s] INFO:colcon.colcon_core.shell:Creating environment hook '/home/arty/Documents/video_ros2/install/share/mqtt_bridge/hook/ros_package_path.ps1'
[25.588s] INFO:colcon.colcon_core.shell:Creating environment descriptor '/home/arty/Documents/video_ros2/install/share/mqtt_bridge/hook/ros_package_path.dsv'
[25.589s] INFO:colcon.colcon_core.shell:Creating environment hook '/home/arty/Documents/video_ros2/install/share/mqtt_bridge/hook/ros_package_path.sh'
[25.590s] Level 1:colcon.colcon_core.shell:create_environment_hook('mqtt_bridge', 'pkg_config_path')
[25.590s] INFO:colcon.colcon_core.shell:Creating environment hook '/home/arty/Documents/video_ros2/install/share/mqtt_bridge/hook/pkg_config_path.ps1'
[25.591s] INFO:colcon.colcon_core.shell:Creating environment descriptor '/home/arty/Documents/video_ros2/install/share/mqtt_bridge/hook/pkg_config_path.dsv'
[25.591s] INFO:colcon.colcon_core.shell:Creating environment hook '/home/arty/Documents/video_ros2/install/share/mqtt_bridge/hook/pkg_config_path.sh'
[25.592s] Level 1:colcon.colcon_core.shell:create_environment_hook('mqtt_bridge', 'pkg_config_path_multiarch')
[25.592s] INFO:colcon.colcon_core.shell:Creating environment hook '/home/arty/Documents/video_ros2/install/share/mqtt_bridge/hook/pkg_config_path_multiarch.ps1'
[25.593s] INFO:colcon.colcon_core.shell:Creating environment descriptor '/home/arty/Documents/video_ros2/install/share/mqtt_bridge/hook/pkg_config_path_multiarch.dsv'
[25.593s] INFO:colcon.colcon_core.shell:Creating environment hook '/home/arty/Documents/video_ros2/install/share/mqtt_bridge/hook/pkg_config_path_multiarch.sh'
[25.594s] Level 1:colcon.colcon_core.environment:create_environment_scripts_only(mqtt_bridge)
[25.594s] Level 1:colcon.colcon_core.environment:checking '/home/arty/Documents/video_ros2/install' for CMake module files
[25.595s] Level 1:colcon.colcon_core.environment:checking '/home/arty/Documents/video_ros2/install' for CMake config files
[25.595s] Level 1:colcon.colcon_core.shell:create_environment_hook('mqtt_bridge', 'cmake_prefix_path')
[25.596s] INFO:colcon.colcon_core.shell:Creating environment hook '/home/arty/Documents/video_ros2/install/share/mqtt_bridge/hook/cmake_prefix_path.ps1'
[25.596s] INFO:colcon.colcon_core.shell:Creating environment descriptor '/home/arty/Documents/video_ros2/install/share/mqtt_bridge/hook/cmake_prefix_path.dsv'
[25.596s] INFO:colcon.colcon_core.shell:Creating environment hook '/home/arty/Documents/video_ros2/install/share/mqtt_bridge/hook/cmake_prefix_path.sh'
[25.597s] Level 1:colcon.colcon_core.environment:checking '/home/arty/Documents/video_ros2/install/lib'
[25.597s] Level 1:colcon.colcon_core.shell:create_environment_hook('mqtt_bridge', 'ld_library_path_lib')
[25.597s] INFO:colcon.colcon_core.shell:Creating environment hook '/home/arty/Documents/video_ros2/install/share/mqtt_bridge/hook/ld_library_path_lib.ps1'
[25.598s] INFO:colcon.colcon_core.shell:Creating environment descriptor '/home/arty/Documents/video_ros2/install/share/mqtt_bridge/hook/ld_library_path_lib.dsv'
[25.598s] INFO:colcon.colcon_core.shell:Creating environment hook '/home/arty/Documents/video_ros2/install/share/mqtt_bridge/hook/ld_library_path_lib.sh'
[25.599s] Level 1:colcon.colcon_core.environment:checking '/home/arty/Documents/video_ros2/install/bin'
[25.599s] Level 1:colcon.colcon_core.environment:checking '/home/arty/Documents/video_ros2/install/lib/pkgconfig/mqtt_bridge.pc'
[25.599s] Level 1:colcon.colcon_core.environment:checking '/home/arty/Documents/video_ros2/install/lib/python3.10/site-packages'
[25.599s] Level 1:colcon.colcon_core.environment:checking '/home/arty/Documents/video_ros2/install/bin'
[25.600s] INFO:colcon.colcon_core.shell:Creating package script '/home/arty/Documents/video_ros2/install/share/mqtt_bridge/package.ps1'
[25.602s] INFO:colcon.colcon_core.shell:Creating package descriptor '/home/arty/Documents/video_ros2/install/share/mqtt_bridge/package.dsv'
[25.603s] INFO:colcon.colcon_core.shell:Creating package script '/home/arty/Documents/video_ros2/install/share/mqtt_bridge/package.sh'
[25.604s] INFO:colcon.colcon_core.shell:Creating package script '/home/arty/Documents/video_ros2/install/share/mqtt_bridge/package.bash'
[25.604s] INFO:colcon.colcon_core.shell:Creating package script '/home/arty/Documents/video_ros2/install/share/mqtt_bridge/package.zsh'
[25.605s] Level 1:colcon.colcon_core.environment:create_file_with_runtime_dependencies(/home/arty/Documents/video_ros2/install/share/colcon-core/packages/mqtt_bridge)
[30.759s] DEBUG:colcon.colcon_core.event_handler.log_command:Invoked command in '/home/arty/Documents/video_ros2/build/video_viewer_qt' returned '0': CMAKE_PREFIX_PATH=/home/arty/Documents/video_ros2/install LD_LIBRARY_PATH=/home/arty/Documents/video_ros2/install/lib:${LD_LIBRARY_PATH} PKG_CONFIG_PATH=/home/arty/Documents/video_ros2/install/lib/x86_64-linux-gnu/pkgconfig:/home/arty/Documents/video_ros2/install/lib/pkgconfig PYTHONPATH=/home/arty/Documents/video_ros2/install/local/lib/python3.10/dist-packages:${PYTHONPATH} ROS_PACKAGE_PATH=/home/arty/Documents/video_ros2/install/share /usr/bin/cmake --build /home/arty/Documents/video_ros2/build/video_viewer_qt -- -j16 -l16
[30.760s] DEBUG:colcon.colcon_core.event_handler.log_command:Invoking command in '/home/arty/Documents/video_ros2/build/video_viewer_qt': CMAKE_PREFIX_PATH=/home/arty/Documents/video_ros2/install LD_LIBRARY_PATH=/home/arty/Documents/video_ros2/install/lib:${LD_LIBRARY_PATH} PKG_CONFIG_PATH=/home/arty/Documents/video_ros2/install/lib/x86_64-linux-gnu/pkgconfig:/home/arty/Documents/video_ros2/install/lib/pkgconfig PYTHONPATH=/home/arty/Documents/video_ros2/install/local/lib/python3.10/dist-packages:${PYTHONPATH} ROS_PACKAGE_PATH=/home/arty/Documents/video_ros2/install/share /usr/bin/cmake --install /home/arty/Documents/video_ros2/build/video_viewer_qt
[30.771s] Level 1:colcon.colcon_core.shell:create_environment_hook('video_viewer_qt', 'ros_package_path')
[30.772s] DEBUG:colcon.colcon_core.event_handler.log_command:Invoked command in '/home/arty/Documents/video_ros2/build/video_viewer_qt' returned '0': CMAKE_PREFIX_PATH=/home/arty/Documents/video_ros2/install LD_LIBRARY_PATH=/home/arty/Documents/video_ros2/install/lib:${LD_LIBRARY_PATH} PKG_CONFIG_PATH=/home/arty/Documents/video_ros2/install/lib/x86_64-linux-gnu/pkgconfig:/home/arty/Documents/video_ros2/install/lib/pkgconfig PYTHONPATH=/home/arty/Documents/video_ros2/install/local/lib/python3.10/dist-packages:${PYTHONPATH} ROS_PACKAGE_PATH=/home/arty/Documents/video_ros2/install/share /usr/bin/cmake --install /home/arty/Documents/video_ros2/build/video_viewer_qt
[30.772s] INFO:colcon.colcon_core.shell:Creating environment hook '/home/arty/Documents/video_ros2/install/share/video_viewer_qt/hook/ros_package_path.ps1'
[30.773s] INFO:colcon.colcon_core.shell:Creating environment descriptor '/home/arty/Documents/video_ros2/install/share/video_viewer_qt/hook/ros_package_path.dsv'
[30.773s] INFO:colcon.colcon_core.shell:Creating environment hook '/home/arty/Documents/video_ros2/install/share/video_viewer_qt/hook/ros_package_path.sh'
[30.773s] Level 1:colcon.colcon_core.shell:create_environment_hook('video_viewer_qt', 'pkg_config_path')
[30.774s] INFO:colcon.colcon_core.shell:Creating environment hook '/home/arty/Documents/video_ros2/install/share/video_viewer_qt/hook/pkg_config_path.ps1'
[30.774s] INFO:colcon.colcon_core.shell:Creating environment descriptor '/home/arty/Documents/video_ros2/install/share/video_viewer_qt/hook/pkg_config_path.dsv'
[30.774s] INFO:colcon.colcon_core.shell:Creating environment hook '/home/arty/Documents/video_ros2/install/share/video_viewer_qt/hook/pkg_config_path.sh'
[30.774s] Level 1:colcon.colcon_core.shell:create_environment_hook('video_viewer_qt', 'pkg_config_path_multiarch')
[30.775s] INFO:colcon.colcon_core.shell:Creating environment hook '/home/arty/Documents/video_ros2/install/share/video_viewer_qt/hook/pkg_config_path_multiarch.ps1'
[30.775s] INFO:colcon.colcon_core.shell:Creating environment descriptor '/home/arty/Documents/video_ros2/install/share/video_viewer_qt/hook/pkg_config_path_multiarch.dsv'
[30.775s] INFO:colcon.colcon_core.shell:Creating environment hook '/home/arty/Documents/video_ros2/install/share/video_viewer_qt/hook/pkg_config_path_multiarch.sh'
[30.775s] Level 1:colcon.colcon_core.environment:create_environment_scripts_only(video_viewer_qt)
[30.776s] Level 1:colcon.colcon_core.environment:checking '/home/arty/Documents/video_ros2/install' for CMake module files
[30.776s] Level 1:colcon.colcon_core.environment:checking '/home/arty/Documents/video_ros2/install' for CMake config files
[30.776s] Level 1:colcon.colcon_core.shell:create_environment_hook('video_viewer_qt', 'cmake_prefix_path')
[30.777s] INFO:colcon.colcon_core.shell:Creating environment hook '/home/arty/Documents/video_ros2/install/share/video_viewer_qt/hook/cmake_prefix_path.ps1'
[30.777s] INFO:colcon.colcon_core.shell:Creating environment descriptor '/home/arty/Documents/video_ros2/install/share/video_viewer_qt/hook/cmake_prefix_path.dsv'
[30.777s] INFO:colcon.colcon_core.shell:Creating environment hook '/home/arty/Documents/video_ros2/install/share/video_viewer_qt/hook/cmake_prefix_path.sh'
[30.777s] Level 1:colcon.colcon_core.environment:checking '/home/arty/Documents/video_ros2/install/lib'
[30.777s] Level 1:colcon.colcon_core.shell:create_environment_hook('video_viewer_qt', 'ld_library_path_lib')
[30.778s] INFO:colcon.colcon_core.shell:Creating environment hook '/home/arty/Documents/video_ros2/install/share/video_viewer_qt/hook/ld_library_path_lib.ps1'
[30.778s] INFO:colcon.colcon_core.shell:Creating environment descriptor '/home/arty/Documents/video_ros2/install/share/video_viewer_qt/hook/ld_library_path_lib.dsv'
[30.778s] INFO:colcon.colcon_core.shell:Creating environment hook '/home/arty/Documents/video_ros2/install/share/video_viewer_qt/hook/ld_library_path_lib.sh'
[30.778s] Level 1:colcon.colcon_core.environment:checking '/home/arty/Documents/video_ros2/install/bin'
[30.778s] Level 1:colcon.colcon_core.environment:checking '/home/arty/Documents/video_ros2/install/lib/pkgconfig/video_viewer_qt.pc'
[30.778s] Level 1:colcon.colcon_core.environment:checking '/home/arty/Documents/video_ros2/install/lib/python3.10/site-packages'
[30.779s] Level 1:colcon.colcon_core.environment:checking '/home/arty/Documents/video_ros2/install/bin'
[30.779s] INFO:colcon.colcon_core.shell:Creating package script '/home/arty/Documents/video_ros2/install/share/video_viewer_qt/package.ps1'
[30.780s] INFO:colcon.colcon_core.shell:Creating package descriptor '/home/arty/Documents/video_ros2/install/share/video_viewer_qt/package.dsv'
[30.780s] INFO:colcon.colcon_core.shell:Creating package script '/home/arty/Documents/video_ros2/install/share/video_viewer_qt/package.sh'
[30.780s] INFO:colcon.colcon_core.shell:Creating package script '/home/arty/Documents/video_ros2/install/share/video_viewer_qt/package.bash'
[30.780s] INFO:colcon.colcon_core.shell:Creating package script '/home/arty/Documents/video_ros2/install/share/video_viewer_qt/package.zsh'
[30.781s] Level 1:colcon.colcon_core.environment:create_file_with_runtime_dependencies(/home/arty/Documents/video_ros2/install/share/colcon-core/packages/video_viewer_qt)
[30.781s] DEBUG:colcon.colcon_parallel_executor.executor.parallel:closing loop
[30.781s] DEBUG:colcon.colcon_parallel_executor.executor.parallel:loop closed
[30.781s] DEBUG:colcon.colcon_parallel_executor.executor.parallel:run_until_complete finished with '0'
[30.782s] DEBUG:colcon.colcon_core.event_reactor:joining thread
[30.789s] INFO:colcon.colcon_core.plugin_system:Skipping extension 'colcon_notification.desktop_notification.terminal_notifier': Not used on non-Darwin systems
[30.789s] INFO:colcon.colcon_core.plugin_system:Skipping extension 'colcon_notification.desktop_notification.win32': Not used on non-Windows systems
[30.789s] INFO:colcon.colcon_notification.desktop_notification:Sending desktop notification using 'notify2'
[30.797s] DEBUG:colcon.colcon_core.event_reactor:joined thread
[30.797s] INFO:colcon.colcon_core.shell:Creating prefix script '/home/arty/Documents/video_ros2/install/local_setup.ps1'
[30.799s] INFO:colcon.colcon_core.shell:Creating prefix util module '/home/arty/Documents/video_ros2/install/_local_setup_util_ps1.py'
[30.801s] INFO:colcon.colcon_core.shell:Creating prefix chain script '/home/arty/Documents/video_ros2/install/setup.ps1'
[30.803s] INFO:colcon.colcon_core.shell:Creating prefix script '/home/arty/Documents/video_ros2/install/local_setup.sh'
[30.804s] INFO:colcon.colcon_core.shell:Creating prefix util module '/home/arty/Documents/video_ros2/install/_local_setup_util_sh.py'
[30.805s] INFO:colcon.colcon_core.shell:Creating prefix chain script '/home/arty/Documents/video_ros2/install/setup.sh'
[30.806s] INFO:colcon.colcon_core.shell:Creating prefix script '/home/arty/Documents/video_ros2/install/local_setup.bash'
[30.807s] INFO:colcon.colcon_core.shell:Creating prefix chain script '/home/arty/Documents/video_ros2/install/setup.bash'
[30.809s] INFO:colcon.colcon_core.shell:Creating prefix script '/home/arty/Documents/video_ros2/install/local_setup.zsh'
[30.810s] INFO:colcon.colcon_core.shell:Creating prefix chain script '/home/arty/Documents/video_ros2/install/setup.zsh'
