[0.007s] Invoking command in '/home/arty/Documents/video_ros2/build/video_viewer_qt': /usr/bin/cmake --build /home/arty/Documents/video_ros2/build/video_viewer_qt -- -j16 -l16
[0.044s] [ 16%] Automatic MOC for target video_viewer_qt
[0.061s] [ 16%] Built target video_viewer_qt_autogen
[0.075s] Consolidate compiler generated dependencies of target video_viewer_qt
[0.089s] [100%] Built target video_viewer_qt
[0.099s] Invoked command in '/home/arty/Documents/video_ros2/build/video_viewer_qt' returned '0': /usr/bin/cmake --build /home/arty/Documents/video_ros2/build/video_viewer_qt -- -j16 -l16
[0.109s] Invoking command in '/home/arty/Documents/video_ros2/build/video_viewer_qt': /usr/bin/cmake --install /home/arty/Documents/video_ros2/build/video_viewer_qt
[0.118s] -- Install configuration: "Release"
[0.118s] -- Installing: /home/arty/Documents/video_ros2/install/lib/video_viewer_qt/video_viewer_qt
[0.119s] -- Set runtime path of "/home/arty/Documents/video_ros2/install/lib/video_viewer_qt/video_viewer_qt" to ""
[0.119s] -- Installing: /home/arty/Documents/video_ros2/install/share/ament_index/resource_index/package_run_dependencies/video_viewer_qt
[0.119s] -- Installing: /home/arty/Documents/video_ros2/install/share/ament_index/resource_index/parent_prefix_path/video_viewer_qt
[0.119s] -- Installing: /home/arty/Documents/video_ros2/install/share/video_viewer_qt/environment/ament_prefix_path.sh
[0.120s] -- Installing: /home/arty/Documents/video_ros2/install/share/video_viewer_qt/environment/ament_prefix_path.dsv
[0.120s] -- Installing: /home/arty/Documents/video_ros2/install/share/video_viewer_qt/environment/path.sh
[0.120s] -- Installing: /home/arty/Documents/video_ros2/install/share/video_viewer_qt/environment/path.dsv
[0.120s] -- Installing: /home/arty/Documents/video_ros2/install/share/video_viewer_qt/local_setup.bash
[0.120s] -- Installing: /home/arty/Documents/video_ros2/install/share/video_viewer_qt/local_setup.sh
[0.120s] -- Installing: /home/arty/Documents/video_ros2/install/share/video_viewer_qt/local_setup.zsh
[0.121s] -- Installing: /home/arty/Documents/video_ros2/install/share/video_viewer_qt/local_setup.dsv
[0.121s] -- Installing: /home/arty/Documents/video_ros2/install/share/video_viewer_qt/package.dsv
[0.121s] -- Installing: /home/arty/Documents/video_ros2/install/share/ament_index/resource_index/packages/video_viewer_qt
[0.121s] -- Installing: /home/arty/Documents/video_ros2/install/share/video_viewer_qt/cmake/video_viewer_qtConfig.cmake
[0.121s] -- Installing: /home/arty/Documents/video_ros2/install/share/video_viewer_qt/cmake/video_viewer_qtConfig-version.cmake
[0.121s] -- Installing: /home/arty/Documents/video_ros2/install/share/video_viewer_qt/package.xml
[0.122s] Invoked command in '/home/arty/Documents/video_ros2/build/video_viewer_qt' returned '0': /usr/bin/cmake --install /home/arty/Documents/video_ros2/build/video_viewer_qt
