[0.011s] Invoking command in '/home/arty/Documents/video_ros2/build/mqtt_bridge': CMAKE_PREFIX_PATH=/home/arty/Documents/video_ros2/install LD_LIBRARY_PATH=/home/arty/Documents/video_ros2/install/lib:${LD_LIBRARY_PATH} PKG_CONFIG_PATH=/home/arty/Documents/video_ros2/install/lib/x86_64-linux-gnu/pkgconfig:/home/arty/Documents/video_ros2/install/lib/pkgconfig PYTHONPATH=/home/arty/Documents/video_ros2/install/local/lib/python3.10/dist-packages:${PYTHONPATH} ROS_PACKAGE_PATH=/home/arty/Documents/video_ros2/install/share /usr/bin/cmake --build /home/arty/Documents/video_ros2/build/mqtt_bridge -- -j16 -l16
[0.059s] [  5%] Automatic MOC for target qmqtt
[0.091s] [  5%] Built target qmqtt_autogen
[0.101s] Consolidate compiler generated dependencies of target qmqtt
[0.118s] [ 65%] Built target qmqtt
[0.138s] [ 70%] Automatic MOC for target mqtt_bridge_node
[0.166s] [ 75%] Built target mqtt_bridge_node_autogen
[0.181s] Consolidate compiler generated dependencies of target mqtt_bridge_node
[0.192s] [100%] Built target mqtt_bridge_node
[0.203s] Invoked command in '/home/arty/Documents/video_ros2/build/mqtt_bridge' returned '0': CMAKE_PREFIX_PATH=/home/arty/Documents/video_ros2/install LD_LIBRARY_PATH=/home/arty/Documents/video_ros2/install/lib:${LD_LIBRARY_PATH} PKG_CONFIG_PATH=/home/arty/Documents/video_ros2/install/lib/x86_64-linux-gnu/pkgconfig:/home/arty/Documents/video_ros2/install/lib/pkgconfig PYTHONPATH=/home/arty/Documents/video_ros2/install/local/lib/python3.10/dist-packages:${PYTHONPATH} ROS_PACKAGE_PATH=/home/arty/Documents/video_ros2/install/share /usr/bin/cmake --build /home/arty/Documents/video_ros2/build/mqtt_bridge -- -j16 -l16
[0.204s] Invoking command in '/home/arty/Documents/video_ros2/build/mqtt_bridge': CMAKE_PREFIX_PATH=/home/arty/Documents/video_ros2/install LD_LIBRARY_PATH=/home/arty/Documents/video_ros2/install/lib:${LD_LIBRARY_PATH} PKG_CONFIG_PATH=/home/arty/Documents/video_ros2/install/lib/x86_64-linux-gnu/pkgconfig:/home/arty/Documents/video_ros2/install/lib/pkgconfig PYTHONPATH=/home/arty/Documents/video_ros2/install/local/lib/python3.10/dist-packages:${PYTHONPATH} ROS_PACKAGE_PATH=/home/arty/Documents/video_ros2/install/share /usr/bin/cmake --install /home/arty/Documents/video_ros2/build/mqtt_bridge
[0.212s] -- Install configuration: "Release"
[0.212s] -- Installing: /home/arty/Documents/video_ros2/install/lib/libqmqtt.so.1.0.5
[0.213s] -- Up-to-date: /home/arty/Documents/video_ros2/install/lib/libqmqtt.so.1
[0.213s] -- Up-to-date: /home/arty/Documents/video_ros2/install/lib/libqmqtt.so
[0.213s] -- Installing: /home/arty/Documents/video_ros2/install/lib/cmake/qmqtt/qmqttTargets.cmake
[0.213s] -- Installing: /home/arty/Documents/video_ros2/install/lib/cmake/qmqtt/qmqttTargets-release.cmake
[0.214s] -- Up-to-date: /home/arty/Documents/video_ros2/install/include/qmqtt_global.h
[0.214s] -- Up-to-date: /home/arty/Documents/video_ros2/install/include/qmqtt.h
[0.214s] -- Up-to-date: /home/arty/Documents/video_ros2/install/include/qmqtt_client.h
[0.214s] -- Up-to-date: /home/arty/Documents/video_ros2/install/include/qmqtt_frame.h
[0.214s] -- Up-to-date: /home/arty/Documents/video_ros2/install/include/qmqtt_message.h
[0.214s] -- Up-to-date: /home/arty/Documents/video_ros2/install/include/qmqtt_routesubscription.h
[0.214s] -- Up-to-date: /home/arty/Documents/video_ros2/install/include/qmqtt_routedmessage.h
[0.214s] -- Up-to-date: /home/arty/Documents/video_ros2/install/include/qmqtt_router.h
[0.214s] -- Up-to-date: /home/arty/Documents/video_ros2/install/include/qmqtt_networkinterface.h
[0.214s] -- Up-to-date: /home/arty/Documents/video_ros2/install/include/qmqtt_socketinterface.h
[0.214s] -- Up-to-date: /home/arty/Documents/video_ros2/install/include/qmqtt_timerinterface.h
[0.214s] -- Installing: /home/arty/Documents/video_ros2/install/lib/cmake/qmqtt/qmqtt.cmake
[0.214s] -- Installing: /home/arty/Documents/video_ros2/install/lib/cmake/qmqtt/qmqtt-release.cmake
[0.214s] -- Installing: /home/arty/Documents/video_ros2/install/lib/cmake/qmqtt/qmqttConfig.cmake
[0.214s] -- Installing: /home/arty/Documents/video_ros2/install/lib/cmake/qmqtt/qmqttConfigVersion.cmake
[0.214s] -- Installing: /home/arty/Documents/video_ros2/install/lib/mqtt_bridge/mqtt_bridge_node
[0.215s] -- Set runtime path of "/home/arty/Documents/video_ros2/install/lib/mqtt_bridge/mqtt_bridge_node" to ""
[0.215s] -- Installing: /home/arty/Documents/video_ros2/install/share/ament_index/resource_index/package_run_dependencies/mqtt_bridge
[0.215s] -- Installing: /home/arty/Documents/video_ros2/install/share/ament_index/resource_index/parent_prefix_path/mqtt_bridge
[0.216s] -- Installing: /home/arty/Documents/video_ros2/install/share/mqtt_bridge/environment/ament_prefix_path.sh
[0.216s] -- Installing: /home/arty/Documents/video_ros2/install/share/mqtt_bridge/environment/ament_prefix_path.dsv
[0.216s] -- Installing: /home/arty/Documents/video_ros2/install/share/mqtt_bridge/environment/path.sh
[0.216s] -- Installing: /home/arty/Documents/video_ros2/install/share/mqtt_bridge/environment/path.dsv
[0.216s] -- Installing: /home/arty/Documents/video_ros2/install/share/mqtt_bridge/local_setup.bash
[0.216s] -- Installing: /home/arty/Documents/video_ros2/install/share/mqtt_bridge/local_setup.sh
[0.216s] -- Installing: /home/arty/Documents/video_ros2/install/share/mqtt_bridge/local_setup.zsh
[0.217s] -- Installing: /home/arty/Documents/video_ros2/install/share/mqtt_bridge/local_setup.dsv
[0.217s] -- Installing: /home/arty/Documents/video_ros2/install/share/mqtt_bridge/package.dsv
[0.217s] -- Installing: /home/arty/Documents/video_ros2/install/share/ament_index/resource_index/packages/mqtt_bridge
[0.217s] -- Installing: /home/arty/Documents/video_ros2/install/share/mqtt_bridge/cmake/mqtt_bridgeConfig.cmake
[0.217s] -- Installing: /home/arty/Documents/video_ros2/install/share/mqtt_bridge/cmake/mqtt_bridgeConfig-version.cmake
[0.217s] -- Installing: /home/arty/Documents/video_ros2/install/share/mqtt_bridge/package.xml
[0.218s] Invoked command in '/home/arty/Documents/video_ros2/build/mqtt_bridge' returned '0': CMAKE_PREFIX_PATH=/home/arty/Documents/video_ros2/install LD_LIBRARY_PATH=/home/arty/Documents/video_ros2/install/lib:${LD_LIBRARY_PATH} PKG_CONFIG_PATH=/home/arty/Documents/video_ros2/install/lib/x86_64-linux-gnu/pkgconfig:/home/arty/Documents/video_ros2/install/lib/pkgconfig PYTHONPATH=/home/arty/Documents/video_ros2/install/local/lib/python3.10/dist-packages:${PYTHONPATH} ROS_PACKAGE_PATH=/home/arty/Documents/video_ros2/install/share /usr/bin/cmake --install /home/arty/Documents/video_ros2/build/mqtt_bridge
