[0.091s] DEBUG:colcon:Command line arguments: ['/usr/bin/colcon', 'build', '--merge-install', '--packages-select', 'mqtt_bridge', 'video_viewer_qt']
[0.091s] DEBUG:colcon:Parsed command line arguments: Namespace(log_base=None, log_level=None, verb_name='build', build_base='build', install_base='install', merge_install=True, symlink_install=False, test_result_base=None, continue_on_error=False, executor='parallel', parallel_workers=16, event_handlers=None, ignore_user_meta=False, metas=['./colcon.meta'], base_paths=['.'], packages_ignore=None, packages_ignore_regex=None, paths=None, packages_up_to=None, packages_up_to_regex=None, packages_above=None, packages_above_and_dependencies=None, packages_above_depth=None, packages_select_by_dep=None, packages_skip_by_dep=None, packages_skip_up_to=None, packages_select_build_failed=False, packages_skip_build_finished=False, packages_select_test_failures=False, packages_skip_test_passed=False, packages_select=['mqtt_bridge', 'video_viewer_qt'], packages_skip=None, packages_select_regex=None, packages_skip_regex=None, packages_start=None, packages_end=None, allow_overriding=[], cmake_args=None, cmake_target=None, cmake_target_skip_unavailable=False, cmake_clean_cache=False, cmake_clean_first=False, cmake_force_configure=False, ament_cmake_args=None, catkin_cmake_args=None, catkin_skip_building_tests=False, verb_parser=<colcon_defaults.argument_parser.defaults.DefaultArgumentsDecorator object at 0x739ee8ec7430>, verb_extension=<colcon_core.verb.build.BuildVerb object at 0x739ee9068850>, main=<bound method BuildVerb.main of <colcon_core.verb.build.BuildVerb object at 0x739ee9068850>>)
[0.212s] Level 1:colcon.colcon_core.package_discovery:discover_packages(colcon_meta) check parameters
[0.212s] Level 1:colcon.colcon_core.package_discovery:discover_packages(recursive) check parameters
[0.212s] Level 1:colcon.colcon_core.package_discovery:discover_packages(ignore) check parameters
[0.212s] Level 1:colcon.colcon_core.package_discovery:discover_packages(path) check parameters
[0.212s] Level 1:colcon.colcon_core.package_discovery:discover_packages(colcon_meta) discover
[0.212s] Level 1:colcon.colcon_core.package_discovery:discover_packages(recursive) discover
[0.212s] INFO:colcon.colcon_core.package_discovery:Crawling recursively for packages in '/home/arty/Documents/video_ros2'
[0.212s] Level 1:colcon.colcon_core.package_identification:_identify(.) by extensions ['ignore', 'ignore_ament_install']
[0.212s] Level 1:colcon.colcon_core.package_identification:_identify(.) by extension 'ignore'
[0.212s] Level 1:colcon.colcon_core.package_identification:_identify(.) by extension 'ignore_ament_install'
[0.212s] Level 1:colcon.colcon_core.package_identification:_identify(.) by extensions ['colcon_pkg']
[0.212s] Level 1:colcon.colcon_core.package_identification:_identify(.) by extension 'colcon_pkg'
[0.212s] Level 1:colcon.colcon_core.package_identification:_identify(.) by extensions ['colcon_meta']
[0.212s] Level 1:colcon.colcon_core.package_identification:_identify(.) by extension 'colcon_meta'
[0.212s] Level 1:colcon.colcon_core.package_identification:_identify(.) by extensions ['ros']
[0.212s] Level 1:colcon.colcon_core.package_identification:_identify(.) by extension 'ros'
[0.223s] Level 1:colcon.colcon_core.package_identification:_identify(.) by extensions ['cmake', 'python']
[0.223s] Level 1:colcon.colcon_core.package_identification:_identify(.) by extension 'cmake'
[0.223s] Level 1:colcon.colcon_core.package_identification:_identify(.) by extension 'python'
[0.223s] Level 1:colcon.colcon_core.package_identification:_identify(.) by extensions ['python_setup_py']
[0.223s] Level 1:colcon.colcon_core.package_identification:_identify(.) by extension 'python_setup_py'
[0.223s] Level 1:colcon.colcon_core.package_identification:_identify(build) by extensions ['ignore', 'ignore_ament_install']
[0.224s] Level 1:colcon.colcon_core.package_identification:_identify(build) by extension 'ignore'
[0.224s] Level 1:colcon.colcon_core.package_identification:_identify(build) ignored
[0.224s] Level 1:colcon.colcon_core.package_identification:_identify(docs) by extensions ['ignore', 'ignore_ament_install']
[0.224s] Level 1:colcon.colcon_core.package_identification:_identify(docs) by extension 'ignore'
[0.224s] Level 1:colcon.colcon_core.package_identification:_identify(docs) by extension 'ignore_ament_install'
[0.224s] Level 1:colcon.colcon_core.package_identification:_identify(docs) by extensions ['colcon_pkg']
[0.224s] Level 1:colcon.colcon_core.package_identification:_identify(docs) by extension 'colcon_pkg'
[0.224s] Level 1:colcon.colcon_core.package_identification:_identify(docs) by extensions ['colcon_meta']
[0.224s] Level 1:colcon.colcon_core.package_identification:_identify(docs) by extension 'colcon_meta'
[0.224s] Level 1:colcon.colcon_core.package_identification:_identify(docs) by extensions ['ros']
[0.224s] Level 1:colcon.colcon_core.package_identification:_identify(docs) by extension 'ros'
[0.224s] Level 1:colcon.colcon_core.package_identification:_identify(docs) by extensions ['cmake', 'python']
[0.224s] Level 1:colcon.colcon_core.package_identification:_identify(docs) by extension 'cmake'
[0.224s] Level 1:colcon.colcon_core.package_identification:_identify(docs) by extension 'python'
[0.224s] Level 1:colcon.colcon_core.package_identification:_identify(docs) by extensions ['python_setup_py']
[0.224s] Level 1:colcon.colcon_core.package_identification:_identify(docs) by extension 'python_setup_py'
[0.224s] Level 1:colcon.colcon_core.package_identification:_identify(install) by extensions ['ignore', 'ignore_ament_install']
[0.224s] Level 1:colcon.colcon_core.package_identification:_identify(install) by extension 'ignore'
[0.224s] Level 1:colcon.colcon_core.package_identification:_identify(install) ignored
[0.224s] Level 1:colcon.colcon_core.package_identification:_identify(log) by extensions ['ignore', 'ignore_ament_install']
[0.224s] Level 1:colcon.colcon_core.package_identification:_identify(log) by extension 'ignore'
[0.225s] Level 1:colcon.colcon_core.package_identification:_identify(log) ignored
[0.225s] Level 1:colcon.colcon_core.package_identification:_identify(scripts) by extensions ['ignore', 'ignore_ament_install']
[0.225s] Level 1:colcon.colcon_core.package_identification:_identify(scripts) by extension 'ignore'
[0.225s] Level 1:colcon.colcon_core.package_identification:_identify(scripts) by extension 'ignore_ament_install'
[0.225s] Level 1:colcon.colcon_core.package_identification:_identify(scripts) by extensions ['colcon_pkg']
[0.225s] Level 1:colcon.colcon_core.package_identification:_identify(scripts) by extension 'colcon_pkg'
[0.225s] Level 1:colcon.colcon_core.package_identification:_identify(scripts) by extensions ['colcon_meta']
[0.225s] Level 1:colcon.colcon_core.package_identification:_identify(scripts) by extension 'colcon_meta'
[0.225s] Level 1:colcon.colcon_core.package_identification:_identify(scripts) by extensions ['ros']
[0.225s] Level 1:colcon.colcon_core.package_identification:_identify(scripts) by extension 'ros'
[0.225s] Level 1:colcon.colcon_core.package_identification:_identify(scripts) by extensions ['cmake', 'python']
[0.225s] Level 1:colcon.colcon_core.package_identification:_identify(scripts) by extension 'cmake'
[0.225s] Level 1:colcon.colcon_core.package_identification:_identify(scripts) by extension 'python'
[0.225s] Level 1:colcon.colcon_core.package_identification:_identify(scripts) by extensions ['python_setup_py']
[0.225s] Level 1:colcon.colcon_core.package_identification:_identify(scripts) by extension 'python_setup_py'
[0.225s] Level 1:colcon.colcon_core.package_identification:_identify(src) by extensions ['ignore', 'ignore_ament_install']
[0.225s] Level 1:colcon.colcon_core.package_identification:_identify(src) by extension 'ignore'
[0.225s] Level 1:colcon.colcon_core.package_identification:_identify(src) by extension 'ignore_ament_install'
[0.225s] Level 1:colcon.colcon_core.package_identification:_identify(src) by extensions ['colcon_pkg']
[0.225s] Level 1:colcon.colcon_core.package_identification:_identify(src) by extension 'colcon_pkg'
[0.225s] Level 1:colcon.colcon_core.package_identification:_identify(src) by extensions ['colcon_meta']
[0.225s] Level 1:colcon.colcon_core.package_identification:_identify(src) by extension 'colcon_meta'
[0.225s] Level 1:colcon.colcon_core.package_identification:_identify(src) by extensions ['ros']
[0.225s] Level 1:colcon.colcon_core.package_identification:_identify(src) by extension 'ros'
[0.225s] Level 1:colcon.colcon_core.package_identification:_identify(src) by extensions ['cmake', 'python']
[0.225s] Level 1:colcon.colcon_core.package_identification:_identify(src) by extension 'cmake'
[0.225s] Level 1:colcon.colcon_core.package_identification:_identify(src) by extension 'python'
[0.225s] Level 1:colcon.colcon_core.package_identification:_identify(src) by extensions ['python_setup_py']
[0.225s] Level 1:colcon.colcon_core.package_identification:_identify(src) by extension 'python_setup_py'
[0.226s] Level 1:colcon.colcon_core.package_identification:_identify(src/custom_byteblock) by extensions ['ignore', 'ignore_ament_install']
[0.226s] Level 1:colcon.colcon_core.package_identification:_identify(src/custom_byteblock) by extension 'ignore'
[0.226s] Level 1:colcon.colcon_core.package_identification:_identify(src/custom_byteblock) by extension 'ignore_ament_install'
[0.226s] Level 1:colcon.colcon_core.package_identification:_identify(src/custom_byteblock) by extensions ['colcon_pkg']
[0.226s] Level 1:colcon.colcon_core.package_identification:_identify(src/custom_byteblock) by extension 'colcon_pkg'
[0.226s] Level 1:colcon.colcon_core.package_identification:_identify(src/custom_byteblock) by extensions ['colcon_meta']
[0.226s] Level 1:colcon.colcon_core.package_identification:_identify(src/custom_byteblock) by extension 'colcon_meta'
[0.226s] Level 1:colcon.colcon_core.package_identification:_identify(src/custom_byteblock) by extensions ['ros']
[0.226s] Level 1:colcon.colcon_core.package_identification:_identify(src/custom_byteblock) by extension 'ros'
[0.228s] DEBUG:colcon.colcon_core.package_identification:Package 'src/custom_byteblock' with type 'ros.catkin' and name 'custom_byteblock'
[0.228s] Level 1:colcon.colcon_core.package_identification:_identify(src/mqtt_bridge) by extensions ['ignore', 'ignore_ament_install']
[0.229s] Level 1:colcon.colcon_core.package_identification:_identify(src/mqtt_bridge) by extension 'ignore'
[0.229s] Level 1:colcon.colcon_core.package_identification:_identify(src/mqtt_bridge) by extension 'ignore_ament_install'
[0.229s] Level 1:colcon.colcon_core.package_identification:_identify(src/mqtt_bridge) by extensions ['colcon_pkg']
[0.229s] Level 1:colcon.colcon_core.package_identification:_identify(src/mqtt_bridge) by extension 'colcon_pkg'
[0.229s] Level 1:colcon.colcon_core.package_identification:_identify(src/mqtt_bridge) by extensions ['colcon_meta']
[0.229s] Level 1:colcon.colcon_core.package_identification:_identify(src/mqtt_bridge) by extension 'colcon_meta'
[0.229s] Level 1:colcon.colcon_core.package_identification:_identify(src/mqtt_bridge) by extensions ['ros']
[0.229s] Level 1:colcon.colcon_core.package_identification:_identify(src/mqtt_bridge) by extension 'ros'
[0.230s] DEBUG:colcon.colcon_core.package_identification:Package 'src/mqtt_bridge' with type 'ros.catkin' and name 'mqtt_bridge'
[0.230s] Level 1:colcon.colcon_core.package_identification:_identify(src/third_party_qmqtt) by extensions ['ignore', 'ignore_ament_install']
[0.230s] Level 1:colcon.colcon_core.package_identification:_identify(src/third_party_qmqtt) by extension 'ignore'
[0.230s] Level 1:colcon.colcon_core.package_identification:_identify(src/third_party_qmqtt) by extension 'ignore_ament_install'
[0.230s] Level 1:colcon.colcon_core.package_identification:_identify(src/third_party_qmqtt) by extensions ['colcon_pkg']
[0.230s] Level 1:colcon.colcon_core.package_identification:_identify(src/third_party_qmqtt) by extension 'colcon_pkg'
[0.230s] Level 1:colcon.colcon_core.package_identification:_identify(src/third_party_qmqtt) by extensions ['colcon_meta']
[0.230s] Level 1:colcon.colcon_core.package_identification:_identify(src/third_party_qmqtt) by extension 'colcon_meta'
[0.230s] Level 1:colcon.colcon_core.package_identification:_identify(src/third_party_qmqtt) by extensions ['ros']
[0.230s] Level 1:colcon.colcon_core.package_identification:_identify(src/third_party_qmqtt) by extension 'ros'
[0.230s] Level 1:colcon.colcon_core.package_identification:_identify(src/third_party_qmqtt) by extensions ['cmake', 'python']
[0.230s] Level 1:colcon.colcon_core.package_identification:_identify(src/third_party_qmqtt) by extension 'cmake'
[0.230s] Level 1:colcon.colcon_core.package_identification:_identify(src/third_party_qmqtt) by extension 'python'
[0.230s] Level 1:colcon.colcon_core.package_identification:_identify(src/third_party_qmqtt) by extensions ['python_setup_py']
[0.230s] Level 1:colcon.colcon_core.package_identification:_identify(src/third_party_qmqtt) by extension 'python_setup_py'
[0.230s] Level 1:colcon.colcon_core.package_identification:_identify(src/third_party_qmqtt/bin) by extensions ['ignore', 'ignore_ament_install']
[0.230s] Level 1:colcon.colcon_core.package_identification:_identify(src/third_party_qmqtt/bin) by extension 'ignore'
[0.230s] Level 1:colcon.colcon_core.package_identification:_identify(src/third_party_qmqtt/bin) by extension 'ignore_ament_install'
[0.230s] Level 1:colcon.colcon_core.package_identification:_identify(src/third_party_qmqtt/bin) by extensions ['colcon_pkg']
[0.230s] Level 1:colcon.colcon_core.package_identification:_identify(src/third_party_qmqtt/bin) by extension 'colcon_pkg'
[0.230s] Level 1:colcon.colcon_core.package_identification:_identify(src/third_party_qmqtt/bin) by extensions ['colcon_meta']
[0.230s] Level 1:colcon.colcon_core.package_identification:_identify(src/third_party_qmqtt/bin) by extension 'colcon_meta'
[0.230s] Level 1:colcon.colcon_core.package_identification:_identify(src/third_party_qmqtt/bin) by extensions ['ros']
[0.230s] Level 1:colcon.colcon_core.package_identification:_identify(src/third_party_qmqtt/bin) by extension 'ros'
[0.230s] Level 1:colcon.colcon_core.package_identification:_identify(src/third_party_qmqtt/bin) by extensions ['cmake', 'python']
[0.231s] Level 1:colcon.colcon_core.package_identification:_identify(src/third_party_qmqtt/bin) by extension 'cmake'
[0.231s] Level 1:colcon.colcon_core.package_identification:_identify(src/third_party_qmqtt/bin) by extension 'python'
[0.231s] Level 1:colcon.colcon_core.package_identification:_identify(src/third_party_qmqtt/bin) by extensions ['python_setup_py']
[0.231s] Level 1:colcon.colcon_core.package_identification:_identify(src/third_party_qmqtt/bin) by extension 'python_setup_py'
[0.231s] Level 1:colcon.colcon_core.package_identification:_identify(src/third_party_qmqtt/lib) by extensions ['ignore', 'ignore_ament_install']
[0.231s] Level 1:colcon.colcon_core.package_identification:_identify(src/third_party_qmqtt/lib) by extension 'ignore'
[0.231s] Level 1:colcon.colcon_core.package_identification:_identify(src/third_party_qmqtt/lib) by extension 'ignore_ament_install'
[0.231s] Level 1:colcon.colcon_core.package_identification:_identify(src/third_party_qmqtt/lib) by extensions ['colcon_pkg']
[0.231s] Level 1:colcon.colcon_core.package_identification:_identify(src/third_party_qmqtt/lib) by extension 'colcon_pkg'
[0.231s] Level 1:colcon.colcon_core.package_identification:_identify(src/third_party_qmqtt/lib) by extensions ['colcon_meta']
[0.231s] Level 1:colcon.colcon_core.package_identification:_identify(src/third_party_qmqtt/lib) by extension 'colcon_meta'
[0.231s] Level 1:colcon.colcon_core.package_identification:_identify(src/third_party_qmqtt/lib) by extensions ['ros']
[0.231s] Level 1:colcon.colcon_core.package_identification:_identify(src/third_party_qmqtt/lib) by extension 'ros'
[0.231s] Level 1:colcon.colcon_core.package_identification:_identify(src/third_party_qmqtt/lib) by extensions ['cmake', 'python']
[0.231s] Level 1:colcon.colcon_core.package_identification:_identify(src/third_party_qmqtt/lib) by extension 'cmake'
[0.231s] Level 1:colcon.colcon_core.package_identification:_identify(src/third_party_qmqtt/lib) by extension 'python'
[0.231s] Level 1:colcon.colcon_core.package_identification:_identify(src/third_party_qmqtt/lib) by extensions ['python_setup_py']
[0.231s] Level 1:colcon.colcon_core.package_identification:_identify(src/third_party_qmqtt/lib) by extension 'python_setup_py'
[0.231s] Level 1:colcon.colcon_core.package_identification:_identify(src/third_party_qmqtt/qmqtt) by extensions ['ignore', 'ignore_ament_install']
[0.231s] Level 1:colcon.colcon_core.package_identification:_identify(src/third_party_qmqtt/qmqtt) by extension 'ignore'
[0.231s] Level 1:colcon.colcon_core.package_identification:_identify(src/third_party_qmqtt/qmqtt) by extension 'ignore_ament_install'
[0.231s] Level 1:colcon.colcon_core.package_identification:_identify(src/third_party_qmqtt/qmqtt) by extensions ['colcon_pkg']
[0.231s] Level 1:colcon.colcon_core.package_identification:_identify(src/third_party_qmqtt/qmqtt) by extension 'colcon_pkg'
[0.231s] Level 1:colcon.colcon_core.package_identification:_identify(src/third_party_qmqtt/qmqtt) by extensions ['colcon_meta']
[0.231s] Level 1:colcon.colcon_core.package_identification:_identify(src/third_party_qmqtt/qmqtt) by extension 'colcon_meta'
[0.231s] Level 1:colcon.colcon_core.package_identification:_identify(src/third_party_qmqtt/qmqtt) by extensions ['ros']
[0.231s] Level 1:colcon.colcon_core.package_identification:_identify(src/third_party_qmqtt/qmqtt) by extension 'ros'
[0.231s] Level 1:colcon.colcon_core.package_identification:_identify(src/third_party_qmqtt/qmqtt) by extensions ['cmake', 'python']
[0.232s] Level 1:colcon.colcon_core.package_identification:_identify(src/third_party_qmqtt/qmqtt) by extension 'cmake'
[0.236s] Level 1:colcon.colcon_core.package_identification:_identify(src/third_party_qmqtt/qmqtt) by extension 'python'
[0.236s] DEBUG:colcon.colcon_core.package_identification:Package 'src/third_party_qmqtt/qmqtt' with type 'cmake' and name 'qmqtt'
[0.237s] Level 1:colcon.colcon_core.package_identification:_identify(src/video_decode) by extensions ['ignore', 'ignore_ament_install']
[0.237s] Level 1:colcon.colcon_core.package_identification:_identify(src/video_decode) by extension 'ignore'
[0.237s] Level 1:colcon.colcon_core.package_identification:_identify(src/video_decode) by extension 'ignore_ament_install'
[0.237s] Level 1:colcon.colcon_core.package_identification:_identify(src/video_decode) by extensions ['colcon_pkg']
[0.237s] Level 1:colcon.colcon_core.package_identification:_identify(src/video_decode) by extension 'colcon_pkg'
[0.237s] Level 1:colcon.colcon_core.package_identification:_identify(src/video_decode) by extensions ['colcon_meta']
[0.237s] Level 1:colcon.colcon_core.package_identification:_identify(src/video_decode) by extension 'colcon_meta'
[0.237s] Level 1:colcon.colcon_core.package_identification:_identify(src/video_decode) by extensions ['ros']
[0.237s] Level 1:colcon.colcon_core.package_identification:_identify(src/video_decode) by extension 'ros'
[0.238s] DEBUG:colcon.colcon_core.package_identification:Package 'src/video_decode' with type 'ros.catkin' and name 'video_decode'
[0.238s] Level 1:colcon.colcon_core.package_identification:_identify(src/video_ingest) by extensions ['ignore', 'ignore_ament_install']
[0.238s] Level 1:colcon.colcon_core.package_identification:_identify(src/video_ingest) by extension 'ignore'
[0.238s] Level 1:colcon.colcon_core.package_identification:_identify(src/video_ingest) by extension 'ignore_ament_install'
[0.238s] Level 1:colcon.colcon_core.package_identification:_identify(src/video_ingest) by extensions ['colcon_pkg']
[0.238s] Level 1:colcon.colcon_core.package_identification:_identify(src/video_ingest) by extension 'colcon_pkg'
[0.238s] Level 1:colcon.colcon_core.package_identification:_identify(src/video_ingest) by extensions ['colcon_meta']
[0.238s] Level 1:colcon.colcon_core.package_identification:_identify(src/video_ingest) by extension 'colcon_meta'
[0.238s] Level 1:colcon.colcon_core.package_identification:_identify(src/video_ingest) by extensions ['ros']
[0.238s] Level 1:colcon.colcon_core.package_identification:_identify(src/video_ingest) by extension 'ros'
[0.239s] DEBUG:colcon.colcon_core.package_identification:Package 'src/video_ingest' with type 'ros.catkin' and name 'video_ingest'
[0.239s] Level 1:colcon.colcon_core.package_identification:_identify(src/video_interfaces) by extensions ['ignore', 'ignore_ament_install']
[0.239s] Level 1:colcon.colcon_core.package_identification:_identify(src/video_interfaces) by extension 'ignore'
[0.239s] Level 1:colcon.colcon_core.package_identification:_identify(src/video_interfaces) by extension 'ignore_ament_install'
[0.239s] Level 1:colcon.colcon_core.package_identification:_identify(src/video_interfaces) by extensions ['colcon_pkg']
[0.239s] Level 1:colcon.colcon_core.package_identification:_identify(src/video_interfaces) by extension 'colcon_pkg'
[0.239s] Level 1:colcon.colcon_core.package_identification:_identify(src/video_interfaces) by extensions ['colcon_meta']
[0.239s] Level 1:colcon.colcon_core.package_identification:_identify(src/video_interfaces) by extension 'colcon_meta'
[0.239s] Level 1:colcon.colcon_core.package_identification:_identify(src/video_interfaces) by extensions ['ros']
[0.239s] Level 1:colcon.colcon_core.package_identification:_identify(src/video_interfaces) by extension 'ros'
[0.239s] DEBUG:colcon.colcon_core.package_identification:Package 'src/video_interfaces' with type 'ros.catkin' and name 'video_interfaces'
[0.240s] Level 1:colcon.colcon_core.package_identification:_identify(src/video_viewer_qt) by extensions ['ignore', 'ignore_ament_install']
[0.240s] Level 1:colcon.colcon_core.package_identification:_identify(src/video_viewer_qt) by extension 'ignore'
[0.240s] Level 1:colcon.colcon_core.package_identification:_identify(src/video_viewer_qt) by extension 'ignore_ament_install'
[0.240s] Level 1:colcon.colcon_core.package_identification:_identify(src/video_viewer_qt) by extensions ['colcon_pkg']
[0.240s] Level 1:colcon.colcon_core.package_identification:_identify(src/video_viewer_qt) by extension 'colcon_pkg'
[0.240s] Level 1:colcon.colcon_core.package_identification:_identify(src/video_viewer_qt) by extensions ['colcon_meta']
[0.240s] Level 1:colcon.colcon_core.package_identification:_identify(src/video_viewer_qt) by extension 'colcon_meta'
[0.240s] Level 1:colcon.colcon_core.package_identification:_identify(src/video_viewer_qt) by extensions ['ros']
[0.240s] Level 1:colcon.colcon_core.package_identification:_identify(src/video_viewer_qt) by extension 'ros'
[0.240s] DEBUG:colcon.colcon_core.package_identification:Package 'src/video_viewer_qt' with type 'ros.catkin' and name 'video_viewer_qt'
[0.240s] Level 1:colcon.colcon_core.package_discovery:discover_packages(recursive) using defaults
[0.240s] Level 1:colcon.colcon_core.package_discovery:discover_packages(ignore) discover
[0.240s] Level 1:colcon.colcon_core.package_discovery:discover_packages(ignore) using defaults
[0.240s] Level 1:colcon.colcon_core.package_discovery:discover_packages(path) discover
[0.240s] Level 1:colcon.colcon_core.package_discovery:discover_packages(path) using defaults
[0.254s] INFO:colcon.colcon_core.package_selection:Skipping not selected package 'qmqtt' in 'src/third_party_qmqtt/qmqtt'
[0.254s] INFO:colcon.colcon_core.package_selection:Skipping not selected package 'video_interfaces' in 'src/video_interfaces'
[0.254s] INFO:colcon.colcon_core.package_selection:Skipping not selected package 'custom_byteblock' in 'src/custom_byteblock'
[0.254s] INFO:colcon.colcon_core.package_selection:Skipping not selected package 'video_decode' in 'src/video_decode'
[0.254s] INFO:colcon.colcon_core.package_selection:Skipping not selected package 'video_ingest' in 'src/video_ingest'
[0.255s] Level 1:colcon.colcon_core.package_discovery:discover_packages(prefix_path) check parameters
[0.256s] Level 1:colcon.colcon_core.package_discovery:discover_packages(prefix_path) discover
[0.259s] DEBUG:colcon.colcon_installed_package_information.package_discovery:Found 273 installed packages in /opt/ros/humble
[0.270s] Level 1:colcon.colcon_core.package_discovery:discover_packages(prefix_path) using defaults
[0.295s] Level 5:colcon.colcon_core.verb:set package 'mqtt_bridge' build argument 'cmake_args' from command line to 'None'
[0.295s] Level 5:colcon.colcon_core.verb:set package 'mqtt_bridge' build argument 'cmake_target' from command line to 'None'
[0.295s] Level 5:colcon.colcon_core.verb:set package 'mqtt_bridge' build argument 'cmake_target_skip_unavailable' from command line to 'False'
[0.295s] Level 5:colcon.colcon_core.verb:set package 'mqtt_bridge' build argument 'cmake_clean_cache' from command line to 'False'
[0.295s] Level 5:colcon.colcon_core.verb:set package 'mqtt_bridge' build argument 'cmake_clean_first' from command line to 'False'
[0.295s] Level 5:colcon.colcon_core.verb:set package 'mqtt_bridge' build argument 'cmake_force_configure' from command line to 'False'
[0.295s] Level 5:colcon.colcon_core.verb:set package 'mqtt_bridge' build argument 'ament_cmake_args' from command line to 'None'
[0.295s] Level 5:colcon.colcon_core.verb:set package 'mqtt_bridge' build argument 'catkin_cmake_args' from command line to 'None'
[0.295s] Level 5:colcon.colcon_core.verb:set package 'mqtt_bridge' build argument 'catkin_skip_building_tests' from command line to 'False'
[0.295s] DEBUG:colcon.colcon_core.verb:Building package 'mqtt_bridge' with the following arguments: {'ament_cmake_args': None, 'build_base': '/home/arty/Documents/video_ros2/build/mqtt_bridge', 'catkin_cmake_args': None, 'catkin_skip_building_tests': False, 'cmake_args': None, 'cmake_clean_cache': False, 'cmake_clean_first': False, 'cmake_force_configure': False, 'cmake_target': None, 'cmake_target_skip_unavailable': False, 'install_base': '/home/arty/Documents/video_ros2/install', 'merge_install': True, 'path': '/home/arty/Documents/video_ros2/src/mqtt_bridge', 'symlink_install': False, 'test_result_base': None}
[0.295s] Level 5:colcon.colcon_core.verb:set package 'video_viewer_qt' build argument 'cmake_args' from command line to 'None'
[0.295s] Level 5:colcon.colcon_core.verb:set package 'video_viewer_qt' build argument 'cmake_target' from command line to 'None'
[0.295s] Level 5:colcon.colcon_core.verb:set package 'video_viewer_qt' build argument 'cmake_target_skip_unavailable' from command line to 'False'
[0.295s] Level 5:colcon.colcon_core.verb:set package 'video_viewer_qt' build argument 'cmake_clean_cache' from command line to 'False'
[0.295s] Level 5:colcon.colcon_core.verb:set package 'video_viewer_qt' build argument 'cmake_clean_first' from command line to 'False'
[0.295s] Level 5:colcon.colcon_core.verb:set package 'video_viewer_qt' build argument 'cmake_force_configure' from command line to 'False'
[0.296s] Level 5:colcon.colcon_core.verb:set package 'video_viewer_qt' build argument 'ament_cmake_args' from command line to 'None'
[0.296s] Level 5:colcon.colcon_core.verb:set package 'video_viewer_qt' build argument 'catkin_cmake_args' from command line to 'None'
[0.296s] Level 5:colcon.colcon_core.verb:set package 'video_viewer_qt' build argument 'catkin_skip_building_tests' from command line to 'False'
[0.296s] DEBUG:colcon.colcon_core.verb:Building package 'video_viewer_qt' with the following arguments: {'ament_cmake_args': None, 'build_base': '/home/arty/Documents/video_ros2/build/video_viewer_qt', 'catkin_cmake_args': None, 'catkin_skip_building_tests': False, 'cmake_args': None, 'cmake_clean_cache': False, 'cmake_clean_first': False, 'cmake_force_configure': False, 'cmake_target': None, 'cmake_target_skip_unavailable': False, 'install_base': '/home/arty/Documents/video_ros2/install', 'merge_install': True, 'path': '/home/arty/Documents/video_ros2/src/video_viewer_qt', 'symlink_install': False, 'test_result_base': None}
[0.296s] INFO:colcon.colcon_core.executor:Executing jobs using 'parallel' executor
[0.297s] DEBUG:colcon.colcon_parallel_executor.executor.parallel:run_until_complete
[0.297s] INFO:colcon.colcon_ros.task.catkin.build:Building ROS package in '/home/arty/Documents/video_ros2/src/mqtt_bridge' with build type 'catkin'
[0.297s] INFO:colcon.colcon_cmake.task.cmake.build:Building CMake package in '/home/arty/Documents/video_ros2/src/mqtt_bridge'
[0.299s] INFO:colcon.colcon_core.plugin_system:Skipping extension 'colcon_core.shell.bat': Not used on non-Windows systems
[0.300s] INFO:colcon.colcon_core.shell:Skip shell extension 'powershell' for command environment: Not usable outside of PowerShell
[0.300s] DEBUG:colcon.colcon_core.shell:Skip shell extension 'dsv' for command environment
[0.303s] INFO:colcon.colcon_ros.task.catkin.build:Building ROS package in '/home/arty/Documents/video_ros2/src/video_viewer_qt' with build type 'catkin'
[0.303s] INFO:colcon.colcon_cmake.task.cmake.build:Building CMake package in '/home/arty/Documents/video_ros2/src/video_viewer_qt'
[0.303s] INFO:colcon.colcon_core.shell:Skip shell extension 'powershell' for command environment: Not usable outside of PowerShell
[0.303s] DEBUG:colcon.colcon_core.shell:Skip shell extension 'dsv' for command environment
[0.315s] DEBUG:colcon.colcon_core.event_handler.log_command:Invoking command in '/home/arty/Documents/video_ros2/build/mqtt_bridge': CMAKE_PREFIX_PATH=/home/arty/Documents/video_ros2/install LD_LIBRARY_PATH=/home/arty/Documents/video_ros2/install/lib:${LD_LIBRARY_PATH} PKG_CONFIG_PATH=/home/arty/Documents/video_ros2/install/lib/x86_64-linux-gnu/pkgconfig:/home/arty/Documents/video_ros2/install/lib/pkgconfig PYTHONPATH=/home/arty/Documents/video_ros2/install/local/lib/python3.10/dist-packages:${PYTHONPATH} ROS_PACKAGE_PATH=/home/arty/Documents/video_ros2/install/share /usr/bin/cmake --build /home/arty/Documents/video_ros2/build/mqtt_bridge -- -j16 -l16
[0.318s] DEBUG:colcon.colcon_core.event_handler.log_command:Invoking command in '/home/arty/Documents/video_ros2/build/video_viewer_qt': CMAKE_PREFIX_PATH=/home/arty/Documents/video_ros2/install LD_LIBRARY_PATH=/home/arty/Documents/video_ros2/install/lib:${LD_LIBRARY_PATH} PKG_CONFIG_PATH=/home/arty/Documents/video_ros2/install/lib/x86_64-linux-gnu/pkgconfig:/home/arty/Documents/video_ros2/install/lib/pkgconfig PYTHONPATH=/home/arty/Documents/video_ros2/install/local/lib/python3.10/dist-packages:${PYTHONPATH} ROS_PACKAGE_PATH=/home/arty/Documents/video_ros2/install/share /usr/bin/cmake --build /home/arty/Documents/video_ros2/build/video_viewer_qt -- -j16 -l16
[9.445s] DEBUG:colcon.colcon_core.event_handler.log_command:Invoked command in '/home/arty/Documents/video_ros2/build/mqtt_bridge' returned '0': CMAKE_PREFIX_PATH=/home/arty/Documents/video_ros2/install LD_LIBRARY_PATH=/home/arty/Documents/video_ros2/install/lib:${LD_LIBRARY_PATH} PKG_CONFIG_PATH=/home/arty/Documents/video_ros2/install/lib/x86_64-linux-gnu/pkgconfig:/home/arty/Documents/video_ros2/install/lib/pkgconfig PYTHONPATH=/home/arty/Documents/video_ros2/install/local/lib/python3.10/dist-packages:${PYTHONPATH} ROS_PACKAGE_PATH=/home/arty/Documents/video_ros2/install/share /usr/bin/cmake --build /home/arty/Documents/video_ros2/build/mqtt_bridge -- -j16 -l16
[9.459s] DEBUG:colcon.colcon_core.event_handler.log_command:Invoking command in '/home/arty/Documents/video_ros2/build/mqtt_bridge': CMAKE_PREFIX_PATH=/home/arty/Documents/video_ros2/install LD_LIBRARY_PATH=/home/arty/Documents/video_ros2/install/lib:${LD_LIBRARY_PATH} PKG_CONFIG_PATH=/home/arty/Documents/video_ros2/install/lib/x86_64-linux-gnu/pkgconfig:/home/arty/Documents/video_ros2/install/lib/pkgconfig PYTHONPATH=/home/arty/Documents/video_ros2/install/local/lib/python3.10/dist-packages:${PYTHONPATH} ROS_PACKAGE_PATH=/home/arty/Documents/video_ros2/install/share /usr/bin/cmake --install /home/arty/Documents/video_ros2/build/mqtt_bridge
[9.470s] Level 1:colcon.colcon_core.shell:create_environment_hook('mqtt_bridge', 'ros_package_path')
[9.471s] INFO:colcon.colcon_core.shell:Creating environment hook '/home/arty/Documents/video_ros2/install/share/mqtt_bridge/hook/ros_package_path.ps1'
[9.472s] DEBUG:colcon.colcon_core.event_handler.log_command:Invoked command in '/home/arty/Documents/video_ros2/build/mqtt_bridge' returned '0': CMAKE_PREFIX_PATH=/home/arty/Documents/video_ros2/install LD_LIBRARY_PATH=/home/arty/Documents/video_ros2/install/lib:${LD_LIBRARY_PATH} PKG_CONFIG_PATH=/home/arty/Documents/video_ros2/install/lib/x86_64-linux-gnu/pkgconfig:/home/arty/Documents/video_ros2/install/lib/pkgconfig PYTHONPATH=/home/arty/Documents/video_ros2/install/local/lib/python3.10/dist-packages:${PYTHONPATH} ROS_PACKAGE_PATH=/home/arty/Documents/video_ros2/install/share /usr/bin/cmake --install /home/arty/Documents/video_ros2/build/mqtt_bridge
[9.473s] INFO:colcon.colcon_core.shell:Creating environment descriptor '/home/arty/Documents/video_ros2/install/share/mqtt_bridge/hook/ros_package_path.dsv'
[9.473s] INFO:colcon.colcon_core.shell:Creating environment hook '/home/arty/Documents/video_ros2/install/share/mqtt_bridge/hook/ros_package_path.sh'
[9.474s] Level 1:colcon.colcon_core.shell:create_environment_hook('mqtt_bridge', 'pkg_config_path')
[9.475s] INFO:colcon.colcon_core.shell:Creating environment hook '/home/arty/Documents/video_ros2/install/share/mqtt_bridge/hook/pkg_config_path.ps1'
[9.475s] INFO:colcon.colcon_core.shell:Creating environment descriptor '/home/arty/Documents/video_ros2/install/share/mqtt_bridge/hook/pkg_config_path.dsv'
[9.475s] INFO:colcon.colcon_core.shell:Creating environment hook '/home/arty/Documents/video_ros2/install/share/mqtt_bridge/hook/pkg_config_path.sh'
[9.477s] Level 1:colcon.colcon_core.shell:create_environment_hook('mqtt_bridge', 'pkg_config_path_multiarch')
[9.477s] INFO:colcon.colcon_core.shell:Creating environment hook '/home/arty/Documents/video_ros2/install/share/mqtt_bridge/hook/pkg_config_path_multiarch.ps1'
[9.478s] INFO:colcon.colcon_core.shell:Creating environment descriptor '/home/arty/Documents/video_ros2/install/share/mqtt_bridge/hook/pkg_config_path_multiarch.dsv'
[9.478s] INFO:colcon.colcon_core.shell:Creating environment hook '/home/arty/Documents/video_ros2/install/share/mqtt_bridge/hook/pkg_config_path_multiarch.sh'
[9.479s] Level 1:colcon.colcon_core.environment:create_environment_scripts_only(mqtt_bridge)
[9.481s] Level 1:colcon.colcon_core.environment:checking '/home/arty/Documents/video_ros2/install' for CMake module files
[9.481s] Level 1:colcon.colcon_core.environment:checking '/home/arty/Documents/video_ros2/install' for CMake config files
[9.482s] Level 1:colcon.colcon_core.shell:create_environment_hook('mqtt_bridge', 'cmake_prefix_path')
[9.482s] INFO:colcon.colcon_core.shell:Creating environment hook '/home/arty/Documents/video_ros2/install/share/mqtt_bridge/hook/cmake_prefix_path.ps1'
[9.482s] INFO:colcon.colcon_core.shell:Creating environment descriptor '/home/arty/Documents/video_ros2/install/share/mqtt_bridge/hook/cmake_prefix_path.dsv'
[9.482s] INFO:colcon.colcon_core.shell:Creating environment hook '/home/arty/Documents/video_ros2/install/share/mqtt_bridge/hook/cmake_prefix_path.sh'
[9.483s] Level 1:colcon.colcon_core.environment:checking '/home/arty/Documents/video_ros2/install/lib'
[9.483s] Level 1:colcon.colcon_core.shell:create_environment_hook('mqtt_bridge', 'ld_library_path_lib')
[9.483s] INFO:colcon.colcon_core.shell:Creating environment hook '/home/arty/Documents/video_ros2/install/share/mqtt_bridge/hook/ld_library_path_lib.ps1'
[9.484s] INFO:colcon.colcon_core.shell:Creating environment descriptor '/home/arty/Documents/video_ros2/install/share/mqtt_bridge/hook/ld_library_path_lib.dsv'
[9.484s] INFO:colcon.colcon_core.shell:Creating environment hook '/home/arty/Documents/video_ros2/install/share/mqtt_bridge/hook/ld_library_path_lib.sh'
[9.484s] Level 1:colcon.colcon_core.environment:checking '/home/arty/Documents/video_ros2/install/bin'
[9.484s] Level 1:colcon.colcon_core.environment:checking '/home/arty/Documents/video_ros2/install/lib/pkgconfig/mqtt_bridge.pc'
[9.485s] Level 1:colcon.colcon_core.environment:checking '/home/arty/Documents/video_ros2/install/lib/python3.10/site-packages'
[9.485s] Level 1:colcon.colcon_core.environment:checking '/home/arty/Documents/video_ros2/install/bin'
[9.485s] INFO:colcon.colcon_core.shell:Creating package script '/home/arty/Documents/video_ros2/install/share/mqtt_bridge/package.ps1'
[9.487s] INFO:colcon.colcon_core.shell:Creating package descriptor '/home/arty/Documents/video_ros2/install/share/mqtt_bridge/package.dsv'
[9.488s] INFO:colcon.colcon_core.shell:Creating package script '/home/arty/Documents/video_ros2/install/share/mqtt_bridge/package.sh'
[9.489s] INFO:colcon.colcon_core.shell:Creating package script '/home/arty/Documents/video_ros2/install/share/mqtt_bridge/package.bash'
[9.489s] INFO:colcon.colcon_core.shell:Creating package script '/home/arty/Documents/video_ros2/install/share/mqtt_bridge/package.zsh'
[9.490s] Level 1:colcon.colcon_core.environment:create_file_with_runtime_dependencies(/home/arty/Documents/video_ros2/install/share/colcon-core/packages/mqtt_bridge)
[14.927s] DEBUG:colcon.colcon_core.event_handler.log_command:Invoked command in '/home/arty/Documents/video_ros2/build/video_viewer_qt' returned '0': CMAKE_PREFIX_PATH=/home/arty/Documents/video_ros2/install LD_LIBRARY_PATH=/home/arty/Documents/video_ros2/install/lib:${LD_LIBRARY_PATH} PKG_CONFIG_PATH=/home/arty/Documents/video_ros2/install/lib/x86_64-linux-gnu/pkgconfig:/home/arty/Documents/video_ros2/install/lib/pkgconfig PYTHONPATH=/home/arty/Documents/video_ros2/install/local/lib/python3.10/dist-packages:${PYTHONPATH} ROS_PACKAGE_PATH=/home/arty/Documents/video_ros2/install/share /usr/bin/cmake --build /home/arty/Documents/video_ros2/build/video_viewer_qt -- -j16 -l16
[14.929s] DEBUG:colcon.colcon_core.event_handler.log_command:Invoking command in '/home/arty/Documents/video_ros2/build/video_viewer_qt': CMAKE_PREFIX_PATH=/home/arty/Documents/video_ros2/install LD_LIBRARY_PATH=/home/arty/Documents/video_ros2/install/lib:${LD_LIBRARY_PATH} PKG_CONFIG_PATH=/home/arty/Documents/video_ros2/install/lib/x86_64-linux-gnu/pkgconfig:/home/arty/Documents/video_ros2/install/lib/pkgconfig PYTHONPATH=/home/arty/Documents/video_ros2/install/local/lib/python3.10/dist-packages:${PYTHONPATH} ROS_PACKAGE_PATH=/home/arty/Documents/video_ros2/install/share /usr/bin/cmake --install /home/arty/Documents/video_ros2/build/video_viewer_qt
[14.948s] DEBUG:colcon.colcon_core.event_handler.log_command:Invoked command in '/home/arty/Documents/video_ros2/build/video_viewer_qt' returned '0': CMAKE_PREFIX_PATH=/home/arty/Documents/video_ros2/install LD_LIBRARY_PATH=/home/arty/Documents/video_ros2/install/lib:${LD_LIBRARY_PATH} PKG_CONFIG_PATH=/home/arty/Documents/video_ros2/install/lib/x86_64-linux-gnu/pkgconfig:/home/arty/Documents/video_ros2/install/lib/pkgconfig PYTHONPATH=/home/arty/Documents/video_ros2/install/local/lib/python3.10/dist-packages:${PYTHONPATH} ROS_PACKAGE_PATH=/home/arty/Documents/video_ros2/install/share /usr/bin/cmake --install /home/arty/Documents/video_ros2/build/video_viewer_qt
[14.949s] Level 1:colcon.colcon_core.shell:create_environment_hook('video_viewer_qt', 'ros_package_path')
[14.949s] INFO:colcon.colcon_core.shell:Creating environment hook '/home/arty/Documents/video_ros2/install/share/video_viewer_qt/hook/ros_package_path.ps1'
[14.949s] INFO:colcon.colcon_core.shell:Creating environment descriptor '/home/arty/Documents/video_ros2/install/share/video_viewer_qt/hook/ros_package_path.dsv'
[14.949s] INFO:colcon.colcon_core.shell:Creating environment hook '/home/arty/Documents/video_ros2/install/share/video_viewer_qt/hook/ros_package_path.sh'
[14.950s] Level 1:colcon.colcon_core.shell:create_environment_hook('video_viewer_qt', 'pkg_config_path')
[14.950s] INFO:colcon.colcon_core.shell:Creating environment hook '/home/arty/Documents/video_ros2/install/share/video_viewer_qt/hook/pkg_config_path.ps1'
[14.950s] INFO:colcon.colcon_core.shell:Creating environment descriptor '/home/arty/Documents/video_ros2/install/share/video_viewer_qt/hook/pkg_config_path.dsv'
[14.950s] INFO:colcon.colcon_core.shell:Creating environment hook '/home/arty/Documents/video_ros2/install/share/video_viewer_qt/hook/pkg_config_path.sh'
[14.951s] Level 1:colcon.colcon_core.shell:create_environment_hook('video_viewer_qt', 'pkg_config_path_multiarch')
[14.951s] INFO:colcon.colcon_core.shell:Creating environment hook '/home/arty/Documents/video_ros2/install/share/video_viewer_qt/hook/pkg_config_path_multiarch.ps1'
[14.951s] INFO:colcon.colcon_core.shell:Creating environment descriptor '/home/arty/Documents/video_ros2/install/share/video_viewer_qt/hook/pkg_config_path_multiarch.dsv'
[14.951s] INFO:colcon.colcon_core.shell:Creating environment hook '/home/arty/Documents/video_ros2/install/share/video_viewer_qt/hook/pkg_config_path_multiarch.sh'
[14.951s] Level 1:colcon.colcon_core.environment:create_environment_scripts_only(video_viewer_qt)
[14.951s] Level 1:colcon.colcon_core.environment:checking '/home/arty/Documents/video_ros2/install' for CMake module files
[14.952s] Level 1:colcon.colcon_core.environment:checking '/home/arty/Documents/video_ros2/install' for CMake config files
[14.953s] Level 1:colcon.colcon_core.shell:create_environment_hook('video_viewer_qt', 'cmake_prefix_path')
[14.953s] INFO:colcon.colcon_core.shell:Creating environment hook '/home/arty/Documents/video_ros2/install/share/video_viewer_qt/hook/cmake_prefix_path.ps1'
[14.954s] INFO:colcon.colcon_core.shell:Creating environment descriptor '/home/arty/Documents/video_ros2/install/share/video_viewer_qt/hook/cmake_prefix_path.dsv'
[14.955s] INFO:colcon.colcon_core.shell:Creating environment hook '/home/arty/Documents/video_ros2/install/share/video_viewer_qt/hook/cmake_prefix_path.sh'
[14.956s] Level 1:colcon.colcon_core.environment:checking '/home/arty/Documents/video_ros2/install/lib'
[14.956s] Level 1:colcon.colcon_core.shell:create_environment_hook('video_viewer_qt', 'ld_library_path_lib')
[14.957s] INFO:colcon.colcon_core.shell:Creating environment hook '/home/arty/Documents/video_ros2/install/share/video_viewer_qt/hook/ld_library_path_lib.ps1'
[14.959s] INFO:colcon.colcon_core.shell:Creating environment descriptor '/home/arty/Documents/video_ros2/install/share/video_viewer_qt/hook/ld_library_path_lib.dsv'
[14.959s] INFO:colcon.colcon_core.shell:Creating environment hook '/home/arty/Documents/video_ros2/install/share/video_viewer_qt/hook/ld_library_path_lib.sh'
[14.960s] Level 1:colcon.colcon_core.environment:checking '/home/arty/Documents/video_ros2/install/bin'
[14.960s] Level 1:colcon.colcon_core.environment:checking '/home/arty/Documents/video_ros2/install/lib/pkgconfig/video_viewer_qt.pc'
[14.960s] Level 1:colcon.colcon_core.environment:checking '/home/arty/Documents/video_ros2/install/lib/python3.10/site-packages'
[14.961s] Level 1:colcon.colcon_core.environment:checking '/home/arty/Documents/video_ros2/install/bin'
[14.962s] INFO:colcon.colcon_core.shell:Creating package script '/home/arty/Documents/video_ros2/install/share/video_viewer_qt/package.ps1'
[14.963s] INFO:colcon.colcon_core.shell:Creating package descriptor '/home/arty/Documents/video_ros2/install/share/video_viewer_qt/package.dsv'
[14.964s] INFO:colcon.colcon_core.shell:Creating package script '/home/arty/Documents/video_ros2/install/share/video_viewer_qt/package.sh'
[14.965s] INFO:colcon.colcon_core.shell:Creating package script '/home/arty/Documents/video_ros2/install/share/video_viewer_qt/package.bash'
[14.966s] INFO:colcon.colcon_core.shell:Creating package script '/home/arty/Documents/video_ros2/install/share/video_viewer_qt/package.zsh'
[14.966s] Level 1:colcon.colcon_core.environment:create_file_with_runtime_dependencies(/home/arty/Documents/video_ros2/install/share/colcon-core/packages/video_viewer_qt)
[14.966s] DEBUG:colcon.colcon_parallel_executor.executor.parallel:closing loop
[14.967s] DEBUG:colcon.colcon_parallel_executor.executor.parallel:loop closed
[14.967s] DEBUG:colcon.colcon_parallel_executor.executor.parallel:run_until_complete finished with '0'
[14.967s] DEBUG:colcon.colcon_core.event_reactor:joining thread
[14.975s] INFO:colcon.colcon_core.plugin_system:Skipping extension 'colcon_notification.desktop_notification.terminal_notifier': Not used on non-Darwin systems
[14.975s] INFO:colcon.colcon_core.plugin_system:Skipping extension 'colcon_notification.desktop_notification.win32': Not used on non-Windows systems
[14.975s] INFO:colcon.colcon_notification.desktop_notification:Sending desktop notification using 'notify2'
[14.990s] DEBUG:colcon.colcon_core.event_reactor:joined thread
[14.990s] INFO:colcon.colcon_core.shell:Creating prefix script '/home/arty/Documents/video_ros2/install/local_setup.ps1'
[14.991s] INFO:colcon.colcon_core.shell:Creating prefix util module '/home/arty/Documents/video_ros2/install/_local_setup_util_ps1.py'
[14.992s] INFO:colcon.colcon_core.shell:Creating prefix chain script '/home/arty/Documents/video_ros2/install/setup.ps1'
[14.993s] INFO:colcon.colcon_core.shell:Creating prefix script '/home/arty/Documents/video_ros2/install/local_setup.sh'
[14.994s] INFO:colcon.colcon_core.shell:Creating prefix util module '/home/arty/Documents/video_ros2/install/_local_setup_util_sh.py'
[14.994s] INFO:colcon.colcon_core.shell:Creating prefix chain script '/home/arty/Documents/video_ros2/install/setup.sh'
[14.995s] INFO:colcon.colcon_core.shell:Creating prefix script '/home/arty/Documents/video_ros2/install/local_setup.bash'
[14.995s] INFO:colcon.colcon_core.shell:Creating prefix chain script '/home/arty/Documents/video_ros2/install/setup.bash'
[14.996s] INFO:colcon.colcon_core.shell:Creating prefix script '/home/arty/Documents/video_ros2/install/local_setup.zsh'
[14.996s] INFO:colcon.colcon_core.shell:Creating prefix chain script '/home/arty/Documents/video_ros2/install/setup.zsh'
