[0.012s] Invoking command in '/home/arty/Documents/video_ros2/build/video_viewer_qt': /usr/bin/cmake --build /home/arty/Documents/video_ros2/build/video_viewer_qt -- -j16 -l16
[0.048s] -- Found ament_cmake: 1.3.14 (/opt/ros/humble/share/ament_cmake/cmake)
[0.216s] -- Found rclcpp: 16.0.19 (/opt/ros/humble/share/rclcpp/cmake)
[0.244s] -- Found rosidl_generator_c: 3.1.8 (/opt/ros/humble/share/rosidl_generator_c/cmake)
[0.247s] -- Found rosidl_adapter: 3.1.8 (/opt/ros/humble/share/rosidl_adapter/cmake)
[0.254s] -- Found rosidl_generator_cpp: 3.1.8 (/opt/ros/humble/share/rosidl_generator_cpp/cmake)
[0.264s] -- Using all available rosidl_typesupport_c: rosidl_typesupport_fastrtps_c;rosidl_typesupport_introspection_c
[0.276s] -- Using all available rosidl_typesupport_cpp: rosidl_typesupport_fastrtps_cpp;rosidl_typesupport_introspection_cpp
[0.309s] -- Found rmw_implementation_cmake: 6.1.2 (/opt/ros/humble/share/rmw_implementation_cmake/cmake)
[0.310s] -- Found rmw_fastrtps_cpp: 6.2.10 (/opt/ros/humble/share/rmw_fastrtps_cpp/cmake)
[0.423s] -- Using RMW implementation 'rmw_fastrtps_cpp' as default
[0.472s] -- Found sensor_msgs: 4.9.1 (/opt/ros/humble/share/sensor_msgs/cmake)
[0.501s] -- Found video_interfaces: 0.1.0 (/home/arty/Documents/video_ros2/install/share/video_interfaces/cmake)
[0.673s] -- Configuring done
[0.699s] -- Generating done
[0.707s] -- Build files have been written to: /home/arty/Documents/video_ros2/build/video_viewer_qt
[0.747s] [ 12%] Automatic MOC for target video_viewer_qt
[1.070s] [ 12%] Built target video_viewer_qt_autogen
[1.099s] Consolidate compiler generated dependencies of target video_viewer_qt
[1.123s] [ 25%] Building CXX object CMakeFiles/video_viewer_qt.dir/video_viewer_qt_autogen/mocs_compilation.cpp.o
[5.052s] [ 37%] Building CXX object CMakeFiles/video_viewer_qt.dir/video_viewer_qt_autogen/UVLADIE3JM/qrc_qml.cpp.o
[5.083s] [ 50%] Building CXX object CMakeFiles/video_viewer_qt.dir/src/viewer_image_provider.cpp.o
[8.525s] [ 62%] Building CXX object CMakeFiles/video_viewer_qt.dir/src/viewer_backend.cpp.o
[20.735s] [ 75%] Building CXX object CMakeFiles/video_viewer_qt.dir/src/main.cpp.o
[24.505s] [ 87%] Linking CXX executable video_viewer_qt
[26.145s] [100%] Built target video_viewer_qt
[26.164s] Invoked command in '/home/arty/Documents/video_ros2/build/video_viewer_qt' returned '0': /usr/bin/cmake --build /home/arty/Documents/video_ros2/build/video_viewer_qt -- -j16 -l16
[26.168s] Invoking command in '/home/arty/Documents/video_ros2/build/video_viewer_qt': /usr/bin/cmake --install /home/arty/Documents/video_ros2/build/video_viewer_qt
[26.179s] -- Install configuration: "Release"
[26.179s] -- Installing: /home/arty/Documents/video_ros2/install/lib/video_viewer_qt/video_viewer_qt
[26.181s] -- Set runtime path of "/home/arty/Documents/video_ros2/install/lib/video_viewer_qt/video_viewer_qt" to ""
[26.182s] -- Installing: /home/arty/Documents/video_ros2/install/share/ament_index/resource_index/package_run_dependencies/video_viewer_qt
[26.182s] -- Up-to-date: /home/arty/Documents/video_ros2/install/share/ament_index/resource_index/parent_prefix_path/video_viewer_qt
[26.182s] -- Up-to-date: /home/arty/Documents/video_ros2/install/share/video_viewer_qt/environment/ament_prefix_path.sh
[26.182s] -- Installing: /home/arty/Documents/video_ros2/install/share/video_viewer_qt/environment/ament_prefix_path.dsv
[26.182s] -- Up-to-date: /home/arty/Documents/video_ros2/install/share/video_viewer_qt/environment/path.sh
[26.182s] -- Installing: /home/arty/Documents/video_ros2/install/share/video_viewer_qt/environment/path.dsv
[26.182s] -- Up-to-date: /home/arty/Documents/video_ros2/install/share/video_viewer_qt/local_setup.bash
[26.182s] -- Up-to-date: /home/arty/Documents/video_ros2/install/share/video_viewer_qt/local_setup.sh
[26.182s] -- Up-to-date: /home/arty/Documents/video_ros2/install/share/video_viewer_qt/local_setup.zsh
[26.183s] -- Installing: /home/arty/Documents/video_ros2/install/share/video_viewer_qt/local_setup.dsv
[26.183s] -- Installing: /home/arty/Documents/video_ros2/install/share/video_viewer_qt/package.dsv
[26.183s] -- Up-to-date: /home/arty/Documents/video_ros2/install/share/ament_index/resource_index/packages/video_viewer_qt
[26.184s] -- Up-to-date: /home/arty/Documents/video_ros2/install/share/video_viewer_qt/cmake/video_viewer_qtConfig.cmake
[26.184s] -- Up-to-date: /home/arty/Documents/video_ros2/install/share/video_viewer_qt/cmake/video_viewer_qtConfig-version.cmake
[26.184s] -- Installing: /home/arty/Documents/video_ros2/install/share/video_viewer_qt/package.xml
[26.185s] Invoked command in '/home/arty/Documents/video_ros2/build/video_viewer_qt' returned '0': /usr/bin/cmake --install /home/arty/Documents/video_ros2/build/video_viewer_qt
