[0.013s] Invoking command in '/home/arty/Documents/video_ros2/build/video_viewer_qt': CMAKE_PREFIX_PATH=/home/arty/Documents/video_ros2/install LD_LIBRARY_PATH=/home/arty/Documents/video_ros2/install/lib:${LD_LIBRARY_PATH} PKG_CONFIG_PATH=/home/arty/Documents/video_ros2/install/lib/x86_64-linux-gnu/pkgconfig:/home/arty/Documents/video_ros2/install/lib/pkgconfig PYTHONPATH=/home/arty/Documents/video_ros2/install/local/lib/python3.10/dist-packages:${PYTHONPATH} ROS_PACKAGE_PATH=/home/arty/Documents/video_ros2/install/share /usr/bin/cmake --build /home/arty/Documents/video_ros2/build/video_viewer_qt -- -j16 -l16
[0.094s] [ 12%] Automatic MOC for target video_viewer_qt
[0.133s] [ 12%] Built target video_viewer_qt_autogen
[0.170s] Consolidate compiler generated dependencies of target video_viewer_qt
[0.193s] [100%] Built target video_viewer_qt
[0.205s] Invoked command in '/home/arty/Documents/video_ros2/build/video_viewer_qt' returned '0': CMAKE_PREFIX_PATH=/home/arty/Documents/video_ros2/install LD_LIBRARY_PATH=/home/arty/Documents/video_ros2/install/lib:${LD_LIBRARY_PATH} PKG_CONFIG_PATH=/home/arty/Documents/video_ros2/install/lib/x86_64-linux-gnu/pkgconfig:/home/arty/Documents/video_ros2/install/lib/pkgconfig PYTHONPATH=/home/arty/Documents/video_ros2/install/local/lib/python3.10/dist-packages:${PYTHONPATH} ROS_PACKAGE_PATH=/home/arty/Documents/video_ros2/install/share /usr/bin/cmake --build /home/arty/Documents/video_ros2/build/video_viewer_qt -- -j16 -l16
[0.214s] Invoking command in '/home/arty/Documents/video_ros2/build/video_viewer_qt': CMAKE_PREFIX_PATH=/home/arty/Documents/video_ros2/install LD_LIBRARY_PATH=/home/arty/Documents/video_ros2/install/lib:${LD_LIBRARY_PATH} PKG_CONFIG_PATH=/home/arty/Documents/video_ros2/install/lib/x86_64-linux-gnu/pkgconfig:/home/arty/Documents/video_ros2/install/lib/pkgconfig PYTHONPATH=/home/arty/Documents/video_ros2/install/local/lib/python3.10/dist-packages:${PYTHONPATH} ROS_PACKAGE_PATH=/home/arty/Documents/video_ros2/install/share /usr/bin/cmake --install /home/arty/Documents/video_ros2/build/video_viewer_qt
[0.223s] -- Install configuration: "Release"
[0.223s] -- Up-to-date: /home/arty/Documents/video_ros2/install/lib/video_viewer_qt/video_viewer_qt
[0.223s] -- Up-to-date: /home/arty/Documents/video_ros2/install/share/ament_index/resource_index/package_run_dependencies/video_viewer_qt
[0.223s] -- Up-to-date: /home/arty/Documents/video_ros2/install/share/ament_index/resource_index/parent_prefix_path/video_viewer_qt
[0.223s] -- Up-to-date: /home/arty/Documents/video_ros2/install/share/video_viewer_qt/environment/ament_prefix_path.sh
[0.223s] -- Up-to-date: /home/arty/Documents/video_ros2/install/share/video_viewer_qt/environment/ament_prefix_path.dsv
[0.224s] -- Up-to-date: /home/arty/Documents/video_ros2/install/share/video_viewer_qt/environment/path.sh
[0.224s] -- Up-to-date: /home/arty/Documents/video_ros2/install/share/video_viewer_qt/environment/path.dsv
[0.224s] -- Up-to-date: /home/arty/Documents/video_ros2/install/share/video_viewer_qt/local_setup.bash
[0.224s] -- Up-to-date: /home/arty/Documents/video_ros2/install/share/video_viewer_qt/local_setup.sh
[0.224s] -- Up-to-date: /home/arty/Documents/video_ros2/install/share/video_viewer_qt/local_setup.zsh
[0.224s] -- Up-to-date: /home/arty/Documents/video_ros2/install/share/video_viewer_qt/local_setup.dsv
[0.224s] -- Installing: /home/arty/Documents/video_ros2/install/share/video_viewer_qt/package.dsv
[0.224s] -- Up-to-date: /home/arty/Documents/video_ros2/install/share/ament_index/resource_index/packages/video_viewer_qt
[0.225s] -- Up-to-date: /home/arty/Documents/video_ros2/install/share/video_viewer_qt/cmake/video_viewer_qtConfig.cmake
[0.225s] -- Up-to-date: /home/arty/Documents/video_ros2/install/share/video_viewer_qt/cmake/video_viewer_qtConfig-version.cmake
[0.225s] -- Up-to-date: /home/arty/Documents/video_ros2/install/share/video_viewer_qt/package.xml
[0.226s] Invoked command in '/home/arty/Documents/video_ros2/build/video_viewer_qt' returned '0': CMAKE_PREFIX_PATH=/home/arty/Documents/video_ros2/install LD_LIBRARY_PATH=/home/arty/Documents/video_ros2/install/lib:${LD_LIBRARY_PATH} PKG_CONFIG_PATH=/home/arty/Documents/video_ros2/install/lib/x86_64-linux-gnu/pkgconfig:/home/arty/Documents/video_ros2/install/lib/pkgconfig PYTHONPATH=/home/arty/Documents/video_ros2/install/local/lib/python3.10/dist-packages:${PYTHONPATH} ROS_PACKAGE_PATH=/home/arty/Documents/video_ros2/install/share /usr/bin/cmake --install /home/arty/Documents/video_ros2/build/video_viewer_qt
