[0.015s] Invoking command in '/home/arty/Documents/video_ros2/build/mqtt_bridge': CMAKE_PREFIX_PATH=/home/arty/Documents/video_ros2/install LD_LIBRARY_PATH=/home/arty/Documents/video_ros2/install/lib:${LD_LIBRARY_PATH} PKG_CONFIG_PATH=/home/arty/Documents/video_ros2/install/lib/x86_64-linux-gnu/pkgconfig:/home/arty/Documents/video_ros2/install/lib/pkgconfig PYTHONPATH=/home/arty/Documents/video_ros2/install/local/lib/python3.10/dist-packages:${PYTHONPATH} ROS_PACKAGE_PATH=/home/arty/Documents/video_ros2/install/share /usr/bin/cmake --build /home/arty/Documents/video_ros2/build/mqtt_bridge -- -j16 -l16
[0.078s] [  5%] Automatic MOC for target qmqtt
[0.128s] [  5%] Built target qmqtt_autogen
[0.173s] [ 65%] Built target qmqtt
[0.201s] [ 70%] Automatic MOC for target mqtt_bridge_node
[0.611s] [ 75%] Built target mqtt_bridge_node_autogen
[0.633s] Consolidate compiler generated dependencies of target mqtt_bridge_node
[0.655s] [ 80%] Building CXX object CMakeFiles/mqtt_bridge_node.dir/src/mqtt_bridge_node.cpp.o
[8.409s] [ 85%] Linking CXX executable mqtt_bridge_node
[8.867s] [100%] Built target mqtt_bridge_node
[8.881s] Invoked command in '/home/arty/Documents/video_ros2/build/mqtt_bridge' returned '0': CMAKE_PREFIX_PATH=/home/arty/Documents/video_ros2/install LD_LIBRARY_PATH=/home/arty/Documents/video_ros2/install/lib:${LD_LIBRARY_PATH} PKG_CONFIG_PATH=/home/arty/Documents/video_ros2/install/lib/x86_64-linux-gnu/pkgconfig:/home/arty/Documents/video_ros2/install/lib/pkgconfig PYTHONPATH=/home/arty/Documents/video_ros2/install/local/lib/python3.10/dist-packages:${PYTHONPATH} ROS_PACKAGE_PATH=/home/arty/Documents/video_ros2/install/share /usr/bin/cmake --build /home/arty/Documents/video_ros2/build/mqtt_bridge -- -j16 -l16
[8.882s] Invoking command in '/home/arty/Documents/video_ros2/build/mqtt_bridge': CMAKE_PREFIX_PATH=/home/arty/Documents/video_ros2/install LD_LIBRARY_PATH=/home/arty/Documents/video_ros2/install/lib:${LD_LIBRARY_PATH} PKG_CONFIG_PATH=/home/arty/Documents/video_ros2/install/lib/x86_64-linux-gnu/pkgconfig:/home/arty/Documents/video_ros2/install/lib/pkgconfig PYTHONPATH=/home/arty/Documents/video_ros2/install/local/lib/python3.10/dist-packages:${PYTHONPATH} ROS_PACKAGE_PATH=/home/arty/Documents/video_ros2/install/share /usr/bin/cmake --install /home/arty/Documents/video_ros2/build/mqtt_bridge
[8.889s] -- Install configuration: "Release"
[8.890s] -- Up-to-date: /home/arty/Documents/video_ros2/install/lib/libqmqtt.so.1.0.5
[8.890s] -- Up-to-date: /home/arty/Documents/video_ros2/install/lib/libqmqtt.so.1
[8.890s] -- Up-to-date: /home/arty/Documents/video_ros2/install/lib/libqmqtt.so
[8.890s] -- Up-to-date: /home/arty/Documents/video_ros2/install/lib/cmake/qmqtt/qmqttTargets.cmake
[8.890s] -- Up-to-date: /home/arty/Documents/video_ros2/install/lib/cmake/qmqtt/qmqttTargets-release.cmake
[8.890s] -- Up-to-date: /home/arty/Documents/video_ros2/install/include/qmqtt_global.h
[8.890s] -- Up-to-date: /home/arty/Documents/video_ros2/install/include/qmqtt.h
[8.890s] -- Up-to-date: /home/arty/Documents/video_ros2/install/include/qmqtt_client.h
[8.891s] -- Up-to-date: /home/arty/Documents/video_ros2/install/include/qmqtt_frame.h
[8.891s] -- Up-to-date: /home/arty/Documents/video_ros2/install/include/qmqtt_message.h
[8.891s] -- Up-to-date: /home/arty/Documents/video_ros2/install/include/qmqtt_routesubscription.h
[8.891s] -- Up-to-date: /home/arty/Documents/video_ros2/install/include/qmqtt_routedmessage.h
[8.891s] -- Up-to-date: /home/arty/Documents/video_ros2/install/include/qmqtt_router.h
[8.891s] -- Up-to-date: /home/arty/Documents/video_ros2/install/include/qmqtt_networkinterface.h
[8.891s] -- Up-to-date: /home/arty/Documents/video_ros2/install/include/qmqtt_socketinterface.h
[8.891s] -- Up-to-date: /home/arty/Documents/video_ros2/install/include/qmqtt_timerinterface.h
[8.891s] -- Up-to-date: /home/arty/Documents/video_ros2/install/lib/cmake/qmqtt/qmqtt.cmake
[8.891s] -- Up-to-date: /home/arty/Documents/video_ros2/install/lib/cmake/qmqtt/qmqtt-release.cmake
[8.891s] -- Up-to-date: /home/arty/Documents/video_ros2/install/lib/cmake/qmqtt/qmqttConfig.cmake
[8.891s] -- Up-to-date: /home/arty/Documents/video_ros2/install/lib/cmake/qmqtt/qmqttConfigVersion.cmake
[8.891s] -- Installing: /home/arty/Documents/video_ros2/install/lib/mqtt_bridge/mqtt_bridge_node
[8.891s] -- Set runtime path of "/home/arty/Documents/video_ros2/install/lib/mqtt_bridge/mqtt_bridge_node" to ""
[8.891s] -- Up-to-date: /home/arty/Documents/video_ros2/install/share/ament_index/resource_index/package_run_dependencies/mqtt_bridge
[8.891s] -- Up-to-date: /home/arty/Documents/video_ros2/install/share/ament_index/resource_index/parent_prefix_path/mqtt_bridge
[8.891s] -- Up-to-date: /home/arty/Documents/video_ros2/install/share/mqtt_bridge/environment/ament_prefix_path.sh
[8.891s] -- Up-to-date: /home/arty/Documents/video_ros2/install/share/mqtt_bridge/environment/ament_prefix_path.dsv
[8.891s] -- Up-to-date: /home/arty/Documents/video_ros2/install/share/mqtt_bridge/environment/path.sh
[8.891s] -- Up-to-date: /home/arty/Documents/video_ros2/install/share/mqtt_bridge/environment/path.dsv
[8.891s] -- Up-to-date: /home/arty/Documents/video_ros2/install/share/mqtt_bridge/local_setup.bash
[8.891s] -- Up-to-date: /home/arty/Documents/video_ros2/install/share/mqtt_bridge/local_setup.sh
[8.891s] -- Up-to-date: /home/arty/Documents/video_ros2/install/share/mqtt_bridge/local_setup.zsh
[8.891s] -- Up-to-date: /home/arty/Documents/video_ros2/install/share/mqtt_bridge/local_setup.dsv
[8.891s] -- Installing: /home/arty/Documents/video_ros2/install/share/mqtt_bridge/package.dsv
[8.891s] -- Up-to-date: /home/arty/Documents/video_ros2/install/share/ament_index/resource_index/packages/mqtt_bridge
[8.891s] -- Up-to-date: /home/arty/Documents/video_ros2/install/share/mqtt_bridge/cmake/mqtt_bridgeConfig.cmake
[8.891s] -- Up-to-date: /home/arty/Documents/video_ros2/install/share/mqtt_bridge/cmake/mqtt_bridgeConfig-version.cmake
[8.892s] -- Up-to-date: /home/arty/Documents/video_ros2/install/share/mqtt_bridge/package.xml
[8.892s] Invoked command in '/home/arty/Documents/video_ros2/build/mqtt_bridge' returned '0': CMAKE_PREFIX_PATH=/home/arty/Documents/video_ros2/install LD_LIBRARY_PATH=/home/arty/Documents/video_ros2/install/lib:${LD_LIBRARY_PATH} PKG_CONFIG_PATH=/home/arty/Documents/video_ros2/install/lib/x86_64-linux-gnu/pkgconfig:/home/arty/Documents/video_ros2/install/lib/pkgconfig PYTHONPATH=/home/arty/Documents/video_ros2/install/local/lib/python3.10/dist-packages:${PYTHONPATH} ROS_PACKAGE_PATH=/home/arty/Documents/video_ros2/install/share /usr/bin/cmake --install /home/arty/Documents/video_ros2/build/mqtt_bridge
