[0.008s] Invoking command in '/home/arty/Documents/video_ros2/build/qmqtt': /usr/bin/cmake --build /home/arty/Documents/video_ros2/build/qmqtt -- -j16 -l16
[0.048s] [  7%] Automatic MOC for target qmqtt
[0.068s] [  7%] Built target qmqtt_autogen
[0.083s] Consolidate compiler generated dependencies of target qmqtt
[0.097s] [100%] Built target qmqtt
[0.112s] Invoked command in '/home/arty/Documents/video_ros2/build/qmqtt' returned '0': /usr/bin/cmake --build /home/arty/Documents/video_ros2/build/qmqtt -- -j16 -l16
[0.113s] Invoking command in '/home/arty/Documents/video_ros2/build/qmqtt': /usr/bin/cmake --install /home/arty/Documents/video_ros2/build/qmqtt
[0.122s] -- Install configuration: "Release"
[0.122s] -- Up-to-date: /home/arty/Documents/video_ros2/install/lib/libqmqtt.so.1.0.5
[0.122s] -- Up-to-date: /home/arty/Documents/video_ros2/install/lib/libqmqtt.so.1
[0.122s] -- Up-to-date: /home/arty/Documents/video_ros2/install/lib/libqmqtt.so
[0.122s] -- Up-to-date: /home/arty/Documents/video_ros2/install/lib/cmake/qmqtt/qmqttTargets.cmake
[0.122s] -- Up-to-date: /home/arty/Documents/video_ros2/install/lib/cmake/qmqtt/qmqttTargets-release.cmake
[0.123s] -- Up-to-date: /home/arty/Documents/video_ros2/install/include/qmqtt_global.h
[0.123s] -- Up-to-date: /home/arty/Documents/video_ros2/install/include/qmqtt.h
[0.123s] -- Up-to-date: /home/arty/Documents/video_ros2/install/include/qmqtt_client.h
[0.123s] -- Up-to-date: /home/arty/Documents/video_ros2/install/include/qmqtt_frame.h
[0.123s] -- Up-to-date: /home/arty/Documents/video_ros2/install/include/qmqtt_message.h
[0.123s] -- Up-to-date: /home/arty/Documents/video_ros2/install/include/qmqtt_routesubscription.h
[0.123s] -- Up-to-date: /home/arty/Documents/video_ros2/install/include/qmqtt_routedmessage.h
[0.123s] -- Up-to-date: /home/arty/Documents/video_ros2/install/include/qmqtt_router.h
[0.123s] -- Up-to-date: /home/arty/Documents/video_ros2/install/include/qmqtt_networkinterface.h
[0.123s] -- Up-to-date: /home/arty/Documents/video_ros2/install/include/qmqtt_socketinterface.h
[0.123s] -- Up-to-date: /home/arty/Documents/video_ros2/install/include/qmqtt_timerinterface.h
[0.123s] -- Up-to-date: /home/arty/Documents/video_ros2/install/lib/cmake/qmqtt/qmqtt.cmake
[0.123s] -- Up-to-date: /home/arty/Documents/video_ros2/install/lib/cmake/qmqtt/qmqtt-release.cmake
[0.123s] -- Up-to-date: /home/arty/Documents/video_ros2/install/lib/cmake/qmqtt/qmqttConfig.cmake
[0.123s] -- Up-to-date: /home/arty/Documents/video_ros2/install/lib/cmake/qmqtt/qmqttConfigVersion.cmake
[0.145s] Invoked command in '/home/arty/Documents/video_ros2/build/qmqtt' returned '0': /usr/bin/cmake --install /home/arty/Documents/video_ros2/build/qmqtt
