[0.009s] Invoking command in '/home/arty/Documents/video_ros2/build/video_interfaces': /usr/bin/cmake --build /home/arty/Documents/video_ros2/build/video_interfaces -- -j16 -l16
[0.048s] Consolidate compiler generated dependencies of target video_interfaces__rosidl_generator_c
[0.053s] [  3%] Built target video_interfaces__cpp
[0.054s] [  6%] Built target video_interfaces__rs
[0.059s] [ 15%] Built target video_interfaces__rosidl_generator_c
[0.061s] Consolidate compiler generated dependencies of target video_interfaces__rosidl_typesupport_introspection_cpp
[0.061s] Consolidate compiler generated dependencies of target video_interfaces__rosidl_typesupport_cpp
[0.066s] Consolidate compiler generated dependencies of target video_interfaces__rosidl_typesupport_fastrtps_cpp
[0.066s] Consolidate compiler generated dependencies of target video_interfaces__rosidl_typesupport_c
[0.066s] [ 15%] Built target ament_cmake_python_copy_video_interfaces
[0.068s] [ 34%] Built target video_interfaces__rosidl_typesupport_introspection_cpp
[0.068s] [ 34%] Built target video_interfaces__rosidl_typesupport_cpp
[0.070s] Consolidate compiler generated dependencies of target video_interfaces__rosidl_typesupport_introspection_c
[0.070s] Consolidate compiler generated dependencies of target video_interfaces__rosidl_typesupport_fastrtps_c
[0.073s] [ 43%] Built target video_interfaces__rosidl_typesupport_c
[0.077s] [ 53%] Built target video_interfaces__rosidl_typesupport_fastrtps_cpp
[0.080s] [ 62%] Built target video_interfaces__rosidl_typesupport_introspection_c
[0.083s] [ 71%] Built target video_interfaces__rosidl_typesupport_fastrtps_c
[0.102s] [ 71%] Built target video_interfaces
[0.120s] [ 75%] Built target video_interfaces__py
[0.157s] Consolidate compiler generated dependencies of target video_interfaces__rosidl_generator_py
[0.157s] [ 81%] Built target video_interfaces__rosidl_generator_py
[0.157s] Consolidate compiler generated dependencies of target video_interfaces__rosidl_typesupport_fastrtps_c__pyext
[0.157s] Consolidate compiler generated dependencies of target video_interfaces__rosidl_typesupport_c__pyext
[0.157s] Consolidate compiler generated dependencies of target video_interfaces__rosidl_typesupport_introspection_c__pyext
[0.161s] [ 87%] Built target video_interfaces__rosidl_typesupport_introspection_c__pyext
[0.162s] [ 96%] Built target video_interfaces__rosidl_typesupport_c__pyext
[0.162s] [100%] Built target video_interfaces__rosidl_typesupport_fastrtps_c__pyext
[0.213s] running egg_info
[0.214s] writing video_interfaces.egg-info/PKG-INFO
[0.214s] writing dependency_links to video_interfaces.egg-info/dependency_links.txt
[0.214s] writing top-level names to video_interfaces.egg-info/top_level.txt
[0.215s] reading manifest file 'video_interfaces.egg-info/SOURCES.txt'
[0.216s] writing manifest file 'video_interfaces.egg-info/SOURCES.txt'
[0.236s] [100%] Built target ament_cmake_python_build_video_interfaces_egg
[0.246s] Invoked command in '/home/arty/Documents/video_ros2/build/video_interfaces' returned '0': /usr/bin/cmake --build /home/arty/Documents/video_ros2/build/video_interfaces -- -j16 -l16
[0.247s] Invoking command in '/home/arty/Documents/video_ros2/build/video_interfaces': /usr/bin/cmake --install /home/arty/Documents/video_ros2/build/video_interfaces
[0.254s] -- Install configuration: "Release"
[0.254s] -- Up-to-date: /home/arty/Documents/video_ros2/install/share/ament_index/resource_index/rosidl_interfaces/video_interfaces
[0.254s] -- Up-to-date: /home/arty/Documents/video_ros2/install/include/video_interfaces/video_interfaces
[0.254s] -- Up-to-date: /home/arty/Documents/video_ros2/install/include/video_interfaces/video_interfaces/msg
[0.254s] -- Up-to-date: /home/arty/Documents/video_ros2/install/include/video_interfaces/video_interfaces/msg/encoded_frame.h
[0.254s] -- Up-to-date: /home/arty/Documents/video_ros2/install/include/video_interfaces/video_interfaces/msg/detail
[0.254s] -- Up-to-date: /home/arty/Documents/video_ros2/install/include/video_interfaces/video_interfaces/msg/detail/encoded_frame__struct.h
[0.254s] -- Up-to-date: /home/arty/Documents/video_ros2/install/include/video_interfaces/video_interfaces/msg/detail/encoded_frame__functions.c
[0.254s] -- Up-to-date: /home/arty/Documents/video_ros2/install/include/video_interfaces/video_interfaces/msg/detail/encoded_frame__type_support.h
[0.254s] -- Up-to-date: /home/arty/Documents/video_ros2/install/include/video_interfaces/video_interfaces/msg/detail/encoded_frame__functions.h
[0.254s] -- Up-to-date: /home/arty/Documents/video_ros2/install/include/video_interfaces/video_interfaces/msg/rosidl_generator_c__visibility_control.h
[0.255s] -- Up-to-date: /home/arty/Documents/video_ros2/install/share/video_interfaces/environment/library_path.sh
[0.255s] -- Up-to-date: /home/arty/Documents/video_ros2/install/share/video_interfaces/environment/library_path.dsv
[0.255s] -- Up-to-date: /home/arty/Documents/video_ros2/install/lib/libvideo_interfaces__rosidl_generator_c.so
[0.255s] -- Up-to-date: /home/arty/Documents/video_ros2/install/include/video_interfaces/video_interfaces
[0.255s] -- Up-to-date: /home/arty/Documents/video_ros2/install/include/video_interfaces/video_interfaces/msg
[0.255s] -- Up-to-date: /home/arty/Documents/video_ros2/install/include/video_interfaces/video_interfaces/msg/detail
[0.255s] -- Up-to-date: /home/arty/Documents/video_ros2/install/include/video_interfaces/video_interfaces/msg/detail/encoded_frame__rosidl_typesupport_fastrtps_c.h
[0.255s] -- Up-to-date: /home/arty/Documents/video_ros2/install/include/video_interfaces/video_interfaces/msg/rosidl_typesupport_fastrtps_c__visibility_control.h
[0.255s] -- Up-to-date: /home/arty/Documents/video_ros2/install/lib/libvideo_interfaces__rosidl_typesupport_fastrtps_c.so
[0.255s] -- Up-to-date: /home/arty/Documents/video_ros2/install/include/video_interfaces/video_interfaces
[0.255s] -- Up-to-date: /home/arty/Documents/video_ros2/install/include/video_interfaces/video_interfaces/msg
[0.255s] -- Up-to-date: /home/arty/Documents/video_ros2/install/include/video_interfaces/video_interfaces/msg/rosidl_typesupport_introspection_c__visibility_control.h
[0.255s] -- Up-to-date: /home/arty/Documents/video_ros2/install/include/video_interfaces/video_interfaces/msg/detail
[0.255s] -- Up-to-date: /home/arty/Documents/video_ros2/install/include/video_interfaces/video_interfaces/msg/detail/encoded_frame__rosidl_typesupport_introspection_c.h
[0.255s] -- Up-to-date: /home/arty/Documents/video_ros2/install/include/video_interfaces/video_interfaces/msg/detail/encoded_frame__type_support.c
[0.255s] -- Up-to-date: /home/arty/Documents/video_ros2/install/lib/libvideo_interfaces__rosidl_typesupport_introspection_c.so
[0.255s] -- Up-to-date: /home/arty/Documents/video_ros2/install/lib/libvideo_interfaces__rosidl_typesupport_c.so
[0.255s] -- Up-to-date: /home/arty/Documents/video_ros2/install/include/video_interfaces/video_interfaces
[0.255s] -- Up-to-date: /home/arty/Documents/video_ros2/install/include/video_interfaces/video_interfaces/msg
[0.255s] -- Up-to-date: /home/arty/Documents/video_ros2/install/include/video_interfaces/video_interfaces/msg/encoded_frame.hpp
[0.255s] -- Up-to-date: /home/arty/Documents/video_ros2/install/include/video_interfaces/video_interfaces/msg/detail
[0.255s] -- Up-to-date: /home/arty/Documents/video_ros2/install/include/video_interfaces/video_interfaces/msg/detail/encoded_frame__builder.hpp
[0.255s] -- Up-to-date: /home/arty/Documents/video_ros2/install/include/video_interfaces/video_interfaces/msg/detail/encoded_frame__type_support.hpp
[0.255s] -- Up-to-date: /home/arty/Documents/video_ros2/install/include/video_interfaces/video_interfaces/msg/detail/encoded_frame__struct.hpp
[0.255s] -- Up-to-date: /home/arty/Documents/video_ros2/install/include/video_interfaces/video_interfaces/msg/detail/encoded_frame__traits.hpp
[0.255s] -- Up-to-date: /home/arty/Documents/video_ros2/install/include/video_interfaces/video_interfaces/msg/rosidl_generator_cpp__visibility_control.hpp
[0.256s] -- Up-to-date: /home/arty/Documents/video_ros2/install/include/video_interfaces/video_interfaces
[0.256s] -- Up-to-date: /home/arty/Documents/video_ros2/install/include/video_interfaces/video_interfaces/msg
[0.256s] -- Up-to-date: /home/arty/Documents/video_ros2/install/include/video_interfaces/video_interfaces/msg/rosidl_typesupport_fastrtps_cpp__visibility_control.h
[0.256s] -- Up-to-date: /home/arty/Documents/video_ros2/install/include/video_interfaces/video_interfaces/msg/detail
[0.256s] -- Up-to-date: /home/arty/Documents/video_ros2/install/include/video_interfaces/video_interfaces/msg/detail/encoded_frame__rosidl_typesupport_fastrtps_cpp.hpp
[0.256s] -- Up-to-date: /home/arty/Documents/video_ros2/install/include/video_interfaces/video_interfaces/msg/detail/dds_fastrtps
[0.256s] -- Up-to-date: /home/arty/Documents/video_ros2/install/lib/libvideo_interfaces__rosidl_typesupport_fastrtps_cpp.so
[0.256s] -- Up-to-date: /home/arty/Documents/video_ros2/install/include/video_interfaces/video_interfaces
[0.256s] -- Up-to-date: /home/arty/Documents/video_ros2/install/include/video_interfaces/video_interfaces/msg
[0.256s] -- Up-to-date: /home/arty/Documents/video_ros2/install/include/video_interfaces/video_interfaces/msg/detail
[0.256s] -- Up-to-date: /home/arty/Documents/video_ros2/install/include/video_interfaces/video_interfaces/msg/detail/encoded_frame__rosidl_typesupport_introspection_cpp.hpp
[0.256s] -- Up-to-date: /home/arty/Documents/video_ros2/install/include/video_interfaces/video_interfaces/msg/detail/encoded_frame__type_support.cpp
[0.256s] -- Up-to-date: /home/arty/Documents/video_ros2/install/lib/libvideo_interfaces__rosidl_typesupport_introspection_cpp.so
[0.256s] -- Up-to-date: /home/arty/Documents/video_ros2/install/lib/libvideo_interfaces__rosidl_typesupport_cpp.so
[0.256s] -- Up-to-date: /home/arty/Documents/video_ros2/install/share/video_interfaces/environment/pythonpath.sh
[0.256s] -- Up-to-date: /home/arty/Documents/video_ros2/install/share/video_interfaces/environment/pythonpath.dsv
[0.256s] -- Up-to-date: /home/arty/Documents/video_ros2/install/local/lib/python3.10/dist-packages/video_interfaces-0.1.0-py3.10.egg-info
[0.256s] -- Installing: /home/arty/Documents/video_ros2/install/local/lib/python3.10/dist-packages/video_interfaces-0.1.0-py3.10.egg-info/top_level.txt
[0.257s] -- Installing: /home/arty/Documents/video_ros2/install/local/lib/python3.10/dist-packages/video_interfaces-0.1.0-py3.10.egg-info/SOURCES.txt
[0.257s] -- Installing: /home/arty/Documents/video_ros2/install/local/lib/python3.10/dist-packages/video_interfaces-0.1.0-py3.10.egg-info/dependency_links.txt
[0.257s] -- Installing: /home/arty/Documents/video_ros2/install/local/lib/python3.10/dist-packages/video_interfaces-0.1.0-py3.10.egg-info/PKG-INFO
[0.257s] -- Up-to-date: /home/arty/Documents/video_ros2/install/local/lib/python3.10/dist-packages/video_interfaces
[0.257s] -- Up-to-date: /home/arty/Documents/video_ros2/install/local/lib/python3.10/dist-packages/video_interfaces/__init__.py
[0.257s] -- Up-to-date: /home/arty/Documents/video_ros2/install/local/lib/python3.10/dist-packages/video_interfaces/_video_interfaces_s.ep.rosidl_typesupport_introspection_c.c
[0.257s] -- Up-to-date: /home/arty/Documents/video_ros2/install/local/lib/python3.10/dist-packages/video_interfaces/video_interfaces_s__rosidl_typesupport_fastrtps_c.cpython-310-x86_64-linux-gnu.so
[0.258s] -- Up-to-date: /home/arty/Documents/video_ros2/install/local/lib/python3.10/dist-packages/video_interfaces/msg
[0.258s] -- Up-to-date: /home/arty/Documents/video_ros2/install/local/lib/python3.10/dist-packages/video_interfaces/msg/_encoded_frame_s.c
[0.258s] -- Up-to-date: /home/arty/Documents/video_ros2/install/local/lib/python3.10/dist-packages/video_interfaces/msg/__init__.py
[0.258s] -- Up-to-date: /home/arty/Documents/video_ros2/install/local/lib/python3.10/dist-packages/video_interfaces/msg/_encoded_frame.py
[0.258s] -- Up-to-date: /home/arty/Documents/video_ros2/install/local/lib/python3.10/dist-packages/video_interfaces/libvideo_interfaces__rosidl_generator_py.so
[0.258s] -- Up-to-date: /home/arty/Documents/video_ros2/install/local/lib/python3.10/dist-packages/video_interfaces/_video_interfaces_s.ep.rosidl_typesupport_c.c
[0.258s] -- Up-to-date: /home/arty/Documents/video_ros2/install/local/lib/python3.10/dist-packages/video_interfaces/video_interfaces_s__rosidl_typesupport_c.cpython-310-x86_64-linux-gnu.so
[0.258s] -- Up-to-date: /home/arty/Documents/video_ros2/install/local/lib/python3.10/dist-packages/video_interfaces/_video_interfaces_s.ep.rosidl_typesupport_fastrtps_c.c
[0.258s] -- Up-to-date: /home/arty/Documents/video_ros2/install/local/lib/python3.10/dist-packages/video_interfaces/video_interfaces_s__rosidl_typesupport_introspection_c.cpython-310-x86_64-linux-gnu.so
[0.278s] Listing '/home/arty/Documents/video_ros2/install/local/lib/python3.10/dist-packages/video_interfaces'...
[0.278s] Listing '/home/arty/Documents/video_ros2/install/local/lib/python3.10/dist-packages/video_interfaces/msg'...
[0.281s] -- Up-to-date: /home/arty/Documents/video_ros2/install/local/lib/python3.10/dist-packages/video_interfaces/video_interfaces_s__rosidl_typesupport_fastrtps_c.cpython-310-x86_64-linux-gnu.so
[0.281s] -- Up-to-date: /home/arty/Documents/video_ros2/install/local/lib/python3.10/dist-packages/video_interfaces/video_interfaces_s__rosidl_typesupport_introspection_c.cpython-310-x86_64-linux-gnu.so
[0.281s] -- Up-to-date: /home/arty/Documents/video_ros2/install/local/lib/python3.10/dist-packages/video_interfaces/video_interfaces_s__rosidl_typesupport_c.cpython-310-x86_64-linux-gnu.so
[0.281s] -- Up-to-date: /home/arty/Documents/video_ros2/install/lib/libvideo_interfaces__rosidl_generator_py.so
[0.281s] -- Up-to-date: /home/arty/Documents/video_ros2/install/share/ament_index/resource_index/rust_packages/video_interfaces
[0.281s] -- Up-to-date: /home/arty/Documents/video_ros2/install/share/video_interfaces/rust
[0.281s] -- Up-to-date: /home/arty/Documents/video_ros2/install/share/video_interfaces/rust/src
[0.281s] -- Up-to-date: /home/arty/Documents/video_ros2/install/share/video_interfaces/rust/src/msg
[0.282s] -- Up-to-date: /home/arty/Documents/video_ros2/install/share/video_interfaces/rust/src/msg/rmw.rs
[0.282s] -- Up-to-date: /home/arty/Documents/video_ros2/install/share/video_interfaces/rust/src/lib.rs
[0.282s] -- Up-to-date: /home/arty/Documents/video_ros2/install/share/video_interfaces/rust/src/msg.rs
[0.282s] -- Up-to-date: /home/arty/Documents/video_ros2/install/share/video_interfaces/rust/build.rs
[0.282s] -- Up-to-date: /home/arty/Documents/video_ros2/install/share/video_interfaces/rust/Cargo.toml
[0.282s] -- Up-to-date: /home/arty/Documents/video_ros2/install/share/video_interfaces/msg/EncodedFrame.idl
[0.283s] -- Up-to-date: /home/arty/Documents/video_ros2/install/share/video_interfaces/msg/EncodedFrame.msg
[0.283s] -- Up-to-date: /home/arty/Documents/video_ros2/install/share/ament_index/resource_index/package_run_dependencies/video_interfaces
[0.283s] -- Up-to-date: /home/arty/Documents/video_ros2/install/share/ament_index/resource_index/parent_prefix_path/video_interfaces
[0.283s] -- Up-to-date: /home/arty/Documents/video_ros2/install/share/video_interfaces/environment/ament_prefix_path.sh
[0.283s] -- Up-to-date: /home/arty/Documents/video_ros2/install/share/video_interfaces/environment/ament_prefix_path.dsv
[0.284s] -- Up-to-date: /home/arty/Documents/video_ros2/install/share/video_interfaces/environment/path.sh
[0.284s] -- Up-to-date: /home/arty/Documents/video_ros2/install/share/video_interfaces/environment/path.dsv
[0.284s] -- Up-to-date: /home/arty/Documents/video_ros2/install/share/video_interfaces/local_setup.bash
[0.284s] -- Up-to-date: /home/arty/Documents/video_ros2/install/share/video_interfaces/local_setup.sh
[0.284s] -- Up-to-date: /home/arty/Documents/video_ros2/install/share/video_interfaces/local_setup.zsh
[0.284s] -- Up-to-date: /home/arty/Documents/video_ros2/install/share/video_interfaces/local_setup.dsv
[0.284s] -- Installing: /home/arty/Documents/video_ros2/install/share/video_interfaces/package.dsv
[0.284s] -- Up-to-date: /home/arty/Documents/video_ros2/install/share/ament_index/resource_index/packages/video_interfaces
[0.285s] -- Up-to-date: /home/arty/Documents/video_ros2/install/share/video_interfaces/cmake/export_video_interfaces__rosidl_generator_cExport.cmake
[0.286s] -- Up-to-date: /home/arty/Documents/video_ros2/install/share/video_interfaces/cmake/export_video_interfaces__rosidl_generator_cExport-release.cmake
[0.286s] -- Up-to-date: /home/arty/Documents/video_ros2/install/share/video_interfaces/cmake/export_video_interfaces__rosidl_typesupport_fastrtps_cExport.cmake
[0.286s] -- Up-to-date: /home/arty/Documents/video_ros2/install/share/video_interfaces/cmake/export_video_interfaces__rosidl_typesupport_fastrtps_cExport-release.cmake
[0.286s] -- Up-to-date: /home/arty/Documents/video_ros2/install/share/video_interfaces/cmake/video_interfaces__rosidl_typesupport_introspection_cExport.cmake
[0.286s] -- Up-to-date: /home/arty/Documents/video_ros2/install/share/video_interfaces/cmake/video_interfaces__rosidl_typesupport_introspection_cExport-release.cmake
[0.286s] -- Up-to-date: /home/arty/Documents/video_ros2/install/share/video_interfaces/cmake/video_interfaces__rosidl_typesupport_cExport.cmake
[0.286s] -- Up-to-date: /home/arty/Documents/video_ros2/install/share/video_interfaces/cmake/video_interfaces__rosidl_typesupport_cExport-release.cmake
[0.287s] -- Up-to-date: /home/arty/Documents/video_ros2/install/share/video_interfaces/cmake/export_video_interfaces__rosidl_generator_cppExport.cmake
[0.287s] -- Up-to-date: /home/arty/Documents/video_ros2/install/share/video_interfaces/cmake/export_video_interfaces__rosidl_typesupport_fastrtps_cppExport.cmake
[0.287s] -- Up-to-date: /home/arty/Documents/video_ros2/install/share/video_interfaces/cmake/export_video_interfaces__rosidl_typesupport_fastrtps_cppExport-release.cmake
[0.287s] -- Up-to-date: /home/arty/Documents/video_ros2/install/share/video_interfaces/cmake/video_interfaces__rosidl_typesupport_introspection_cppExport.cmake
[0.287s] -- Up-to-date: /home/arty/Documents/video_ros2/install/share/video_interfaces/cmake/video_interfaces__rosidl_typesupport_introspection_cppExport-release.cmake
[0.287s] -- Up-to-date: /home/arty/Documents/video_ros2/install/share/video_interfaces/cmake/video_interfaces__rosidl_typesupport_cppExport.cmake
[0.287s] -- Up-to-date: /home/arty/Documents/video_ros2/install/share/video_interfaces/cmake/video_interfaces__rosidl_typesupport_cppExport-release.cmake
[0.288s] -- Up-to-date: /home/arty/Documents/video_ros2/install/share/video_interfaces/cmake/export_video_interfaces__rosidl_generator_pyExport.cmake
[0.288s] -- Up-to-date: /home/arty/Documents/video_ros2/install/share/video_interfaces/cmake/export_video_interfaces__rosidl_generator_pyExport-release.cmake
[0.288s] -- Up-to-date: /home/arty/Documents/video_ros2/install/share/video_interfaces/cmake/rosidl_cmake-extras.cmake
[0.288s] -- Up-to-date: /home/arty/Documents/video_ros2/install/share/video_interfaces/cmake/ament_cmake_export_dependencies-extras.cmake
[0.289s] -- Up-to-date: /home/arty/Documents/video_ros2/install/share/video_interfaces/cmake/ament_cmake_export_include_directories-extras.cmake
[0.289s] -- Up-to-date: /home/arty/Documents/video_ros2/install/share/video_interfaces/cmake/ament_cmake_export_libraries-extras.cmake
[0.289s] -- Up-to-date: /home/arty/Documents/video_ros2/install/share/video_interfaces/cmake/ament_cmake_export_targets-extras.cmake
[0.289s] -- Up-to-date: /home/arty/Documents/video_ros2/install/share/video_interfaces/cmake/rosidl_cmake_export_typesupport_targets-extras.cmake
[0.289s] -- Up-to-date: /home/arty/Documents/video_ros2/install/share/video_interfaces/cmake/rosidl_cmake_export_typesupport_libraries-extras.cmake
[0.289s] -- Up-to-date: /home/arty/Documents/video_ros2/install/share/video_interfaces/cmake/video_interfacesConfig.cmake
[0.290s] -- Up-to-date: /home/arty/Documents/video_ros2/install/share/video_interfaces/cmake/video_interfacesConfig-version.cmake
[0.290s] -- Up-to-date: /home/arty/Documents/video_ros2/install/share/video_interfaces/package.xml
[0.290s] Invoked command in '/home/arty/Documents/video_ros2/build/video_interfaces' returned '0': /usr/bin/cmake --install /home/arty/Documents/video_ros2/build/video_interfaces
