[0.008s] Invoking command in '/home/arty/Documents/video_ros2/build/video_interfaces': /usr/bin/cmake /home/arty/Documents/video_ros2/src/video_interfaces -DCATKIN_INSTALL_INTO_PREFIX_ROOT=0 -DCMAKE_INSTALL_PREFIX=/home/arty/Documents/video_ros2/install
[0.022s] -- Found ament_cmake: 1.3.14 (/opt/ros/humble/share/ament_cmake/cmake)
[0.177s] -- Found rosidl_default_generators: 1.2.1 (/opt/ros/humble/share/rosidl_default_generators/cmake)
[0.181s] -- Using all available rosidl_typesupport_c: rosidl_typesupport_fastrtps_c;rosidl_typesupport_introspection_c
[0.185s] -- Found rosidl_adapter: 3.1.8 (/opt/ros/humble/share/rosidl_adapter/cmake)
[0.211s] -- Using all available rosidl_typesupport_cpp: rosidl_typesupport_fastrtps_cpp;rosidl_typesupport_introspection_cpp
[0.235s] -- Found std_msgs: 4.9.1 (/opt/ros/humble/share/std_msgs/cmake)
[0.553s] -- Found ament_cmake_ros: 0.10.0 (/opt/ros/humble/share/ament_cmake_ros/cmake)
[0.730s] -- Using all available rosidl_typesupport_c: rosidl_typesupport_fastrtps_c;rosidl_typesupport_introspection_c
[0.974s] -- Using all available rosidl_typesupport_cpp: rosidl_typesupport_fastrtps_cpp;rosidl_typesupport_introspection_cpp
[0.995s] -- Found python_cmake_module: 0.10.0 (/opt/ros/humble/share/python_cmake_module/cmake)
[1.014s] -- Using PYTHON_EXECUTABLE: /usr/bin/python3
[1.014s] -- Using PYTHON_INCLUDE_DIRS: /usr/include/python3.10
[1.014s] -- Using PYTHON_LIBRARIES: /usr/lib/x86_64-linux-gnu/libpython3.10.so
[1.101s] -- Configuring done
[1.134s] -- Generating done
[1.148s] -- Build files have been written to: /home/arty/Documents/video_ros2/build/video_interfaces
[1.155s] Invoked command in '/home/arty/Documents/video_ros2/build/video_interfaces' returned '0': /usr/bin/cmake /home/arty/Documents/video_ros2/src/video_interfaces -DCATKIN_INSTALL_INTO_PREFIX_ROOT=0 -DCMAKE_INSTALL_PREFIX=/home/arty/Documents/video_ros2/install
[1.158s] Invoking command in '/home/arty/Documents/video_ros2/build/video_interfaces': /usr/bin/cmake --build /home/arty/Documents/video_ros2/build/video_interfaces -- -j16 -l16
[1.195s] [  2%] Generating C code for ROS interfaces
[1.201s] [  5%] Generating C++ code for ROS interfaces
[1.206s] [  7%] Generating Rust code for ROS interfaces
[1.215s] [  7%] Built target ament_cmake_python_copy_video_interfaces
[1.440s] running egg_info
[1.442s] writing video_interfaces.egg-info/PKG-INFO
[1.442s] writing dependency_links to video_interfaces.egg-info/dependency_links.txt
[1.442s] writing top-level names to video_interfaces.egg-info/top_level.txt
[1.451s] reading manifest file 'video_interfaces.egg-info/SOURCES.txt'
[1.452s] writing manifest file 'video_interfaces.egg-info/SOURCES.txt'
[1.483s] [  7%] Built target ament_cmake_python_build_video_interfaces_egg
[1.497s] [  7%] Built target video_interfaces__rs
[1.535s] [  7%] Built target video_interfaces__cpp
[1.544s] [ 12%] Generating C++ introspection for ROS interfaces
[1.544s] [ 12%] Generating C++ type support for eProsima Fast-RTPS
[1.547s] [ 15%] Generating C++ type support dispatch for ROS interfaces
[1.605s] Consolidate compiler generated dependencies of target video_interfaces__rosidl_generator_c
[1.622s] [ 17%] Building C object CMakeFiles/video_interfaces__rosidl_generator_c.dir/rosidl_generator_c/video_interfaces/msg/detail/encoded_frame__functions.c.o
[1.623s] [ 20%] Building C object CMakeFiles/video_interfaces__rosidl_generator_c.dir/rosidl_generator_c/video_interfaces/srv/detail/robot_login__functions.c.o
[1.866s] [ 22%] Linking C shared library libvideo_interfaces__rosidl_generator_c.so
[1.904s] Consolidate compiler generated dependencies of target video_interfaces__rosidl_typesupport_introspection_cpp
[1.924s] [ 27%] Building CXX object CMakeFiles/video_interfaces__rosidl_typesupport_introspection_cpp.dir/rosidl_typesupport_introspection_cpp/video_interfaces/msg/detail/encoded_frame__type_support.cpp.o
[1.924s] [ 27%] Building CXX object CMakeFiles/video_interfaces__rosidl_typesupport_introspection_cpp.dir/rosidl_typesupport_introspection_cpp/video_interfaces/srv/detail/robot_login__type_support.cpp.o
[1.925s] [ 27%] Built target video_interfaces__rosidl_generator_c
[1.937s] [ 30%] Generating C type support for eProsima Fast-RTPS
[1.937s] [ 32%] Generating C introspection for ROS interfaces
[1.940s] Consolidate compiler generated dependencies of target video_interfaces__rosidl_typesupport_cpp
[1.942s] [ 35%] Generating C type support dispatch for ROS interfaces
[1.953s] [ 37%] Building CXX object CMakeFiles/video_interfaces__rosidl_typesupport_cpp.dir/rosidl_typesupport_cpp/video_interfaces/msg/encoded_frame__type_support.cpp.o
[1.957s] [ 40%] Building CXX object CMakeFiles/video_interfaces__rosidl_typesupport_cpp.dir/rosidl_typesupport_cpp/video_interfaces/srv/robot_login__type_support.cpp.o
[2.102s] Consolidate compiler generated dependencies of target video_interfaces__rosidl_typesupport_fastrtps_cpp
[2.141s] [ 45%] Building CXX object CMakeFiles/video_interfaces__rosidl_typesupport_fastrtps_cpp.dir/rosidl_typesupport_fastrtps_cpp/video_interfaces/srv/detail/dds_fastrtps/robot_login__type_support.cpp.o
[2.142s] [ 45%] Building CXX object CMakeFiles/video_interfaces__rosidl_typesupport_fastrtps_cpp.dir/rosidl_typesupport_fastrtps_cpp/video_interfaces/msg/detail/dds_fastrtps/encoded_frame__type_support.cpp.o
[2.514s] Consolidate compiler generated dependencies of target video_interfaces__rosidl_typesupport_introspection_c
[2.550s] [ 47%] Building C object CMakeFiles/video_interfaces__rosidl_typesupport_introspection_c.dir/rosidl_typesupport_introspection_c/video_interfaces/msg/detail/encoded_frame__type_support.c.o
[2.554s] [ 50%] Building C object CMakeFiles/video_interfaces__rosidl_typesupport_introspection_c.dir/rosidl_typesupport_introspection_c/video_interfaces/srv/detail/robot_login__type_support.c.o
[2.609s] [ 52%] Linking CXX shared library libvideo_interfaces__rosidl_typesupport_cpp.so
[2.610s] Consolidate compiler generated dependencies of target video_interfaces__rosidl_typesupport_c
[2.647s] [ 55%] Building CXX object CMakeFiles/video_interfaces__rosidl_typesupport_c.dir/rosidl_typesupport_c/video_interfaces/srv/robot_login__type_support.cpp.o
[2.653s] [ 57%] Building CXX object CMakeFiles/video_interfaces__rosidl_typesupport_c.dir/rosidl_typesupport_c/video_interfaces/msg/encoded_frame__type_support.cpp.o
[2.673s] Consolidate compiler generated dependencies of target video_interfaces__rosidl_typesupport_fastrtps_c
[2.679s] [ 60%] Linking C shared library libvideo_interfaces__rosidl_typesupport_introspection_c.so
[2.700s] [ 62%] Building CXX object CMakeFiles/video_interfaces__rosidl_typesupport_fastrtps_c.dir/rosidl_typesupport_fastrtps_c/video_interfaces/srv/detail/robot_login__type_support_c.cpp.o
[2.716s] [ 65%] Building CXX object CMakeFiles/video_interfaces__rosidl_typesupport_fastrtps_c.dir/rosidl_typesupport_fastrtps_c/video_interfaces/msg/detail/encoded_frame__type_support_c.cpp.o
[2.736s] [ 67%] Linking CXX shared library libvideo_interfaces__rosidl_typesupport_c.so
[2.756s] [ 67%] Built target video_interfaces__rosidl_typesupport_cpp
[2.762s] [ 67%] Built target video_interfaces__rosidl_typesupport_introspection_c
[2.881s] [ 67%] Built target video_interfaces__rosidl_typesupport_c
[3.023s] [ 70%] Linking CXX shared library libvideo_interfaces__rosidl_typesupport_introspection_cpp.so
[3.294s] [ 70%] Built target video_interfaces__rosidl_typesupport_introspection_cpp
[3.329s] [ 72%] Linking CXX shared library libvideo_interfaces__rosidl_typesupport_fastrtps_cpp.so
[3.515s] [ 72%] Built target video_interfaces__rosidl_typesupport_fastrtps_cpp
[3.580s] [ 75%] Linking CXX shared library libvideo_interfaces__rosidl_typesupport_fastrtps_c.so
[3.783s] [ 75%] Built target video_interfaces__rosidl_typesupport_fastrtps_c
[3.825s] [ 75%] Built target video_interfaces
[3.869s] [ 77%] Generating Python code for ROS interfaces
[4.471s] [ 77%] Built target video_interfaces__py
[4.486s] Consolidate compiler generated dependencies of target video_interfaces__rosidl_generator_py
[4.500s] [ 82%] Building C object CMakeFiles/video_interfaces__rosidl_generator_py.dir/rosidl_generator_py/video_interfaces/msg/_encoded_frame_s.c.o
[4.501s] [ 82%] Building C object CMakeFiles/video_interfaces__rosidl_generator_py.dir/rosidl_generator_py/video_interfaces/srv/_robot_login_s.c.o
[4.719s] [ 85%] Linking C shared library rosidl_generator_py/video_interfaces/libvideo_interfaces__rosidl_generator_py.so
[4.803s] [ 85%] Built target video_interfaces__rosidl_generator_py
[4.818s] Consolidate compiler generated dependencies of target video_interfaces__rosidl_typesupport_fastrtps_c__pyext
[4.819s] Consolidate compiler generated dependencies of target video_interfaces__rosidl_typesupport_c__pyext
[4.819s] Consolidate compiler generated dependencies of target video_interfaces__rosidl_typesupport_introspection_c__pyext
[4.835s] [ 90%] Building C object CMakeFiles/video_interfaces__rosidl_typesupport_c__pyext.dir/rosidl_generator_py/video_interfaces/_video_interfaces_s.ep.rosidl_typesupport_c.c.o
[4.835s] [ 90%] Building C object CMakeFiles/video_interfaces__rosidl_typesupport_fastrtps_c__pyext.dir/rosidl_generator_py/video_interfaces/_video_interfaces_s.ep.rosidl_typesupport_fastrtps_c.c.o
[4.837s] [ 92%] Building C object CMakeFiles/video_interfaces__rosidl_typesupport_introspection_c__pyext.dir/rosidl_generator_py/video_interfaces/_video_interfaces_s.ep.rosidl_typesupport_introspection_c.c.o
[5.035s] [ 95%] Linking C shared library rosidl_generator_py/video_interfaces/video_interfaces_s__rosidl_typesupport_introspection_c.cpython-310-x86_64-linux-gnu.so
[5.057s] [ 97%] Linking C shared library rosidl_generator_py/video_interfaces/video_interfaces_s__rosidl_typesupport_fastrtps_c.cpython-310-x86_64-linux-gnu.so
[5.100s] [100%] Linking C shared library rosidl_generator_py/video_interfaces/video_interfaces_s__rosidl_typesupport_c.cpython-310-x86_64-linux-gnu.so
[5.107s] [100%] Built target video_interfaces__rosidl_typesupport_introspection_c__pyext
[5.131s] [100%] Built target video_interfaces__rosidl_typesupport_fastrtps_c__pyext
[5.173s] [100%] Built target video_interfaces__rosidl_typesupport_c__pyext
[5.207s] Invoked command in '/home/arty/Documents/video_ros2/build/video_interfaces' returned '0': /usr/bin/cmake --build /home/arty/Documents/video_ros2/build/video_interfaces -- -j16 -l16
[5.237s] Invoking command in '/home/arty/Documents/video_ros2/build/video_interfaces': /usr/bin/cmake --install /home/arty/Documents/video_ros2/build/video_interfaces
[5.258s] -- Install configuration: "Release"
[5.259s] -- Installing: /home/arty/Documents/video_ros2/install/share/ament_index/resource_index/rosidl_interfaces/video_interfaces
[5.259s] -- Up-to-date: /home/arty/Documents/video_ros2/install/include/video_interfaces/video_interfaces
[5.259s] -- Up-to-date: /home/arty/Documents/video_ros2/install/include/video_interfaces/video_interfaces/msg
[5.259s] -- Installing: /home/arty/Documents/video_ros2/install/include/video_interfaces/video_interfaces/msg/encoded_frame.h
[5.259s] -- Up-to-date: /home/arty/Documents/video_ros2/install/include/video_interfaces/video_interfaces/msg/detail
[5.259s] -- Installing: /home/arty/Documents/video_ros2/install/include/video_interfaces/video_interfaces/msg/detail/encoded_frame__struct.h
[5.259s] -- Installing: /home/arty/Documents/video_ros2/install/include/video_interfaces/video_interfaces/msg/detail/encoded_frame__functions.c
[5.259s] -- Installing: /home/arty/Documents/video_ros2/install/include/video_interfaces/video_interfaces/msg/detail/encoded_frame__type_support.h
[5.259s] -- Installing: /home/arty/Documents/video_ros2/install/include/video_interfaces/video_interfaces/msg/detail/encoded_frame__functions.h
[5.259s] -- Up-to-date: /home/arty/Documents/video_ros2/install/include/video_interfaces/video_interfaces/msg/rosidl_generator_c__visibility_control.h
[5.260s] -- Installing: /home/arty/Documents/video_ros2/install/include/video_interfaces/video_interfaces/srv
[5.261s] -- Installing: /home/arty/Documents/video_ros2/install/include/video_interfaces/video_interfaces/srv/detail
[5.261s] -- Installing: /home/arty/Documents/video_ros2/install/include/video_interfaces/video_interfaces/srv/detail/robot_login__functions.c
[5.261s] -- Installing: /home/arty/Documents/video_ros2/install/include/video_interfaces/video_interfaces/srv/detail/robot_login__struct.h
[5.261s] -- Installing: /home/arty/Documents/video_ros2/install/include/video_interfaces/video_interfaces/srv/detail/robot_login__type_support.h
[5.261s] -- Installing: /home/arty/Documents/video_ros2/install/include/video_interfaces/video_interfaces/srv/detail/robot_login__functions.h
[5.261s] -- Installing: /home/arty/Documents/video_ros2/install/include/video_interfaces/video_interfaces/srv/robot_login.h
[5.264s] -- Up-to-date: /home/arty/Documents/video_ros2/install/share/video_interfaces/environment/library_path.sh
[5.264s] -- Installing: /home/arty/Documents/video_ros2/install/share/video_interfaces/environment/library_path.dsv
[5.264s] -- Installing: /home/arty/Documents/video_ros2/install/lib/libvideo_interfaces__rosidl_generator_c.so
[5.264s] -- Set runtime path of "/home/arty/Documents/video_ros2/install/lib/libvideo_interfaces__rosidl_generator_c.so" to ""
[5.265s] -- Up-to-date: /home/arty/Documents/video_ros2/install/include/video_interfaces/video_interfaces
[5.265s] -- Up-to-date: /home/arty/Documents/video_ros2/install/include/video_interfaces/video_interfaces/msg
[5.265s] -- Up-to-date: /home/arty/Documents/video_ros2/install/include/video_interfaces/video_interfaces/msg/detail
[5.265s] -- Installing: /home/arty/Documents/video_ros2/install/include/video_interfaces/video_interfaces/msg/detail/encoded_frame__rosidl_typesupport_fastrtps_c.h
[5.265s] -- Up-to-date: /home/arty/Documents/video_ros2/install/include/video_interfaces/video_interfaces/msg/rosidl_typesupport_fastrtps_c__visibility_control.h
[5.266s] -- Up-to-date: /home/arty/Documents/video_ros2/install/include/video_interfaces/video_interfaces/srv
[5.266s] -- Up-to-date: /home/arty/Documents/video_ros2/install/include/video_interfaces/video_interfaces/srv/detail
[5.266s] -- Installing: /home/arty/Documents/video_ros2/install/include/video_interfaces/video_interfaces/srv/detail/robot_login__rosidl_typesupport_fastrtps_c.h
[5.267s] -- Installing: /home/arty/Documents/video_ros2/install/lib/libvideo_interfaces__rosidl_typesupport_fastrtps_c.so
[5.267s] -- Set runtime path of "/home/arty/Documents/video_ros2/install/lib/libvideo_interfaces__rosidl_typesupport_fastrtps_c.so" to ""
[5.267s] -- Up-to-date: /home/arty/Documents/video_ros2/install/include/video_interfaces/video_interfaces
[5.267s] -- Up-to-date: /home/arty/Documents/video_ros2/install/include/video_interfaces/video_interfaces/msg
[5.267s] -- Up-to-date: /home/arty/Documents/video_ros2/install/include/video_interfaces/video_interfaces/msg/rosidl_typesupport_introspection_c__visibility_control.h
[5.268s] -- Up-to-date: /home/arty/Documents/video_ros2/install/include/video_interfaces/video_interfaces/msg/detail
[5.268s] -- Installing: /home/arty/Documents/video_ros2/install/include/video_interfaces/video_interfaces/msg/detail/encoded_frame__rosidl_typesupport_introspection_c.h
[5.268s] -- Installing: /home/arty/Documents/video_ros2/install/include/video_interfaces/video_interfaces/msg/detail/encoded_frame__type_support.c
[5.268s] -- Up-to-date: /home/arty/Documents/video_ros2/install/include/video_interfaces/video_interfaces/srv
[5.268s] -- Up-to-date: /home/arty/Documents/video_ros2/install/include/video_interfaces/video_interfaces/srv/detail
[5.269s] -- Installing: /home/arty/Documents/video_ros2/install/include/video_interfaces/video_interfaces/srv/detail/robot_login__rosidl_typesupport_introspection_c.h
[5.269s] -- Installing: /home/arty/Documents/video_ros2/install/include/video_interfaces/video_interfaces/srv/detail/robot_login__type_support.c
[5.269s] -- Installing: /home/arty/Documents/video_ros2/install/lib/libvideo_interfaces__rosidl_typesupport_introspection_c.so
[5.269s] -- Set runtime path of "/home/arty/Documents/video_ros2/install/lib/libvideo_interfaces__rosidl_typesupport_introspection_c.so" to ""
[5.269s] -- Installing: /home/arty/Documents/video_ros2/install/lib/libvideo_interfaces__rosidl_typesupport_c.so
[5.270s] -- Set runtime path of "/home/arty/Documents/video_ros2/install/lib/libvideo_interfaces__rosidl_typesupport_c.so" to ""
[5.270s] -- Up-to-date: /home/arty/Documents/video_ros2/install/include/video_interfaces/video_interfaces
[5.270s] -- Up-to-date: /home/arty/Documents/video_ros2/install/include/video_interfaces/video_interfaces/msg
[5.270s] -- Installing: /home/arty/Documents/video_ros2/install/include/video_interfaces/video_interfaces/msg/encoded_frame.hpp
[5.270s] -- Up-to-date: /home/arty/Documents/video_ros2/install/include/video_interfaces/video_interfaces/msg/detail
[5.270s] -- Installing: /home/arty/Documents/video_ros2/install/include/video_interfaces/video_interfaces/msg/detail/encoded_frame__builder.hpp
[5.270s] -- Installing: /home/arty/Documents/video_ros2/install/include/video_interfaces/video_interfaces/msg/detail/encoded_frame__type_support.hpp
[5.270s] -- Installing: /home/arty/Documents/video_ros2/install/include/video_interfaces/video_interfaces/msg/detail/encoded_frame__struct.hpp
[5.270s] -- Installing: /home/arty/Documents/video_ros2/install/include/video_interfaces/video_interfaces/msg/detail/encoded_frame__traits.hpp
[5.272s] -- Up-to-date: /home/arty/Documents/video_ros2/install/include/video_interfaces/video_interfaces/msg/rosidl_generator_cpp__visibility_control.hpp
[5.273s] -- Up-to-date: /home/arty/Documents/video_ros2/install/include/video_interfaces/video_interfaces/srv
[5.273s] -- Installing: /home/arty/Documents/video_ros2/install/include/video_interfaces/video_interfaces/srv/robot_login.hpp
[5.273s] -- Up-to-date: /home/arty/Documents/video_ros2/install/include/video_interfaces/video_interfaces/srv/detail
[5.273s] -- Installing: /home/arty/Documents/video_ros2/install/include/video_interfaces/video_interfaces/srv/detail/robot_login__type_support.hpp
[5.273s] -- Installing: /home/arty/Documents/video_ros2/install/include/video_interfaces/video_interfaces/srv/detail/robot_login__struct.hpp
[5.273s] -- Installing: /home/arty/Documents/video_ros2/install/include/video_interfaces/video_interfaces/srv/detail/robot_login__traits.hpp
[5.273s] -- Installing: /home/arty/Documents/video_ros2/install/include/video_interfaces/video_interfaces/srv/detail/robot_login__builder.hpp
[5.274s] -- Up-to-date: /home/arty/Documents/video_ros2/install/include/video_interfaces/video_interfaces
[5.274s] -- Up-to-date: /home/arty/Documents/video_ros2/install/include/video_interfaces/video_interfaces/msg
[5.274s] -- Up-to-date: /home/arty/Documents/video_ros2/install/include/video_interfaces/video_interfaces/msg/rosidl_typesupport_fastrtps_cpp__visibility_control.h
[5.274s] -- Up-to-date: /home/arty/Documents/video_ros2/install/include/video_interfaces/video_interfaces/msg/detail
[5.274s] -- Installing: /home/arty/Documents/video_ros2/install/include/video_interfaces/video_interfaces/msg/detail/encoded_frame__rosidl_typesupport_fastrtps_cpp.hpp
[5.275s] -- Up-to-date: /home/arty/Documents/video_ros2/install/include/video_interfaces/video_interfaces/msg/detail/dds_fastrtps
[5.275s] -- Up-to-date: /home/arty/Documents/video_ros2/install/include/video_interfaces/video_interfaces/srv
[5.275s] -- Up-to-date: /home/arty/Documents/video_ros2/install/include/video_interfaces/video_interfaces/srv/detail
[5.275s] -- Installing: /home/arty/Documents/video_ros2/install/include/video_interfaces/video_interfaces/srv/detail/robot_login__rosidl_typesupport_fastrtps_cpp.hpp
[5.275s] -- Installing: /home/arty/Documents/video_ros2/install/include/video_interfaces/video_interfaces/srv/detail/dds_fastrtps
[5.275s] -- Installing: /home/arty/Documents/video_ros2/install/lib/libvideo_interfaces__rosidl_typesupport_fastrtps_cpp.so
[5.276s] -- Set runtime path of "/home/arty/Documents/video_ros2/install/lib/libvideo_interfaces__rosidl_typesupport_fastrtps_cpp.so" to ""
[5.276s] -- Up-to-date: /home/arty/Documents/video_ros2/install/include/video_interfaces/video_interfaces
[5.276s] -- Up-to-date: /home/arty/Documents/video_ros2/install/include/video_interfaces/video_interfaces/msg
[5.276s] -- Up-to-date: /home/arty/Documents/video_ros2/install/include/video_interfaces/video_interfaces/msg/detail
[5.276s] -- Installing: /home/arty/Documents/video_ros2/install/include/video_interfaces/video_interfaces/msg/detail/encoded_frame__rosidl_typesupport_introspection_cpp.hpp
[5.277s] -- Installing: /home/arty/Documents/video_ros2/install/include/video_interfaces/video_interfaces/msg/detail/encoded_frame__type_support.cpp
[5.277s] -- Up-to-date: /home/arty/Documents/video_ros2/install/include/video_interfaces/video_interfaces/srv
[5.277s] -- Up-to-date: /home/arty/Documents/video_ros2/install/include/video_interfaces/video_interfaces/srv/detail
[5.277s] -- Installing: /home/arty/Documents/video_ros2/install/include/video_interfaces/video_interfaces/srv/detail/robot_login__type_support.cpp
[5.277s] -- Installing: /home/arty/Documents/video_ros2/install/include/video_interfaces/video_interfaces/srv/detail/robot_login__rosidl_typesupport_introspection_cpp.hpp
[5.277s] -- Installing: /home/arty/Documents/video_ros2/install/lib/libvideo_interfaces__rosidl_typesupport_introspection_cpp.so
[5.278s] -- Set runtime path of "/home/arty/Documents/video_ros2/install/lib/libvideo_interfaces__rosidl_typesupport_introspection_cpp.so" to ""
[5.278s] -- Installing: /home/arty/Documents/video_ros2/install/lib/libvideo_interfaces__rosidl_typesupport_cpp.so
[5.278s] -- Set runtime path of "/home/arty/Documents/video_ros2/install/lib/libvideo_interfaces__rosidl_typesupport_cpp.so" to ""
[5.278s] -- Up-to-date: /home/arty/Documents/video_ros2/install/share/video_interfaces/environment/pythonpath.sh
[5.278s] -- Installing: /home/arty/Documents/video_ros2/install/share/video_interfaces/environment/pythonpath.dsv
[5.278s] -- Up-to-date: /home/arty/Documents/video_ros2/install/local/lib/python3.10/dist-packages/video_interfaces-0.1.0-py3.10.egg-info
[5.278s] -- Installing: /home/arty/Documents/video_ros2/install/local/lib/python3.10/dist-packages/video_interfaces-0.1.0-py3.10.egg-info/top_level.txt
[5.279s] -- Installing: /home/arty/Documents/video_ros2/install/local/lib/python3.10/dist-packages/video_interfaces-0.1.0-py3.10.egg-info/SOURCES.txt
[5.279s] -- Installing: /home/arty/Documents/video_ros2/install/local/lib/python3.10/dist-packages/video_interfaces-0.1.0-py3.10.egg-info/dependency_links.txt
[5.279s] -- Installing: /home/arty/Documents/video_ros2/install/local/lib/python3.10/dist-packages/video_interfaces-0.1.0-py3.10.egg-info/PKG-INFO
[5.281s] -- Up-to-date: /home/arty/Documents/video_ros2/install/local/lib/python3.10/dist-packages/video_interfaces
[5.281s] -- Installing: /home/arty/Documents/video_ros2/install/local/lib/python3.10/dist-packages/video_interfaces/__init__.py
[5.281s] -- Installing: /home/arty/Documents/video_ros2/install/local/lib/python3.10/dist-packages/video_interfaces/_video_interfaces_s.ep.rosidl_typesupport_introspection_c.c
[5.282s] -- Installing: /home/arty/Documents/video_ros2/install/local/lib/python3.10/dist-packages/video_interfaces/video_interfaces_s__rosidl_typesupport_fastrtps_c.cpython-310-x86_64-linux-gnu.so
[5.282s] -- Up-to-date: /home/arty/Documents/video_ros2/install/local/lib/python3.10/dist-packages/video_interfaces/msg
[5.282s] -- Installing: /home/arty/Documents/video_ros2/install/local/lib/python3.10/dist-packages/video_interfaces/msg/_encoded_frame_s.c
[5.282s] -- Installing: /home/arty/Documents/video_ros2/install/local/lib/python3.10/dist-packages/video_interfaces/msg/__init__.py
[5.282s] -- Installing: /home/arty/Documents/video_ros2/install/local/lib/python3.10/dist-packages/video_interfaces/msg/_encoded_frame.py
[5.282s] -- Installing: /home/arty/Documents/video_ros2/install/local/lib/python3.10/dist-packages/video_interfaces/libvideo_interfaces__rosidl_generator_py.so
[5.282s] -- Installing: /home/arty/Documents/video_ros2/install/local/lib/python3.10/dist-packages/video_interfaces/_video_interfaces_s.ep.rosidl_typesupport_c.c
[5.282s] -- Installing: /home/arty/Documents/video_ros2/install/local/lib/python3.10/dist-packages/video_interfaces/video_interfaces_s__rosidl_typesupport_c.cpython-310-x86_64-linux-gnu.so
[5.282s] -- Installing: /home/arty/Documents/video_ros2/install/local/lib/python3.10/dist-packages/video_interfaces/_video_interfaces_s.ep.rosidl_typesupport_fastrtps_c.c
[5.282s] -- Installing: /home/arty/Documents/video_ros2/install/local/lib/python3.10/dist-packages/video_interfaces/srv
[5.283s] -- Installing: /home/arty/Documents/video_ros2/install/local/lib/python3.10/dist-packages/video_interfaces/srv/__init__.py
[5.283s] -- Installing: /home/arty/Documents/video_ros2/install/local/lib/python3.10/dist-packages/video_interfaces/srv/_robot_login_s.c
[5.283s] -- Installing: /home/arty/Documents/video_ros2/install/local/lib/python3.10/dist-packages/video_interfaces/srv/_robot_login.py
[5.283s] -- Installing: /home/arty/Documents/video_ros2/install/local/lib/python3.10/dist-packages/video_interfaces/video_interfaces_s__rosidl_typesupport_introspection_c.cpython-310-x86_64-linux-gnu.so
[5.392s] Listing '/home/arty/Documents/video_ros2/install/local/lib/python3.10/dist-packages/video_interfaces'...
[5.392s] Compiling '/home/arty/Documents/video_ros2/install/local/lib/python3.10/dist-packages/video_interfaces/__init__.py'...
[5.392s] Listing '/home/arty/Documents/video_ros2/install/local/lib/python3.10/dist-packages/video_interfaces/msg'...
[5.392s] Compiling '/home/arty/Documents/video_ros2/install/local/lib/python3.10/dist-packages/video_interfaces/msg/__init__.py'...
[5.392s] Compiling '/home/arty/Documents/video_ros2/install/local/lib/python3.10/dist-packages/video_interfaces/msg/_encoded_frame.py'...
[5.393s] Listing '/home/arty/Documents/video_ros2/install/local/lib/python3.10/dist-packages/video_interfaces/srv'...
[5.393s] Compiling '/home/arty/Documents/video_ros2/install/local/lib/python3.10/dist-packages/video_interfaces/srv/__init__.py'...
[5.393s] Compiling '/home/arty/Documents/video_ros2/install/local/lib/python3.10/dist-packages/video_interfaces/srv/_robot_login.py'...
[5.427s] -- Installing: /home/arty/Documents/video_ros2/install/local/lib/python3.10/dist-packages/video_interfaces/video_interfaces_s__rosidl_typesupport_fastrtps_c.cpython-310-x86_64-linux-gnu.so
[5.427s] -- Set runtime path of "/home/arty/Documents/video_ros2/install/local/lib/python3.10/dist-packages/video_interfaces/video_interfaces_s__rosidl_typesupport_fastrtps_c.cpython-310-x86_64-linux-gnu.so" to ""
[5.428s] -- Installing: /home/arty/Documents/video_ros2/install/local/lib/python3.10/dist-packages/video_interfaces/video_interfaces_s__rosidl_typesupport_introspection_c.cpython-310-x86_64-linux-gnu.so
[5.428s] -- Set runtime path of "/home/arty/Documents/video_ros2/install/local/lib/python3.10/dist-packages/video_interfaces/video_interfaces_s__rosidl_typesupport_introspection_c.cpython-310-x86_64-linux-gnu.so" to ""
[5.429s] -- Installing: /home/arty/Documents/video_ros2/install/local/lib/python3.10/dist-packages/video_interfaces/video_interfaces_s__rosidl_typesupport_c.cpython-310-x86_64-linux-gnu.so
[5.429s] -- Set runtime path of "/home/arty/Documents/video_ros2/install/local/lib/python3.10/dist-packages/video_interfaces/video_interfaces_s__rosidl_typesupport_c.cpython-310-x86_64-linux-gnu.so" to ""
[5.430s] -- Installing: /home/arty/Documents/video_ros2/install/lib/libvideo_interfaces__rosidl_generator_py.so
[5.430s] -- Set runtime path of "/home/arty/Documents/video_ros2/install/lib/libvideo_interfaces__rosidl_generator_py.so" to ""
[5.430s] -- Up-to-date: /home/arty/Documents/video_ros2/install/share/ament_index/resource_index/rust_packages/video_interfaces
[5.430s] -- Up-to-date: /home/arty/Documents/video_ros2/install/share/video_interfaces/rust
[5.430s] -- Up-to-date: /home/arty/Documents/video_ros2/install/share/video_interfaces/rust/src
[5.430s] -- Up-to-date: /home/arty/Documents/video_ros2/install/share/video_interfaces/rust/src/msg
[5.431s] -- Installing: /home/arty/Documents/video_ros2/install/share/video_interfaces/rust/src/msg/rmw.rs
[5.431s] -- Installing: /home/arty/Documents/video_ros2/install/share/video_interfaces/rust/src/lib.rs
[5.431s] -- Installing: /home/arty/Documents/video_ros2/install/share/video_interfaces/rust/src/srv.rs
[5.431s] -- Installing: /home/arty/Documents/video_ros2/install/share/video_interfaces/rust/src/msg.rs
[5.432s] -- Installing: /home/arty/Documents/video_ros2/install/share/video_interfaces/rust/src/srv
[5.432s] -- Installing: /home/arty/Documents/video_ros2/install/share/video_interfaces/rust/src/srv/rmw.rs
[5.432s] -- Installing: /home/arty/Documents/video_ros2/install/share/video_interfaces/rust/build.rs
[5.432s] -- Installing: /home/arty/Documents/video_ros2/install/share/video_interfaces/rust/Cargo.toml
[5.432s] -- Up-to-date: /home/arty/Documents/video_ros2/install/share/video_interfaces/msg/EncodedFrame.idl
[5.433s] -- Installing: /home/arty/Documents/video_ros2/install/share/video_interfaces/srv/RobotLogin.idl
[5.433s] -- Up-to-date: /home/arty/Documents/video_ros2/install/share/video_interfaces/msg/EncodedFrame.msg
[5.433s] -- Installing: /home/arty/Documents/video_ros2/install/share/video_interfaces/srv/RobotLogin.srv
[5.433s] -- Installing: /home/arty/Documents/video_ros2/install/share/video_interfaces/srv/RobotLogin_Request.msg
[5.433s] -- Installing: /home/arty/Documents/video_ros2/install/share/video_interfaces/srv/RobotLogin_Response.msg
[5.433s] -- Up-to-date: /home/arty/Documents/video_ros2/install/share/ament_index/resource_index/package_run_dependencies/video_interfaces
[5.433s] -- Up-to-date: /home/arty/Documents/video_ros2/install/share/ament_index/resource_index/parent_prefix_path/video_interfaces
[5.434s] -- Up-to-date: /home/arty/Documents/video_ros2/install/share/video_interfaces/environment/ament_prefix_path.sh
[5.435s] -- Installing: /home/arty/Documents/video_ros2/install/share/video_interfaces/environment/ament_prefix_path.dsv
[5.435s] -- Up-to-date: /home/arty/Documents/video_ros2/install/share/video_interfaces/environment/path.sh
[5.435s] -- Installing: /home/arty/Documents/video_ros2/install/share/video_interfaces/environment/path.dsv
[5.435s] -- Up-to-date: /home/arty/Documents/video_ros2/install/share/video_interfaces/local_setup.bash
[5.435s] -- Up-to-date: /home/arty/Documents/video_ros2/install/share/video_interfaces/local_setup.sh
[5.436s] -- Up-to-date: /home/arty/Documents/video_ros2/install/share/video_interfaces/local_setup.zsh
[5.436s] -- Installing: /home/arty/Documents/video_ros2/install/share/video_interfaces/local_setup.dsv
[5.436s] -- Installing: /home/arty/Documents/video_ros2/install/share/video_interfaces/package.dsv
[5.436s] -- Up-to-date: /home/arty/Documents/video_ros2/install/share/ament_index/resource_index/packages/video_interfaces
[5.436s] -- Up-to-date: /home/arty/Documents/video_ros2/install/share/video_interfaces/cmake/export_video_interfaces__rosidl_generator_cExport.cmake
[5.436s] -- Up-to-date: /home/arty/Documents/video_ros2/install/share/video_interfaces/cmake/export_video_interfaces__rosidl_generator_cExport-release.cmake
[5.436s] -- Up-to-date: /home/arty/Documents/video_ros2/install/share/video_interfaces/cmake/export_video_interfaces__rosidl_typesupport_fastrtps_cExport.cmake
[5.436s] -- Up-to-date: /home/arty/Documents/video_ros2/install/share/video_interfaces/cmake/export_video_interfaces__rosidl_typesupport_fastrtps_cExport-release.cmake
[5.436s] -- Up-to-date: /home/arty/Documents/video_ros2/install/share/video_interfaces/cmake/video_interfaces__rosidl_typesupport_introspection_cExport.cmake
[5.437s] -- Up-to-date: /home/arty/Documents/video_ros2/install/share/video_interfaces/cmake/video_interfaces__rosidl_typesupport_introspection_cExport-release.cmake
[5.437s] -- Up-to-date: /home/arty/Documents/video_ros2/install/share/video_interfaces/cmake/video_interfaces__rosidl_typesupport_cExport.cmake
[5.437s] -- Up-to-date: /home/arty/Documents/video_ros2/install/share/video_interfaces/cmake/video_interfaces__rosidl_typesupport_cExport-release.cmake
[5.437s] -- Up-to-date: /home/arty/Documents/video_ros2/install/share/video_interfaces/cmake/export_video_interfaces__rosidl_generator_cppExport.cmake
[5.437s] -- Up-to-date: /home/arty/Documents/video_ros2/install/share/video_interfaces/cmake/export_video_interfaces__rosidl_typesupport_fastrtps_cppExport.cmake
[5.438s] -- Up-to-date: /home/arty/Documents/video_ros2/install/share/video_interfaces/cmake/export_video_interfaces__rosidl_typesupport_fastrtps_cppExport-release.cmake
[5.438s] -- Up-to-date: /home/arty/Documents/video_ros2/install/share/video_interfaces/cmake/video_interfaces__rosidl_typesupport_introspection_cppExport.cmake
[5.438s] -- Up-to-date: /home/arty/Documents/video_ros2/install/share/video_interfaces/cmake/video_interfaces__rosidl_typesupport_introspection_cppExport-release.cmake
[5.438s] -- Up-to-date: /home/arty/Documents/video_ros2/install/share/video_interfaces/cmake/video_interfaces__rosidl_typesupport_cppExport.cmake
[5.438s] -- Up-to-date: /home/arty/Documents/video_ros2/install/share/video_interfaces/cmake/video_interfaces__rosidl_typesupport_cppExport-release.cmake
[5.438s] -- Up-to-date: /home/arty/Documents/video_ros2/install/share/video_interfaces/cmake/export_video_interfaces__rosidl_generator_pyExport.cmake
[5.438s] -- Up-to-date: /home/arty/Documents/video_ros2/install/share/video_interfaces/cmake/export_video_interfaces__rosidl_generator_pyExport-release.cmake
[5.438s] -- Installing: /home/arty/Documents/video_ros2/install/share/video_interfaces/cmake/rosidl_cmake-extras.cmake
[5.439s] -- Up-to-date: /home/arty/Documents/video_ros2/install/share/video_interfaces/cmake/ament_cmake_export_dependencies-extras.cmake
[5.439s] -- Up-to-date: /home/arty/Documents/video_ros2/install/share/video_interfaces/cmake/ament_cmake_export_include_directories-extras.cmake
[5.439s] -- Up-to-date: /home/arty/Documents/video_ros2/install/share/video_interfaces/cmake/ament_cmake_export_libraries-extras.cmake
[5.439s] -- Up-to-date: /home/arty/Documents/video_ros2/install/share/video_interfaces/cmake/ament_cmake_export_targets-extras.cmake
[5.439s] -- Up-to-date: /home/arty/Documents/video_ros2/install/share/video_interfaces/cmake/rosidl_cmake_export_typesupport_targets-extras.cmake
[5.439s] -- Up-to-date: /home/arty/Documents/video_ros2/install/share/video_interfaces/cmake/rosidl_cmake_export_typesupport_libraries-extras.cmake
[5.440s] -- Up-to-date: /home/arty/Documents/video_ros2/install/share/video_interfaces/cmake/video_interfacesConfig.cmake
[5.440s] -- Up-to-date: /home/arty/Documents/video_ros2/install/share/video_interfaces/cmake/video_interfacesConfig-version.cmake
[5.441s] -- Up-to-date: /home/arty/Documents/video_ros2/install/share/video_interfaces/package.xml
[5.442s] Invoked command in '/home/arty/Documents/video_ros2/build/video_interfaces' returned '0': /usr/bin/cmake --install /home/arty/Documents/video_ros2/build/video_interfaces
