[0.016s] Invoking command in '/home/arty/Documents/video_ros2/build/video_interfaces': /usr/bin/cmake --build /home/arty/Documents/video_ros2/build/video_interfaces -- -j16 -l16
[0.047s] -- Found ament_cmake: 1.3.14 (/opt/ros/humble/share/ament_cmake/cmake)
[0.195s] -- Found rosidl_default_generators: 1.2.1 (/opt/ros/humble/share/rosidl_default_generators/cmake)
[0.196s] -- Using all available rosidl_typesupport_c: rosidl_typesupport_fastrtps_c;rosidl_typesupport_introspection_c
[0.198s] -- Found rosidl_adapter: 3.1.8 (/opt/ros/humble/share/rosidl_adapter/cmake)
[0.221s] -- Using all available rosidl_typesupport_cpp: rosidl_typesupport_fastrtps_cpp;rosidl_typesupport_introspection_cpp
[0.247s] -- Found std_msgs: 4.9.1 (/opt/ros/humble/share/std_msgs/cmake)
[0.593s] -- Found ament_cmake_ros: 0.10.0 (/opt/ros/humble/share/ament_cmake_ros/cmake)
[0.818s] -- Using all available rosidl_typesupport_c: rosidl_typesupport_fastrtps_c;rosidl_typesupport_introspection_c
[1.083s] -- Using all available rosidl_typesupport_cpp: rosidl_typesupport_fastrtps_cpp;rosidl_typesupport_introspection_cpp
[1.109s] -- Found python_cmake_module: 0.10.0 (/opt/ros/humble/share/python_cmake_module/cmake)
[1.136s] -- Using PYTHON_EXECUTABLE: /usr/bin/python3
[1.136s] -- Using PYTHON_INCLUDE_DIRS: /usr/include/python3.10
[1.136s] -- Using PYTHON_LIBRARIES: /usr/lib/x86_64-linux-gnu/libpython3.10.so
[1.240s] -- Configuring done
[1.293s] -- Generating done
[1.302s] -- Build files have been written to: /home/arty/Documents/video_ros2/build/video_interfaces
[1.336s] [  2%] Generating C code for ROS interfaces
[1.354s] [  5%] Generating C++ code for ROS interfaces
[1.354s] [  7%] Generating Rust code for ROS interfaces
[1.369s] [  7%] Built target ament_cmake_python_copy_video_interfaces
[1.631s] running egg_info
[1.632s] writing video_interfaces.egg-info/PKG-INFO
[1.632s] writing dependency_links to video_interfaces.egg-info/dependency_links.txt
[1.633s] writing top-level names to video_interfaces.egg-info/top_level.txt
[1.637s] reading manifest file 'video_interfaces.egg-info/SOURCES.txt'
[1.638s] writing manifest file 'video_interfaces.egg-info/SOURCES.txt'
[1.658s] [  7%] Built target video_interfaces__rs
[1.675s] Consolidate compiler generated dependencies of target video_interfaces__rosidl_generator_c
[1.689s] [ 12%] Building C object CMakeFiles/video_interfaces__rosidl_generator_c.dir/rosidl_generator_c/video_interfaces/msg/detail/encoded_frame__functions.c.o
[1.689s] [ 12%] Building C object CMakeFiles/video_interfaces__rosidl_generator_c.dir/rosidl_generator_c/video_interfaces/srv/detail/robot_login__functions.c.o
[1.702s] [ 12%] Built target ament_cmake_python_build_video_interfaces_egg
[1.841s] [ 12%] Built target video_interfaces__cpp
[1.852s] [ 17%] Generating C++ type support for eProsima Fast-RTPS
[1.852s] [ 17%] Generating C++ type support dispatch for ROS interfaces
[1.858s] [ 20%] Generating C++ introspection for ROS interfaces
[1.858s] [ 22%] Linking C shared library libvideo_interfaces__rosidl_generator_c.so
[1.917s] [ 22%] Built target video_interfaces__rosidl_generator_c
[1.937s] [ 27%] Generating C introspection for ROS interfaces
[1.937s] [ 30%] Generating C type support for eProsima Fast-RTPS
[1.938s] [ 27%] Generating C type support dispatch for ROS interfaces
[2.182s] Consolidate compiler generated dependencies of target video_interfaces__rosidl_typesupport_introspection_cpp
[2.196s] [ 32%] Building CXX object CMakeFiles/video_interfaces__rosidl_typesupport_introspection_cpp.dir/rosidl_typesupport_introspection_cpp/video_interfaces/msg/detail/encoded_frame__type_support.cpp.o
[2.200s] [ 35%] Building CXX object CMakeFiles/video_interfaces__rosidl_typesupport_introspection_cpp.dir/rosidl_typesupport_introspection_cpp/video_interfaces/srv/detail/robot_login__type_support.cpp.o
[2.203s] Consolidate compiler generated dependencies of target video_interfaces__rosidl_typesupport_fastrtps_cpp
[2.224s] [ 37%] Building CXX object CMakeFiles/video_interfaces__rosidl_typesupport_fastrtps_cpp.dir/rosidl_typesupport_fastrtps_cpp/video_interfaces/msg/detail/dds_fastrtps/encoded_frame__type_support.cpp.o
[2.227s] [ 40%] Building CXX object CMakeFiles/video_interfaces__rosidl_typesupport_fastrtps_cpp.dir/rosidl_typesupport_fastrtps_cpp/video_interfaces/srv/detail/dds_fastrtps/robot_login__type_support.cpp.o
[2.263s] Consolidate compiler generated dependencies of target video_interfaces__rosidl_typesupport_cpp
[2.282s] [ 42%] Building CXX object CMakeFiles/video_interfaces__rosidl_typesupport_cpp.dir/rosidl_typesupport_cpp/video_interfaces/srv/robot_login__type_support.cpp.o
[2.283s] [ 45%] Building CXX object CMakeFiles/video_interfaces__rosidl_typesupport_cpp.dir/rosidl_typesupport_cpp/video_interfaces/msg/encoded_frame__type_support.cpp.o
[2.344s] Consolidate compiler generated dependencies of target video_interfaces__rosidl_typesupport_c
[2.361s] [ 47%] Building CXX object CMakeFiles/video_interfaces__rosidl_typesupport_c.dir/rosidl_typesupport_c/video_interfaces/msg/encoded_frame__type_support.cpp.o
[2.371s] [ 50%] Building CXX object CMakeFiles/video_interfaces__rosidl_typesupport_c.dir/rosidl_typesupport_c/video_interfaces/srv/robot_login__type_support.cpp.o
[2.381s] Consolidate compiler generated dependencies of target video_interfaces__rosidl_typesupport_fastrtps_c
[2.403s] [ 52%] Building CXX object CMakeFiles/video_interfaces__rosidl_typesupport_fastrtps_c.dir/rosidl_typesupport_fastrtps_c/video_interfaces/msg/detail/encoded_frame__type_support_c.cpp.o
[2.405s] [ 55%] Building CXX object CMakeFiles/video_interfaces__rosidl_typesupport_fastrtps_c.dir/rosidl_typesupport_fastrtps_c/video_interfaces/srv/detail/robot_login__type_support_c.cpp.o
[2.457s] [ 57%] Linking CXX shared library libvideo_interfaces__rosidl_typesupport_c.so
[2.494s] Consolidate compiler generated dependencies of target video_interfaces__rosidl_typesupport_introspection_c
[2.533s] [ 60%] Building C object CMakeFiles/video_interfaces__rosidl_typesupport_introspection_c.dir/rosidl_typesupport_introspection_c/video_interfaces/msg/detail/encoded_frame__type_support.c.o
[2.545s] [ 62%] Building C object CMakeFiles/video_interfaces__rosidl_typesupport_introspection_c.dir/rosidl_typesupport_introspection_c/video_interfaces/srv/detail/robot_login__type_support.c.o
[2.615s] [ 62%] Built target video_interfaces__rosidl_typesupport_c
[2.658s] [ 65%] Linking C shared library libvideo_interfaces__rosidl_typesupport_introspection_c.so
[2.704s] [ 65%] Built target video_interfaces__rosidl_typesupport_introspection_c
[2.916s] [ 67%] Linking CXX shared library libvideo_interfaces__rosidl_typesupport_cpp.so
[3.000s] [ 67%] Built target video_interfaces__rosidl_typesupport_cpp
[3.076s] [ 70%] Linking CXX shared library libvideo_interfaces__rosidl_typesupport_introspection_cpp.so
[3.208s] [ 72%] Linking CXX shared library libvideo_interfaces__rosidl_typesupport_fastrtps_cpp.so
[3.259s] [ 72%] Built target video_interfaces__rosidl_typesupport_introspection_cpp
[3.295s] [ 75%] Linking CXX shared library libvideo_interfaces__rosidl_typesupport_fastrtps_c.so
[3.381s] [ 75%] Built target video_interfaces__rosidl_typesupport_fastrtps_cpp
[3.409s] [ 75%] Built target video_interfaces__rosidl_typesupport_fastrtps_c
[3.436s] [ 75%] Built target video_interfaces
[3.460s] [ 77%] Generating Python code for ROS interfaces
[3.906s] [ 77%] Built target video_interfaces__py
[3.923s] Consolidate compiler generated dependencies of target video_interfaces__rosidl_generator_py
[3.939s] [ 82%] Building C object CMakeFiles/video_interfaces__rosidl_generator_py.dir/rosidl_generator_py/video_interfaces/srv/_robot_login_s.c.o
[3.939s] [ 82%] Building C object CMakeFiles/video_interfaces__rosidl_generator_py.dir/rosidl_generator_py/video_interfaces/msg/_encoded_frame_s.c.o
[4.106s] [ 85%] Linking C shared library rosidl_generator_py/video_interfaces/libvideo_interfaces__rosidl_generator_py.so
[4.146s] [ 85%] Built target video_interfaces__rosidl_generator_py
[4.158s] Consolidate compiler generated dependencies of target video_interfaces__rosidl_typesupport_introspection_c__pyext
[4.159s] Consolidate compiler generated dependencies of target video_interfaces__rosidl_typesupport_fastrtps_c__pyext
[4.161s] Consolidate compiler generated dependencies of target video_interfaces__rosidl_typesupport_c__pyext
[4.173s] [ 90%] Building C object CMakeFiles/video_interfaces__rosidl_typesupport_fastrtps_c__pyext.dir/rosidl_generator_py/video_interfaces/_video_interfaces_s.ep.rosidl_typesupport_fastrtps_c.c.o
[4.173s] [ 90%] Building C object CMakeFiles/video_interfaces__rosidl_typesupport_introspection_c__pyext.dir/rosidl_generator_py/video_interfaces/_video_interfaces_s.ep.rosidl_typesupport_introspection_c.c.o
[4.174s] [ 92%] Building C object CMakeFiles/video_interfaces__rosidl_typesupport_c__pyext.dir/rosidl_generator_py/video_interfaces/_video_interfaces_s.ep.rosidl_typesupport_c.c.o
[4.316s] [ 95%] Linking C shared library rosidl_generator_py/video_interfaces/video_interfaces_s__rosidl_typesupport_fastrtps_c.cpython-310-x86_64-linux-gnu.so
[4.333s] [ 97%] Linking C shared library rosidl_generator_py/video_interfaces/video_interfaces_s__rosidl_typesupport_c.cpython-310-x86_64-linux-gnu.so
[4.377s] [ 97%] Built target video_interfaces__rosidl_typesupport_fastrtps_c__pyext
[4.391s] [ 97%] Built target video_interfaces__rosidl_typesupport_c__pyext
[4.394s] [100%] Linking C shared library rosidl_generator_py/video_interfaces/video_interfaces_s__rosidl_typesupport_introspection_c.cpython-310-x86_64-linux-gnu.so
[4.431s] [100%] Built target video_interfaces__rosidl_typesupport_introspection_c__pyext
[4.443s] Invoked command in '/home/arty/Documents/video_ros2/build/video_interfaces' returned '0': /usr/bin/cmake --build /home/arty/Documents/video_ros2/build/video_interfaces -- -j16 -l16
[4.453s] Invoking command in '/home/arty/Documents/video_ros2/build/video_interfaces': /usr/bin/cmake --install /home/arty/Documents/video_ros2/build/video_interfaces
[4.459s] -- Install configuration: "Release"
[4.459s] -- Up-to-date: /home/arty/Documents/video_ros2/install/share/ament_index/resource_index/rosidl_interfaces/video_interfaces
[4.459s] -- Up-to-date: /home/arty/Documents/video_ros2/install/include/video_interfaces/video_interfaces
[4.459s] -- Up-to-date: /home/arty/Documents/video_ros2/install/include/video_interfaces/video_interfaces/msg
[4.459s] -- Installing: /home/arty/Documents/video_ros2/install/include/video_interfaces/video_interfaces/msg/encoded_frame.h
[4.459s] -- Up-to-date: /home/arty/Documents/video_ros2/install/include/video_interfaces/video_interfaces/msg/detail
[4.459s] -- Installing: /home/arty/Documents/video_ros2/install/include/video_interfaces/video_interfaces/msg/detail/encoded_frame__struct.h
[4.459s] -- Installing: /home/arty/Documents/video_ros2/install/include/video_interfaces/video_interfaces/msg/detail/encoded_frame__functions.c
[4.459s] -- Installing: /home/arty/Documents/video_ros2/install/include/video_interfaces/video_interfaces/msg/detail/encoded_frame__type_support.h
[4.459s] -- Installing: /home/arty/Documents/video_ros2/install/include/video_interfaces/video_interfaces/msg/detail/encoded_frame__functions.h
[4.460s] -- Up-to-date: /home/arty/Documents/video_ros2/install/include/video_interfaces/video_interfaces/msg/rosidl_generator_c__visibility_control.h
[4.460s] -- Up-to-date: /home/arty/Documents/video_ros2/install/include/video_interfaces/video_interfaces/srv
[4.460s] -- Up-to-date: /home/arty/Documents/video_ros2/install/include/video_interfaces/video_interfaces/srv/detail
[4.460s] -- Installing: /home/arty/Documents/video_ros2/install/include/video_interfaces/video_interfaces/srv/detail/robot_login__functions.c
[4.460s] -- Installing: /home/arty/Documents/video_ros2/install/include/video_interfaces/video_interfaces/srv/detail/robot_login__struct.h
[4.460s] -- Installing: /home/arty/Documents/video_ros2/install/include/video_interfaces/video_interfaces/srv/detail/robot_login__type_support.h
[4.460s] -- Installing: /home/arty/Documents/video_ros2/install/include/video_interfaces/video_interfaces/srv/detail/robot_login__functions.h
[4.460s] -- Installing: /home/arty/Documents/video_ros2/install/include/video_interfaces/video_interfaces/srv/robot_login.h
[4.460s] -- Up-to-date: /home/arty/Documents/video_ros2/install/share/video_interfaces/environment/library_path.sh
[4.460s] -- Installing: /home/arty/Documents/video_ros2/install/share/video_interfaces/environment/library_path.dsv
[4.460s] -- Installing: /home/arty/Documents/video_ros2/install/lib/libvideo_interfaces__rosidl_generator_c.so
[4.460s] -- Set runtime path of "/home/arty/Documents/video_ros2/install/lib/libvideo_interfaces__rosidl_generator_c.so" to ""
[4.461s] -- Up-to-date: /home/arty/Documents/video_ros2/install/include/video_interfaces/video_interfaces
[4.461s] -- Up-to-date: /home/arty/Documents/video_ros2/install/include/video_interfaces/video_interfaces/msg
[4.461s] -- Up-to-date: /home/arty/Documents/video_ros2/install/include/video_interfaces/video_interfaces/msg/detail
[4.461s] -- Installing: /home/arty/Documents/video_ros2/install/include/video_interfaces/video_interfaces/msg/detail/encoded_frame__rosidl_typesupport_fastrtps_c.h
[4.461s] -- Up-to-date: /home/arty/Documents/video_ros2/install/include/video_interfaces/video_interfaces/msg/rosidl_typesupport_fastrtps_c__visibility_control.h
[4.461s] -- Up-to-date: /home/arty/Documents/video_ros2/install/include/video_interfaces/video_interfaces/srv
[4.461s] -- Up-to-date: /home/arty/Documents/video_ros2/install/include/video_interfaces/video_interfaces/srv/detail
[4.461s] -- Installing: /home/arty/Documents/video_ros2/install/include/video_interfaces/video_interfaces/srv/detail/robot_login__rosidl_typesupport_fastrtps_c.h
[4.462s] -- Installing: /home/arty/Documents/video_ros2/install/lib/libvideo_interfaces__rosidl_typesupport_fastrtps_c.so
[4.462s] -- Set runtime path of "/home/arty/Documents/video_ros2/install/lib/libvideo_interfaces__rosidl_typesupport_fastrtps_c.so" to ""
[4.462s] -- Up-to-date: /home/arty/Documents/video_ros2/install/include/video_interfaces/video_interfaces
[4.462s] -- Up-to-date: /home/arty/Documents/video_ros2/install/include/video_interfaces/video_interfaces/msg
[4.462s] -- Up-to-date: /home/arty/Documents/video_ros2/install/include/video_interfaces/video_interfaces/msg/rosidl_typesupport_introspection_c__visibility_control.h
[4.462s] -- Up-to-date: /home/arty/Documents/video_ros2/install/include/video_interfaces/video_interfaces/msg/detail
[4.462s] -- Installing: /home/arty/Documents/video_ros2/install/include/video_interfaces/video_interfaces/msg/detail/encoded_frame__rosidl_typesupport_introspection_c.h
[4.462s] -- Installing: /home/arty/Documents/video_ros2/install/include/video_interfaces/video_interfaces/msg/detail/encoded_frame__type_support.c
[4.463s] -- Up-to-date: /home/arty/Documents/video_ros2/install/include/video_interfaces/video_interfaces/srv
[4.463s] -- Up-to-date: /home/arty/Documents/video_ros2/install/include/video_interfaces/video_interfaces/srv/detail
[4.463s] -- Installing: /home/arty/Documents/video_ros2/install/include/video_interfaces/video_interfaces/srv/detail/robot_login__rosidl_typesupport_introspection_c.h
[4.463s] -- Installing: /home/arty/Documents/video_ros2/install/include/video_interfaces/video_interfaces/srv/detail/robot_login__type_support.c
[4.464s] -- Installing: /home/arty/Documents/video_ros2/install/lib/libvideo_interfaces__rosidl_typesupport_introspection_c.so
[4.464s] -- Set runtime path of "/home/arty/Documents/video_ros2/install/lib/libvideo_interfaces__rosidl_typesupport_introspection_c.so" to ""
[4.464s] -- Installing: /home/arty/Documents/video_ros2/install/lib/libvideo_interfaces__rosidl_typesupport_c.so
[4.464s] -- Set runtime path of "/home/arty/Documents/video_ros2/install/lib/libvideo_interfaces__rosidl_typesupport_c.so" to ""
[4.465s] -- Up-to-date: /home/arty/Documents/video_ros2/install/include/video_interfaces/video_interfaces
[4.465s] -- Up-to-date: /home/arty/Documents/video_ros2/install/include/video_interfaces/video_interfaces/msg
[4.465s] -- Installing: /home/arty/Documents/video_ros2/install/include/video_interfaces/video_interfaces/msg/encoded_frame.hpp
[4.465s] -- Up-to-date: /home/arty/Documents/video_ros2/install/include/video_interfaces/video_interfaces/msg/detail
[4.465s] -- Installing: /home/arty/Documents/video_ros2/install/include/video_interfaces/video_interfaces/msg/detail/encoded_frame__builder.hpp
[4.465s] -- Installing: /home/arty/Documents/video_ros2/install/include/video_interfaces/video_interfaces/msg/detail/encoded_frame__type_support.hpp
[4.465s] -- Installing: /home/arty/Documents/video_ros2/install/include/video_interfaces/video_interfaces/msg/detail/encoded_frame__struct.hpp
[4.465s] -- Installing: /home/arty/Documents/video_ros2/install/include/video_interfaces/video_interfaces/msg/detail/encoded_frame__traits.hpp
[4.465s] -- Up-to-date: /home/arty/Documents/video_ros2/install/include/video_interfaces/video_interfaces/msg/rosidl_generator_cpp__visibility_control.hpp
[4.465s] -- Up-to-date: /home/arty/Documents/video_ros2/install/include/video_interfaces/video_interfaces/srv
[4.466s] -- Installing: /home/arty/Documents/video_ros2/install/include/video_interfaces/video_interfaces/srv/robot_login.hpp
[4.466s] -- Up-to-date: /home/arty/Documents/video_ros2/install/include/video_interfaces/video_interfaces/srv/detail
[4.466s] -- Installing: /home/arty/Documents/video_ros2/install/include/video_interfaces/video_interfaces/srv/detail/robot_login__type_support.hpp
[4.466s] -- Installing: /home/arty/Documents/video_ros2/install/include/video_interfaces/video_interfaces/srv/detail/robot_login__struct.hpp
[4.466s] -- Installing: /home/arty/Documents/video_ros2/install/include/video_interfaces/video_interfaces/srv/detail/robot_login__traits.hpp
[4.466s] -- Installing: /home/arty/Documents/video_ros2/install/include/video_interfaces/video_interfaces/srv/detail/robot_login__builder.hpp
[4.466s] -- Up-to-date: /home/arty/Documents/video_ros2/install/include/video_interfaces/video_interfaces
[4.466s] -- Up-to-date: /home/arty/Documents/video_ros2/install/include/video_interfaces/video_interfaces/msg
[4.466s] -- Up-to-date: /home/arty/Documents/video_ros2/install/include/video_interfaces/video_interfaces/msg/rosidl_typesupport_fastrtps_cpp__visibility_control.h
[4.466s] -- Up-to-date: /home/arty/Documents/video_ros2/install/include/video_interfaces/video_interfaces/msg/detail
[4.466s] -- Installing: /home/arty/Documents/video_ros2/install/include/video_interfaces/video_interfaces/msg/detail/encoded_frame__rosidl_typesupport_fastrtps_cpp.hpp
[4.466s] -- Up-to-date: /home/arty/Documents/video_ros2/install/include/video_interfaces/video_interfaces/msg/detail/dds_fastrtps
[4.466s] -- Up-to-date: /home/arty/Documents/video_ros2/install/include/video_interfaces/video_interfaces/srv
[4.467s] -- Up-to-date: /home/arty/Documents/video_ros2/install/include/video_interfaces/video_interfaces/srv/detail
[4.467s] -- Installing: /home/arty/Documents/video_ros2/install/include/video_interfaces/video_interfaces/srv/detail/robot_login__rosidl_typesupport_fastrtps_cpp.hpp
[4.467s] -- Up-to-date: /home/arty/Documents/video_ros2/install/include/video_interfaces/video_interfaces/srv/detail/dds_fastrtps
[4.467s] -- Installing: /home/arty/Documents/video_ros2/install/lib/libvideo_interfaces__rosidl_typesupport_fastrtps_cpp.so
[4.467s] -- Set runtime path of "/home/arty/Documents/video_ros2/install/lib/libvideo_interfaces__rosidl_typesupport_fastrtps_cpp.so" to ""
[4.467s] -- Up-to-date: /home/arty/Documents/video_ros2/install/include/video_interfaces/video_interfaces
[4.467s] -- Up-to-date: /home/arty/Documents/video_ros2/install/include/video_interfaces/video_interfaces/msg
[4.468s] -- Up-to-date: /home/arty/Documents/video_ros2/install/include/video_interfaces/video_interfaces/msg/detail
[4.468s] -- Installing: /home/arty/Documents/video_ros2/install/include/video_interfaces/video_interfaces/msg/detail/encoded_frame__rosidl_typesupport_introspection_cpp.hpp
[4.468s] -- Installing: /home/arty/Documents/video_ros2/install/include/video_interfaces/video_interfaces/msg/detail/encoded_frame__type_support.cpp
[4.468s] -- Up-to-date: /home/arty/Documents/video_ros2/install/include/video_interfaces/video_interfaces/srv
[4.468s] -- Up-to-date: /home/arty/Documents/video_ros2/install/include/video_interfaces/video_interfaces/srv/detail
[4.468s] -- Installing: /home/arty/Documents/video_ros2/install/include/video_interfaces/video_interfaces/srv/detail/robot_login__type_support.cpp
[4.468s] -- Installing: /home/arty/Documents/video_ros2/install/include/video_interfaces/video_interfaces/srv/detail/robot_login__rosidl_typesupport_introspection_cpp.hpp
[4.469s] -- Installing: /home/arty/Documents/video_ros2/install/lib/libvideo_interfaces__rosidl_typesupport_introspection_cpp.so
[4.469s] -- Set runtime path of "/home/arty/Documents/video_ros2/install/lib/libvideo_interfaces__rosidl_typesupport_introspection_cpp.so" to ""
[4.469s] -- Installing: /home/arty/Documents/video_ros2/install/lib/libvideo_interfaces__rosidl_typesupport_cpp.so
[4.469s] -- Set runtime path of "/home/arty/Documents/video_ros2/install/lib/libvideo_interfaces__rosidl_typesupport_cpp.so" to ""
[4.469s] -- Up-to-date: /home/arty/Documents/video_ros2/install/share/video_interfaces/environment/pythonpath.sh
[4.469s] -- Installing: /home/arty/Documents/video_ros2/install/share/video_interfaces/environment/pythonpath.dsv
[4.469s] -- Up-to-date: /home/arty/Documents/video_ros2/install/local/lib/python3.10/dist-packages/video_interfaces-0.1.0-py3.10.egg-info
[4.469s] -- Installing: /home/arty/Documents/video_ros2/install/local/lib/python3.10/dist-packages/video_interfaces-0.1.0-py3.10.egg-info/top_level.txt
[4.469s] -- Installing: /home/arty/Documents/video_ros2/install/local/lib/python3.10/dist-packages/video_interfaces-0.1.0-py3.10.egg-info/SOURCES.txt
[4.469s] -- Installing: /home/arty/Documents/video_ros2/install/local/lib/python3.10/dist-packages/video_interfaces-0.1.0-py3.10.egg-info/dependency_links.txt
[4.469s] -- Installing: /home/arty/Documents/video_ros2/install/local/lib/python3.10/dist-packages/video_interfaces-0.1.0-py3.10.egg-info/PKG-INFO
[4.469s] -- Up-to-date: /home/arty/Documents/video_ros2/install/local/lib/python3.10/dist-packages/video_interfaces
[4.469s] -- Installing: /home/arty/Documents/video_ros2/install/local/lib/python3.10/dist-packages/video_interfaces/__init__.py
[4.469s] -- Installing: /home/arty/Documents/video_ros2/install/local/lib/python3.10/dist-packages/video_interfaces/_video_interfaces_s.ep.rosidl_typesupport_introspection_c.c
[4.470s] -- Installing: /home/arty/Documents/video_ros2/install/local/lib/python3.10/dist-packages/video_interfaces/video_interfaces_s__rosidl_typesupport_fastrtps_c.cpython-310-x86_64-linux-gnu.so
[4.470s] -- Up-to-date: /home/arty/Documents/video_ros2/install/local/lib/python3.10/dist-packages/video_interfaces/msg
[4.470s] -- Installing: /home/arty/Documents/video_ros2/install/local/lib/python3.10/dist-packages/video_interfaces/msg/_encoded_frame_s.c
[4.470s] -- Installing: /home/arty/Documents/video_ros2/install/local/lib/python3.10/dist-packages/video_interfaces/msg/__init__.py
[4.470s] -- Installing: /home/arty/Documents/video_ros2/install/local/lib/python3.10/dist-packages/video_interfaces/msg/_encoded_frame.py
[4.470s] -- Installing: /home/arty/Documents/video_ros2/install/local/lib/python3.10/dist-packages/video_interfaces/libvideo_interfaces__rosidl_generator_py.so
[4.470s] -- Installing: /home/arty/Documents/video_ros2/install/local/lib/python3.10/dist-packages/video_interfaces/_video_interfaces_s.ep.rosidl_typesupport_c.c
[4.470s] -- Installing: /home/arty/Documents/video_ros2/install/local/lib/python3.10/dist-packages/video_interfaces/video_interfaces_s__rosidl_typesupport_c.cpython-310-x86_64-linux-gnu.so
[4.470s] -- Installing: /home/arty/Documents/video_ros2/install/local/lib/python3.10/dist-packages/video_interfaces/_video_interfaces_s.ep.rosidl_typesupport_fastrtps_c.c
[4.470s] -- Up-to-date: /home/arty/Documents/video_ros2/install/local/lib/python3.10/dist-packages/video_interfaces/srv
[4.470s] -- Installing: /home/arty/Documents/video_ros2/install/local/lib/python3.10/dist-packages/video_interfaces/srv/__init__.py
[4.470s] -- Installing: /home/arty/Documents/video_ros2/install/local/lib/python3.10/dist-packages/video_interfaces/srv/_robot_login_s.c
[4.470s] -- Installing: /home/arty/Documents/video_ros2/install/local/lib/python3.10/dist-packages/video_interfaces/srv/_robot_login.py
[4.471s] -- Installing: /home/arty/Documents/video_ros2/install/local/lib/python3.10/dist-packages/video_interfaces/video_interfaces_s__rosidl_typesupport_introspection_c.cpython-310-x86_64-linux-gnu.so
[4.503s] Listing '/home/arty/Documents/video_ros2/install/local/lib/python3.10/dist-packages/video_interfaces'...
[4.503s] Compiling '/home/arty/Documents/video_ros2/install/local/lib/python3.10/dist-packages/video_interfaces/__init__.py'...
[4.503s] Listing '/home/arty/Documents/video_ros2/install/local/lib/python3.10/dist-packages/video_interfaces/msg'...
[4.503s] Compiling '/home/arty/Documents/video_ros2/install/local/lib/python3.10/dist-packages/video_interfaces/msg/__init__.py'...
[4.503s] Compiling '/home/arty/Documents/video_ros2/install/local/lib/python3.10/dist-packages/video_interfaces/msg/_encoded_frame.py'...
[4.503s] Listing '/home/arty/Documents/video_ros2/install/local/lib/python3.10/dist-packages/video_interfaces/srv'...
[4.503s] Compiling '/home/arty/Documents/video_ros2/install/local/lib/python3.10/dist-packages/video_interfaces/srv/__init__.py'...
[4.503s] Compiling '/home/arty/Documents/video_ros2/install/local/lib/python3.10/dist-packages/video_interfaces/srv/_robot_login.py'...
[4.507s] -- Installing: /home/arty/Documents/video_ros2/install/local/lib/python3.10/dist-packages/video_interfaces/video_interfaces_s__rosidl_typesupport_fastrtps_c.cpython-310-x86_64-linux-gnu.so
[4.507s] -- Set runtime path of "/home/arty/Documents/video_ros2/install/local/lib/python3.10/dist-packages/video_interfaces/video_interfaces_s__rosidl_typesupport_fastrtps_c.cpython-310-x86_64-linux-gnu.so" to ""
[4.508s] -- Installing: /home/arty/Documents/video_ros2/install/local/lib/python3.10/dist-packages/video_interfaces/video_interfaces_s__rosidl_typesupport_introspection_c.cpython-310-x86_64-linux-gnu.so
[4.508s] -- Set runtime path of "/home/arty/Documents/video_ros2/install/local/lib/python3.10/dist-packages/video_interfaces/video_interfaces_s__rosidl_typesupport_introspection_c.cpython-310-x86_64-linux-gnu.so" to ""
[4.508s] -- Installing: /home/arty/Documents/video_ros2/install/local/lib/python3.10/dist-packages/video_interfaces/video_interfaces_s__rosidl_typesupport_c.cpython-310-x86_64-linux-gnu.so
[4.508s] -- Set runtime path of "/home/arty/Documents/video_ros2/install/local/lib/python3.10/dist-packages/video_interfaces/video_interfaces_s__rosidl_typesupport_c.cpython-310-x86_64-linux-gnu.so" to ""
[4.508s] -- Installing: /home/arty/Documents/video_ros2/install/lib/libvideo_interfaces__rosidl_generator_py.so
[4.509s] -- Set runtime path of "/home/arty/Documents/video_ros2/install/lib/libvideo_interfaces__rosidl_generator_py.so" to ""
[4.509s] -- Up-to-date: /home/arty/Documents/video_ros2/install/share/ament_index/resource_index/rust_packages/video_interfaces
[4.509s] -- Up-to-date: /home/arty/Documents/video_ros2/install/share/video_interfaces/rust
[4.509s] -- Up-to-date: /home/arty/Documents/video_ros2/install/share/video_interfaces/rust/src
[4.510s] -- Up-to-date: /home/arty/Documents/video_ros2/install/share/video_interfaces/rust/src/msg
[4.510s] -- Installing: /home/arty/Documents/video_ros2/install/share/video_interfaces/rust/src/msg/rmw.rs
[4.510s] -- Installing: /home/arty/Documents/video_ros2/install/share/video_interfaces/rust/src/lib.rs
[4.511s] -- Installing: /home/arty/Documents/video_ros2/install/share/video_interfaces/rust/src/srv.rs
[4.511s] -- Installing: /home/arty/Documents/video_ros2/install/share/video_interfaces/rust/src/msg.rs
[4.511s] -- Up-to-date: /home/arty/Documents/video_ros2/install/share/video_interfaces/rust/src/srv
[4.511s] -- Installing: /home/arty/Documents/video_ros2/install/share/video_interfaces/rust/src/srv/rmw.rs
[4.511s] -- Installing: /home/arty/Documents/video_ros2/install/share/video_interfaces/rust/build.rs
[4.511s] -- Installing: /home/arty/Documents/video_ros2/install/share/video_interfaces/rust/Cargo.toml
[4.511s] -- Up-to-date: /home/arty/Documents/video_ros2/install/share/video_interfaces/msg/EncodedFrame.idl
[4.511s] -- Installing: /home/arty/Documents/video_ros2/install/share/video_interfaces/srv/RobotLogin.idl
[4.511s] -- Up-to-date: /home/arty/Documents/video_ros2/install/share/video_interfaces/msg/EncodedFrame.msg
[4.511s] -- Installing: /home/arty/Documents/video_ros2/install/share/video_interfaces/srv/RobotLogin.srv
[4.511s] -- Installing: /home/arty/Documents/video_ros2/install/share/video_interfaces/srv/RobotLogin_Request.msg
[4.512s] -- Up-to-date: /home/arty/Documents/video_ros2/install/share/video_interfaces/srv/RobotLogin_Response.msg
[4.512s] -- Up-to-date: /home/arty/Documents/video_ros2/install/share/ament_index/resource_index/package_run_dependencies/video_interfaces
[4.512s] -- Up-to-date: /home/arty/Documents/video_ros2/install/share/ament_index/resource_index/parent_prefix_path/video_interfaces
[4.512s] -- Up-to-date: /home/arty/Documents/video_ros2/install/share/video_interfaces/environment/ament_prefix_path.sh
[4.513s] -- Installing: /home/arty/Documents/video_ros2/install/share/video_interfaces/environment/ament_prefix_path.dsv
[4.513s] -- Up-to-date: /home/arty/Documents/video_ros2/install/share/video_interfaces/environment/path.sh
[4.513s] -- Installing: /home/arty/Documents/video_ros2/install/share/video_interfaces/environment/path.dsv
[4.513s] -- Up-to-date: /home/arty/Documents/video_ros2/install/share/video_interfaces/local_setup.bash
[4.514s] -- Up-to-date: /home/arty/Documents/video_ros2/install/share/video_interfaces/local_setup.sh
[4.514s] -- Up-to-date: /home/arty/Documents/video_ros2/install/share/video_interfaces/local_setup.zsh
[4.514s] -- Installing: /home/arty/Documents/video_ros2/install/share/video_interfaces/local_setup.dsv
[4.515s] -- Installing: /home/arty/Documents/video_ros2/install/share/video_interfaces/package.dsv
[4.515s] -- Up-to-date: /home/arty/Documents/video_ros2/install/share/ament_index/resource_index/packages/video_interfaces
[4.516s] -- Up-to-date: /home/arty/Documents/video_ros2/install/share/video_interfaces/cmake/export_video_interfaces__rosidl_generator_cExport.cmake
[4.516s] -- Up-to-date: /home/arty/Documents/video_ros2/install/share/video_interfaces/cmake/export_video_interfaces__rosidl_generator_cExport-release.cmake
[4.516s] -- Up-to-date: /home/arty/Documents/video_ros2/install/share/video_interfaces/cmake/export_video_interfaces__rosidl_typesupport_fastrtps_cExport.cmake
[4.516s] -- Up-to-date: /home/arty/Documents/video_ros2/install/share/video_interfaces/cmake/export_video_interfaces__rosidl_typesupport_fastrtps_cExport-release.cmake
[4.516s] -- Up-to-date: /home/arty/Documents/video_ros2/install/share/video_interfaces/cmake/video_interfaces__rosidl_typesupport_introspection_cExport.cmake
[4.516s] -- Up-to-date: /home/arty/Documents/video_ros2/install/share/video_interfaces/cmake/video_interfaces__rosidl_typesupport_introspection_cExport-release.cmake
[4.517s] -- Up-to-date: /home/arty/Documents/video_ros2/install/share/video_interfaces/cmake/video_interfaces__rosidl_typesupport_cExport.cmake
[4.517s] -- Up-to-date: /home/arty/Documents/video_ros2/install/share/video_interfaces/cmake/video_interfaces__rosidl_typesupport_cExport-release.cmake
[4.517s] -- Up-to-date: /home/arty/Documents/video_ros2/install/share/video_interfaces/cmake/export_video_interfaces__rosidl_generator_cppExport.cmake
[4.517s] -- Up-to-date: /home/arty/Documents/video_ros2/install/share/video_interfaces/cmake/export_video_interfaces__rosidl_typesupport_fastrtps_cppExport.cmake
[4.517s] -- Up-to-date: /home/arty/Documents/video_ros2/install/share/video_interfaces/cmake/export_video_interfaces__rosidl_typesupport_fastrtps_cppExport-release.cmake
[4.518s] -- Up-to-date: /home/arty/Documents/video_ros2/install/share/video_interfaces/cmake/video_interfaces__rosidl_typesupport_introspection_cppExport.cmake
[4.518s] -- Up-to-date: /home/arty/Documents/video_ros2/install/share/video_interfaces/cmake/video_interfaces__rosidl_typesupport_introspection_cppExport-release.cmake
[4.518s] -- Up-to-date: /home/arty/Documents/video_ros2/install/share/video_interfaces/cmake/video_interfaces__rosidl_typesupport_cppExport.cmake
[4.518s] -- Up-to-date: /home/arty/Documents/video_ros2/install/share/video_interfaces/cmake/video_interfaces__rosidl_typesupport_cppExport-release.cmake
[4.518s] -- Up-to-date: /home/arty/Documents/video_ros2/install/share/video_interfaces/cmake/export_video_interfaces__rosidl_generator_pyExport.cmake
[4.518s] -- Up-to-date: /home/arty/Documents/video_ros2/install/share/video_interfaces/cmake/export_video_interfaces__rosidl_generator_pyExport-release.cmake
[4.518s] -- Up-to-date: /home/arty/Documents/video_ros2/install/share/video_interfaces/cmake/rosidl_cmake-extras.cmake
[4.518s] -- Up-to-date: /home/arty/Documents/video_ros2/install/share/video_interfaces/cmake/ament_cmake_export_dependencies-extras.cmake
[4.519s] -- Up-to-date: /home/arty/Documents/video_ros2/install/share/video_interfaces/cmake/ament_cmake_export_include_directories-extras.cmake
[4.519s] -- Up-to-date: /home/arty/Documents/video_ros2/install/share/video_interfaces/cmake/ament_cmake_export_libraries-extras.cmake
[4.519s] -- Up-to-date: /home/arty/Documents/video_ros2/install/share/video_interfaces/cmake/ament_cmake_export_targets-extras.cmake
[4.519s] -- Up-to-date: /home/arty/Documents/video_ros2/install/share/video_interfaces/cmake/rosidl_cmake_export_typesupport_targets-extras.cmake
[4.519s] -- Up-to-date: /home/arty/Documents/video_ros2/install/share/video_interfaces/cmake/rosidl_cmake_export_typesupport_libraries-extras.cmake
[4.519s] -- Up-to-date: /home/arty/Documents/video_ros2/install/share/video_interfaces/cmake/video_interfacesConfig.cmake
[4.519s] -- Up-to-date: /home/arty/Documents/video_ros2/install/share/video_interfaces/cmake/video_interfacesConfig-version.cmake
[4.519s] -- Up-to-date: /home/arty/Documents/video_ros2/install/share/video_interfaces/package.xml
[4.519s] Invoked command in '/home/arty/Documents/video_ros2/build/video_interfaces' returned '0': /usr/bin/cmake --install /home/arty/Documents/video_ros2/build/video_interfaces
