-- The C compiler identification is GNU 11.4.0
-- The CXX compiler identification is GNU 11.4.0
-- Detecting C compiler ABI info
-- Detecting C compiler ABI info - done
-- Check for working C compiler: /usr/bin/cc - skipped
-- Detecting C compile features
-- Detecting C compile features - done
-- Detecting CXX compiler ABI info
-- Detecting CXX compiler ABI info - done
-- Check for working CXX compiler: /usr/bin/c++ - skipped
-- Detecting CXX compile features
-- Detecting CXX compile features - done
-- Found ament_cmake: 1.3.14 (/opt/ros/humble/share/ament_cmake/cmake)
-- Found Python3: /usr/bin/python3 (found version "3.10.12") found components: Interpreter 
-- Found rclcpp: 16.0.19 (/opt/ros/humble/share/rclcpp/cmake)
-- Found rosidl_generator_c: 3.1.8 (/opt/ros/humble/share/rosidl_generator_c/cmake)
-- Found rosidl_adapter: 3.1.8 (/opt/ros/humble/share/rosidl_adapter/cmake)
-- Found rosidl_generator_cpp: 3.1.8 (/opt/ros/humble/share/rosidl_generator_cpp/cmake)
-- Using all available rosidl_typesupport_c: rosidl_typesupport_fastrtps_c;rosidl_typesupport_introspection_c
-- Using all available rosidl_typesupport_cpp: rosidl_typesupport_fastrtps_cpp;rosidl_typesupport_introspection_cpp
-- Found rmw_implementation_cmake: 6.1.2 (/opt/ros/humble/share/rmw_implementation_cmake/cmake)
-- Found rmw_fastrtps_cpp: 6.2.10 (/opt/ros/humble/share/rmw_fastrtps_cpp/cmake)
-- Found OpenSSL: /usr/lib/x86_64-linux-gnu/libcrypto.so (found version "3.0.2")  
-- Found FastRTPS: /opt/ros/humble/include  
-- Using RMW implementation 'rmw_fastrtps_cpp' as default
-- Looking for pthread.h
-- Looking for pthread.h - found
-- Performing Test CMAKE_HAVE_LIBC_PTHREAD
-- Performing Test CMAKE_HAVE_LIBC_PTHREAD - Success
-- Found Threads: TRUE  
-- Found video_interfaces: 0.1.0 (/home/arty/Documents/video_ros2/install/share/video_interfaces/cmake)
-- Configuring done
-- Generating done
CMake Warning:
  Manually-specified variables were not used by the project:

    CATKIN_INSTALL_INTO_PREFIX_ROOT


-- Build files have been written to: /home/arty/Documents/video_ros2/build/custom_byteblock
[ 50%] Building CXX object CMakeFiles/custom_byteblock_node.dir/src/custom_byteblock_node.cpp.o
/home/arty/Documents/video_ros2/src/custom_byteblock/src/custom_byteblock_node.cpp:107:49: error: ‘RawByteBlock’ is not a member of ‘video_interfaces::msg’
  107 |     rclcpp::Subscription<video_interfaces::msg::RawByteBlock>::SharedPtr subscription_;
      |                                                 ^~~~~~~~~~~~
/home/arty/Documents/video_ros2/src/custom_byteblock/src/custom_byteblock_node.cpp:107:61: error: template argument 1 is invalid
  107 |     rclcpp::Subscription<video_interfaces::msg::RawByteBlock>::SharedPtr subscription_;
      |                                                             ^
/home/arty/Documents/video_ros2/src/custom_byteblock/src/custom_byteblock_node.cpp:107:61: error: template argument 3 is invalid
/home/arty/Documents/video_ros2/src/custom_byteblock/src/custom_byteblock_node.cpp:107:61: error: template argument 4 is invalid
/home/arty/Documents/video_ros2/src/custom_byteblock/src/custom_byteblock_node.cpp:107:61: error: template argument 5 is invalid
/home/arty/Documents/video_ros2/src/custom_byteblock/src/custom_byteblock_node.cpp:107:64: error: expected ‘;’ at end of member declaration
  107 |     rclcpp::Subscription<video_interfaces::msg::RawByteBlock>::SharedPtr subscription_;
      |                                                                ^~~~~~~~~
      |                                                                         ;
/home/arty/Documents/video_ros2/src/custom_byteblock/src/custom_byteblock_node.cpp:107:74: error: ‘subscription_’ does not name a type; did you mean ‘rmw_subscription_t’?
  107 |     rclcpp::Subscription<video_interfaces::msg::RawByteBlock>::SharedPtr subscription_;
      |                                                                          ^~~~~~~~~~~~~
      |                                                                          rmw_subscription_t
/home/arty/Documents/video_ros2/src/custom_byteblock/src/custom_byteblock_node.cpp: In constructor ‘CustomByteBlockNode::CustomByteBlockNode()’:
/home/arty/Documents/video_ros2/src/custom_byteblock/src/custom_byteblock_node.cpp:41:9: error: ‘subscription_’ was not declared in this scope; did you mean ‘rmw_subscription_t’?
   41 |         subscription_ = create_subscription<std_msgs::msg::UInt8MultiArray>(
      |         ^~~~~~~~~~~~~
      |         rmw_subscription_t
gmake[2]: *** [CMakeFiles/custom_byteblock_node.dir/build.make:76：CMakeFiles/custom_byteblock_node.dir/src/custom_byteblock_node.cpp.o] 错误 1
gmake[1]: *** [CMakeFiles/Makefile2:137：CMakeFiles/custom_byteblock_node.dir/all] 错误 2
gmake: *** [Makefile:146：all] 错误 2
