[0.018s] Invoking command in '/home/arty/Documents/video_ros2/build/custom_byteblock': CMAKE_PREFIX_PATH=/home/arty/Documents/video_ros2/install LD_LIBRARY_PATH=/home/arty/Documents/video_ros2/install/lib:${LD_LIBRARY_PATH} PKG_CONFIG_PATH=/home/arty/Documents/video_ros2/install/lib/x86_64-linux-gnu/pkgconfig:/home/arty/Documents/video_ros2/install/lib/pkgconfig PYTHONPATH=/home/arty/Documents/video_ros2/install/local/lib/python3.10/dist-packages:${PYTHONPATH} ROS_PACKAGE_PATH=/home/arty/Documents/video_ros2/install/share /usr/bin/cmake /home/arty/Documents/video_ros2/src/custom_byteblock -DCMAKE_BUILD_TYPE=Release -DCATKIN_INSTALL_INTO_PREFIX_ROOT=0 -DCMAKE_INSTALL_PREFIX=/home/arty/Documents/video_ros2/install
[0.084s] -- The C compiler identification is GNU 11.4.0
[0.141s] -- The CXX compiler identification is GNU 11.4.0
[0.149s] -- Detecting C compiler ABI info
[0.225s] -- Detecting C compiler ABI info - done
[0.231s] -- Check for working C compiler: /usr/bin/cc - skipped
[0.231s] -- Detecting C compile features
[0.231s] -- Detecting C compile features - done
[0.234s] -- Detecting CXX compiler ABI info
[0.318s] -- Detecting CXX compiler ABI info - done
[0.326s] -- Check for working CXX compiler: /usr/bin/c++ - skipped
[0.326s] -- Detecting CXX compile features
[0.327s] -- Detecting CXX compile features - done
[0.329s] -- Found ament_cmake: 1.3.14 (/opt/ros/humble/share/ament_cmake/cmake)
[0.511s] -- Found Python3: /usr/bin/python3 (found version "3.10.12") found components: Interpreter 
[0.608s] -- Found rclcpp: 16.0.19 (/opt/ros/humble/share/rclcpp/cmake)
[0.646s] -- Found rosidl_generator_c: 3.1.8 (/opt/ros/humble/share/rosidl_generator_c/cmake)
[0.649s] -- Found rosidl_adapter: 3.1.8 (/opt/ros/humble/share/rosidl_adapter/cmake)
[0.655s] -- Found rosidl_generator_cpp: 3.1.8 (/opt/ros/humble/share/rosidl_generator_cpp/cmake)
[0.664s] -- Using all available rosidl_typesupport_c: rosidl_typesupport_fastrtps_c;rosidl_typesupport_introspection_c
[0.675s] -- Using all available rosidl_typesupport_cpp: rosidl_typesupport_fastrtps_cpp;rosidl_typesupport_introspection_cpp
[0.709s] -- Found rmw_implementation_cmake: 6.1.2 (/opt/ros/humble/share/rmw_implementation_cmake/cmake)
[0.711s] -- Found rmw_fastrtps_cpp: 6.2.10 (/opt/ros/humble/share/rmw_fastrtps_cpp/cmake)
[0.792s] -- Found OpenSSL: /usr/lib/x86_64-linux-gnu/libcrypto.so (found version "3.0.2")  
[0.817s] -- Found FastRTPS: /opt/ros/humble/include  
[0.865s] -- Using RMW implementation 'rmw_fastrtps_cpp' as default
[0.874s] -- Looking for pthread.h
[0.939s] -- Looking for pthread.h - found
[0.940s] -- Performing Test CMAKE_HAVE_LIBC_PTHREAD
[1.026s] -- Performing Test CMAKE_HAVE_LIBC_PTHREAD - Success
[1.028s] -- Found Threads: TRUE  
[1.091s] -- Found video_interfaces: 0.1.0 (/home/arty/Documents/video_ros2/install/share/video_interfaces/cmake)
[1.200s] -- Configuring done
[1.213s] -- Generating done
[1.214s] CMake Warning:
[1.214s]   Manually-specified variables were not used by the project:
[1.214s] 
[1.214s]     CATKIN_INSTALL_INTO_PREFIX_ROOT
[1.214s] 
[1.214s] 
[1.217s] -- Build files have been written to: /home/arty/Documents/video_ros2/build/custom_byteblock
[1.229s] Invoked command in '/home/arty/Documents/video_ros2/build/custom_byteblock' returned '0': CMAKE_PREFIX_PATH=/home/arty/Documents/video_ros2/install LD_LIBRARY_PATH=/home/arty/Documents/video_ros2/install/lib:${LD_LIBRARY_PATH} PKG_CONFIG_PATH=/home/arty/Documents/video_ros2/install/lib/x86_64-linux-gnu/pkgconfig:/home/arty/Documents/video_ros2/install/lib/pkgconfig PYTHONPATH=/home/arty/Documents/video_ros2/install/local/lib/python3.10/dist-packages:${PYTHONPATH} ROS_PACKAGE_PATH=/home/arty/Documents/video_ros2/install/share /usr/bin/cmake /home/arty/Documents/video_ros2/src/custom_byteblock -DCMAKE_BUILD_TYPE=Release -DCATKIN_INSTALL_INTO_PREFIX_ROOT=0 -DCMAKE_INSTALL_PREFIX=/home/arty/Documents/video_ros2/install
[1.231s] Invoking command in '/home/arty/Documents/video_ros2/build/custom_byteblock': CMAKE_PREFIX_PATH=/home/arty/Documents/video_ros2/install LD_LIBRARY_PATH=/home/arty/Documents/video_ros2/install/lib:${LD_LIBRARY_PATH} PKG_CONFIG_PATH=/home/arty/Documents/video_ros2/install/lib/x86_64-linux-gnu/pkgconfig:/home/arty/Documents/video_ros2/install/lib/pkgconfig PYTHONPATH=/home/arty/Documents/video_ros2/install/local/lib/python3.10/dist-packages:${PYTHONPATH} ROS_PACKAGE_PATH=/home/arty/Documents/video_ros2/install/share /usr/bin/cmake --build /home/arty/Documents/video_ros2/build/custom_byteblock -- -j16 -l16
[1.282s] [ 50%] Building CXX object CMakeFiles/custom_byteblock_node.dir/src/custom_byteblock_node.cpp.o
[5.579s] /home/arty/Documents/video_ros2/src/custom_byteblock/src/custom_byteblock_node.cpp:107:49: error: ‘RawByteBlock’ is not a member of ‘video_interfaces::msg’
[5.580s]   107 |     rclcpp::Subscription<video_interfaces::msg::RawByteBlock>::SharedPtr subscription_;
[5.580s]       |                                                 ^~~~~~~~~~~~
[5.580s] /home/arty/Documents/video_ros2/src/custom_byteblock/src/custom_byteblock_node.cpp:107:61: error: template argument 1 is invalid
[5.580s]   107 |     rclcpp::Subscription<video_interfaces::msg::RawByteBlock>::SharedPtr subscription_;
[5.580s]       |                                                             ^
[5.580s] /home/arty/Documents/video_ros2/src/custom_byteblock/src/custom_byteblock_node.cpp:107:61: error: template argument 3 is invalid
[5.580s] /home/arty/Documents/video_ros2/src/custom_byteblock/src/custom_byteblock_node.cpp:107:61: error: template argument 4 is invalid
[5.580s] /home/arty/Documents/video_ros2/src/custom_byteblock/src/custom_byteblock_node.cpp:107:61: error: template argument 5 is invalid
[5.580s] /home/arty/Documents/video_ros2/src/custom_byteblock/src/custom_byteblock_node.cpp:107:64: error: expected ‘;’ at end of member declaration
[5.580s]   107 |     rclcpp::Subscription<video_interfaces::msg::RawByteBlock>::SharedPtr subscription_;
[5.580s]       |                                                                ^~~~~~~~~
[5.580s]       |                                                                         ;
[5.583s] /home/arty/Documents/video_ros2/src/custom_byteblock/src/custom_byteblock_node.cpp:107:74: error: ‘subscription_’ does not name a type; did you mean ‘rmw_subscription_t’?
[5.583s]   107 |     rclcpp::Subscription<video_interfaces::msg::RawByteBlock>::SharedPtr subscription_;
[5.583s]       |                                                                          ^~~~~~~~~~~~~
[5.583s]       |                                                                          rmw_subscription_t
[5.600s] /home/arty/Documents/video_ros2/src/custom_byteblock/src/custom_byteblock_node.cpp: In constructor ‘CustomByteBlockNode::CustomByteBlockNode()’:
[5.600s] /home/arty/Documents/video_ros2/src/custom_byteblock/src/custom_byteblock_node.cpp:41:9: error: ‘subscription_’ was not declared in this scope; did you mean ‘rmw_subscription_t’?
[5.600s]    41 |         subscription_ = create_subscription<std_msgs::msg::UInt8MultiArray>(
[5.600s]       |         ^~~~~~~~~~~~~
[5.600s]       |         rmw_subscription_t
[9.993s] gmake[2]: *** [CMakeFiles/custom_byteblock_node.dir/build.make:76：CMakeFiles/custom_byteblock_node.dir/src/custom_byteblock_node.cpp.o] 错误 1
[9.993s] gmake[1]: *** [CMakeFiles/Makefile2:137：CMakeFiles/custom_byteblock_node.dir/all] 错误 2
[9.993s] gmake: *** [Makefile:146：all] 错误 2
[9.996s] Invoked command in '/home/arty/Documents/video_ros2/build/custom_byteblock' returned '2': CMAKE_PREFIX_PATH=/home/arty/Documents/video_ros2/install LD_LIBRARY_PATH=/home/arty/Documents/video_ros2/install/lib:${LD_LIBRARY_PATH} PKG_CONFIG_PATH=/home/arty/Documents/video_ros2/install/lib/x86_64-linux-gnu/pkgconfig:/home/arty/Documents/video_ros2/install/lib/pkgconfig PYTHONPATH=/home/arty/Documents/video_ros2/install/local/lib/python3.10/dist-packages:${PYTHONPATH} ROS_PACKAGE_PATH=/home/arty/Documents/video_ros2/install/share /usr/bin/cmake --build /home/arty/Documents/video_ros2/build/custom_byteblock -- -j16 -l16
