[0.014s] Invoking command in '/home/arty/Documents/video_ros2/build/video_ingest': CMAKE_PREFIX_PATH=/home/arty/Documents/video_ros2/install LD_LIBRARY_PATH=/home/arty/Documents/video_ros2/install/lib:${LD_LIBRARY_PATH} PKG_CONFIG_PATH=/home/arty/Documents/video_ros2/install/lib/x86_64-linux-gnu/pkgconfig:/home/arty/Documents/video_ros2/install/lib/pkgconfig PYTHONPATH=/home/arty/Documents/video_ros2/install/local/lib/python3.10/dist-packages:${PYTHONPATH} ROS_PACKAGE_PATH=/home/arty/Documents/video_ros2/install/share /usr/bin/cmake /home/arty/Documents/video_ros2/src/video_ingest -DCMAKE_BUILD_TYPE=Release -DCATKIN_INSTALL_INTO_PREFIX_ROOT=0 -DCMAKE_INSTALL_PREFIX=/home/arty/Documents/video_ros2/install
[0.074s] -- The C compiler identification is GNU 11.4.0
[0.129s] -- The CXX compiler identification is GNU 11.4.0
[0.137s] -- Detecting C compiler ABI info
[0.215s] -- Detecting C compiler ABI info - done
[0.225s] -- Check for working C compiler: /usr/bin/cc - skipped
[0.225s] -- Detecting C compile features
[0.225s] -- Detecting C compile features - done
[0.230s] -- Detecting CXX compiler ABI info
[0.319s] -- Detecting CXX compiler ABI info - done
[0.329s] -- Check for working CXX compiler: /usr/bin/c++ - skipped
[0.329s] -- Detecting CXX compile features
[0.330s] -- Detecting CXX compile features - done
[0.332s] -- Found ament_cmake: 1.3.14 (/opt/ros/humble/share/ament_cmake/cmake)
[0.505s] -- Found Python3: /usr/bin/python3 (found version "3.10.12") found components: Interpreter 
[0.638s] -- Found rclcpp: 16.0.19 (/opt/ros/humble/share/rclcpp/cmake)
[0.681s] -- Found rosidl_generator_c: 3.1.8 (/opt/ros/humble/share/rosidl_generator_c/cmake)
[0.687s] -- Found rosidl_adapter: 3.1.8 (/opt/ros/humble/share/rosidl_adapter/cmake)
[0.696s] -- Found rosidl_generator_cpp: 3.1.8 (/opt/ros/humble/share/rosidl_generator_cpp/cmake)
[0.709s] -- Using all available rosidl_typesupport_c: rosidl_typesupport_fastrtps_c;rosidl_typesupport_introspection_c
[0.728s] -- Using all available rosidl_typesupport_cpp: rosidl_typesupport_fastrtps_cpp;rosidl_typesupport_introspection_cpp
[0.782s] -- Found rmw_implementation_cmake: 6.1.2 (/opt/ros/humble/share/rmw_implementation_cmake/cmake)
[0.784s] -- Found rmw_fastrtps_cpp: 6.2.10 (/opt/ros/humble/share/rmw_fastrtps_cpp/cmake)
[0.863s] -- Found OpenSSL: /usr/lib/x86_64-linux-gnu/libcrypto.so (found version "3.0.2")  
[0.886s] -- Found FastRTPS: /opt/ros/humble/include  
[0.928s] -- Using RMW implementation 'rmw_fastrtps_cpp' as default
[0.938s] -- Looking for pthread.h
[1.023s] -- Looking for pthread.h - found
[1.023s] -- Performing Test CMAKE_HAVE_LIBC_PTHREAD
[1.105s] -- Performing Test CMAKE_HAVE_LIBC_PTHREAD - Success
[1.106s] -- Found Threads: TRUE  
[1.147s] -- Found video_interfaces: 0.1.0 (/home/arty/Documents/video_ros2/install/share/video_interfaces/cmake)
[1.168s] -- Performing Test HAVE_STDATOMIC
[1.281s] -- Performing Test HAVE_STDATOMIC - Success
[1.282s] -- Found WrapAtomic: TRUE  
[1.395s] -- Configuring done
[1.418s] -- Generating done
[1.419s] CMake Warning:
[1.419s]   Manually-specified variables were not used by the project:
[1.420s] 
[1.420s]     CATKIN_INSTALL_INTO_PREFIX_ROOT
[1.420s] 
[1.420s] 
[1.423s] -- Build files have been written to: /home/arty/Documents/video_ros2/build/video_ingest
[1.444s] Invoked command in '/home/arty/Documents/video_ros2/build/video_ingest' returned '0': CMAKE_PREFIX_PATH=/home/arty/Documents/video_ros2/install LD_LIBRARY_PATH=/home/arty/Documents/video_ros2/install/lib:${LD_LIBRARY_PATH} PKG_CONFIG_PATH=/home/arty/Documents/video_ros2/install/lib/x86_64-linux-gnu/pkgconfig:/home/arty/Documents/video_ros2/install/lib/pkgconfig PYTHONPATH=/home/arty/Documents/video_ros2/install/local/lib/python3.10/dist-packages:${PYTHONPATH} ROS_PACKAGE_PATH=/home/arty/Documents/video_ros2/install/share /usr/bin/cmake /home/arty/Documents/video_ros2/src/video_ingest -DCMAKE_BUILD_TYPE=Release -DCATKIN_INSTALL_INTO_PREFIX_ROOT=0 -DCMAKE_INSTALL_PREFIX=/home/arty/Documents/video_ros2/install
[1.447s] Invoking command in '/home/arty/Documents/video_ros2/build/video_ingest': CMAKE_PREFIX_PATH=/home/arty/Documents/video_ros2/install LD_LIBRARY_PATH=/home/arty/Documents/video_ros2/install/lib:${LD_LIBRARY_PATH} PKG_CONFIG_PATH=/home/arty/Documents/video_ros2/install/lib/x86_64-linux-gnu/pkgconfig:/home/arty/Documents/video_ros2/install/lib/pkgconfig PYTHONPATH=/home/arty/Documents/video_ros2/install/local/lib/python3.10/dist-packages:${PYTHONPATH} ROS_PACKAGE_PATH=/home/arty/Documents/video_ros2/install/share /usr/bin/cmake --build /home/arty/Documents/video_ros2/build/video_ingest -- -j16 -l16
[1.516s] [ 25%] Automatic MOC for target udp_ingest_node
[2.213s] [ 25%] Built target udp_ingest_node_autogen
[2.252s] [ 75%] Building CXX object CMakeFiles/udp_ingest_node.dir/src/udp_ingest_node.cpp.o
[2.252s] [ 75%] Building CXX object CMakeFiles/udp_ingest_node.dir/udp_ingest_node_autogen/mocs_compilation.cpp.o
[10.601s] [100%] Linking CXX executable udp_ingest_node
[11.071s] [100%] Built target udp_ingest_node
