-- Found ament_cmake: 1.3.14 (/opt/ros/humble/share/ament_cmake/cmake)
-- Found rclcpp: 16.0.19 (/opt/ros/humble/share/rclcpp/cmake)
-- Found rosidl_generator_c: 3.1.8 (/opt/ros/humble/share/rosidl_generator_c/cmake)
-- Found rosidl_adapter: 3.1.8 (/opt/ros/humble/share/rosidl_adapter/cmake)
-- Found rosidl_generator_cpp: 3.1.8 (/opt/ros/humble/share/rosidl_generator_cpp/cmake)
-- Using all available rosidl_typesupport_c: rosidl_typesupport_fastrtps_c;rosidl_typesupport_introspection_c
-- Using all available rosidl_typesupport_cpp: rosidl_typesupport_fastrtps_cpp;rosidl_typesupport_introspection_cpp
-- Found rmw_implementation_cmake: 6.1.2 (/opt/ros/humble/share/rmw_implementation_cmake/cmake)
-- Found rmw_fastrtps_cpp: 6.2.10 (/opt/ros/humble/share/rmw_fastrtps_cpp/cmake)
-- Using RMW implementation 'rmw_fastrtps_cpp' as default
-- Found video_interfaces: 0.1.0 (/home/arty/Documents/video_ros2/install/share/video_interfaces/cmake)
-- Configuring done
-- Generating done
-- Build files have been written to: /home/arty/Documents/video_ros2/build/mqtt_bridge
[  5%] Automatic MOC for target qmqtt
[  5%] Built target qmqtt_autogen
Consolidate compiler generated dependencies of target qmqtt
[ 65%] Built target qmqtt
[ 70%] Automatic MOC for target mqtt_bridge_node
[ 75%] Built target mqtt_bridge_node_autogen
Consolidate compiler generated dependencies of target mqtt_bridge_node
[ 80%] Building CXX object CMakeFiles/mqtt_bridge_node.dir/src/mqtt_bridge_node.cpp.o
[ 85%] Building CXX object CMakeFiles/mqtt_bridge_node.dir/mqtt_bridge_node_autogen/mocs_compilation.cpp.o
[ 90%] Building CXX object CMakeFiles/mqtt_bridge_node.dir/command.pb.cc.o
[ 95%] Linking CXX executable mqtt_bridge_node
[100%] Built target mqtt_bridge_node
-- Install configuration: "Release"
-- Up-to-date: /home/arty/Documents/video_ros2/install/lib/libqmqtt.so.1.0.5
-- Up-to-date: /home/arty/Documents/video_ros2/install/lib/libqmqtt.so.1
-- Up-to-date: /home/arty/Documents/video_ros2/install/lib/libqmqtt.so
-- Up-to-date: /home/arty/Documents/video_ros2/install/lib/cmake/qmqtt/qmqttTargets.cmake
-- Up-to-date: /home/arty/Documents/video_ros2/install/lib/cmake/qmqtt/qmqttTargets-release.cmake
-- Up-to-date: /home/arty/Documents/video_ros2/install/include/qmqtt_global.h
-- Up-to-date: /home/arty/Documents/video_ros2/install/include/qmqtt.h
-- Up-to-date: /home/arty/Documents/video_ros2/install/include/qmqtt_client.h
-- Up-to-date: /home/arty/Documents/video_ros2/install/include/qmqtt_frame.h
-- Up-to-date: /home/arty/Documents/video_ros2/install/include/qmqtt_message.h
-- Up-to-date: /home/arty/Documents/video_ros2/install/include/qmqtt_routesubscription.h
-- Up-to-date: /home/arty/Documents/video_ros2/install/include/qmqtt_routedmessage.h
-- Up-to-date: /home/arty/Documents/video_ros2/install/include/qmqtt_router.h
-- Up-to-date: /home/arty/Documents/video_ros2/install/include/qmqtt_networkinterface.h
-- Up-to-date: /home/arty/Documents/video_ros2/install/include/qmqtt_socketinterface.h
-- Up-to-date: /home/arty/Documents/video_ros2/install/include/qmqtt_timerinterface.h
-- Up-to-date: /home/arty/Documents/video_ros2/install/lib/cmake/qmqtt/qmqtt.cmake
-- Up-to-date: /home/arty/Documents/video_ros2/install/lib/cmake/qmqtt/qmqtt-release.cmake
-- Up-to-date: /home/arty/Documents/video_ros2/install/lib/cmake/qmqtt/qmqttConfig.cmake
-- Up-to-date: /home/arty/Documents/video_ros2/install/lib/cmake/qmqtt/qmqttConfigVersion.cmake
-- Installing: /home/arty/Documents/video_ros2/install/lib/mqtt_bridge/mqtt_bridge_node
-- Set runtime path of "/home/arty/Documents/video_ros2/install/lib/mqtt_bridge/mqtt_bridge_node" to ""
-- Up-to-date: /home/arty/Documents/video_ros2/install/share/ament_index/resource_index/package_run_dependencies/mqtt_bridge
-- Up-to-date: /home/arty/Documents/video_ros2/install/share/ament_index/resource_index/parent_prefix_path/mqtt_bridge
-- Up-to-date: /home/arty/Documents/video_ros2/install/share/mqtt_bridge/environment/ament_prefix_path.sh
-- Installing: /home/arty/Documents/video_ros2/install/share/mqtt_bridge/environment/ament_prefix_path.dsv
-- Up-to-date: /home/arty/Documents/video_ros2/install/share/mqtt_bridge/environment/path.sh
-- Installing: /home/arty/Documents/video_ros2/install/share/mqtt_bridge/environment/path.dsv
-- Up-to-date: /home/arty/Documents/video_ros2/install/share/mqtt_bridge/local_setup.bash
-- Up-to-date: /home/arty/Documents/video_ros2/install/share/mqtt_bridge/local_setup.sh
-- Up-to-date: /home/arty/Documents/video_ros2/install/share/mqtt_bridge/local_setup.zsh
-- Installing: /home/arty/Documents/video_ros2/install/share/mqtt_bridge/local_setup.dsv
-- Installing: /home/arty/Documents/video_ros2/install/share/mqtt_bridge/package.dsv
-- Up-to-date: /home/arty/Documents/video_ros2/install/share/ament_index/resource_index/packages/mqtt_bridge
-- Up-to-date: /home/arty/Documents/video_ros2/install/share/mqtt_bridge/cmake/mqtt_bridgeConfig.cmake
-- Up-to-date: /home/arty/Documents/video_ros2/install/share/mqtt_bridge/cmake/mqtt_bridgeConfig-version.cmake
-- Installing: /home/arty/Documents/video_ros2/install/share/mqtt_bridge/package.xml
