-- Found ament_cmake: 1.3.14 (/opt/ros/humble/share/ament_cmake/cmake)
-- Found rclcpp: 16.0.19 (/opt/ros/humble/share/rclcpp/cmake)
-- Found rosidl_generator_c: 3.1.8 (/opt/ros/humble/share/rosidl_generator_c/cmake)
-- Found rosidl_adapter: 3.1.8 (/opt/ros/humble/share/rosidl_adapter/cmake)
-- Found rosidl_generator_cpp: 3.1.8 (/opt/ros/humble/share/rosidl_generator_cpp/cmake)
-- Using all available rosidl_typesupport_c: rosidl_typesupport_fastrtps_c;rosidl_typesupport_introspection_c
-- Using all available rosidl_typesupport_cpp: rosidl_typesupport_fastrtps_cpp;rosidl_typesupport_introspection_cpp
-- Found rmw_implementation_cmake: 6.1.2 (/opt/ros/humble/share/rmw_implementation_cmake/cmake)
-- Found rmw_fastrtps_cpp: 6.2.10 (/opt/ros/humble/share/rmw_fastrtps_cpp/cmake)
-- Using RMW implementation 'rmw_fastrtps_cpp' as default
-- Found sensor_msgs: 4.9.1 (/opt/ros/humble/share/sensor_msgs/cmake)
-- Configuring done
-- Generating done
-- Build files have been written to: /home/arty/Documents/video_ros2/build/video_viewer_qt
[ 16%] Automatic MOC for target video_viewer_qt
[ 16%] Built target video_viewer_qt_autogen
Consolidate compiler generated dependencies of target video_viewer_qt
[ 66%] Building CXX object CMakeFiles/video_viewer_qt.dir/src/viewer_image_provider.cpp.o
[ 66%] Building CXX object CMakeFiles/video_viewer_qt.dir/src/main.cpp.o
[ 66%] Building CXX object CMakeFiles/video_viewer_qt.dir/video_viewer_qt_autogen/mocs_compilation.cpp.o
[ 83%] Building CXX object CMakeFiles/video_viewer_qt.dir/src/viewer_backend.cpp.o
[100%] Linking CXX executable video_viewer_qt
/usr/bin/ld: CMakeFiles/video_viewer_qt.dir/src/main.cpp.o: in function `ViewerBackend::~ViewerBackend()':
main.cpp:(.text._ZN13ViewerBackendD2Ev[_ZN13ViewerBackendD5Ev]+0x7): undefined reference to `vtable for ViewerBackend'
/usr/bin/ld: CMakeFiles/video_viewer_qt.dir/src/main.cpp.o: in function `ViewerBackend::~ViewerBackend()':
main.cpp:(.text._ZN13ViewerBackendD0Ev[_ZN13ViewerBackendD5Ev]+0x7): undefined reference to `vtable for ViewerBackend'
/usr/bin/ld: CMakeFiles/video_viewer_qt.dir/src/viewer_backend.cpp.o: in function `ViewerBackend::handleImage(sensor_msgs::msg::Image_<std::allocator<void> > const&)':
viewer_backend.cpp:(.text+0xda7): undefined reference to `ViewerBackend::frameUpdated()'
/usr/bin/ld: CMakeFiles/video_viewer_qt.dir/src/viewer_backend.cpp.o: in function `ViewerBackend::ViewerBackend(QObject*)':
viewer_backend.cpp:(.text+0xf89): undefined reference to `vtable for ViewerBackend'
/usr/bin/ld: CMakeFiles/video_viewer_qt.dir/src/viewer_backend.cpp.o: in function `ViewerBackend::handleImage(sensor_msgs::msg::Image_<std::allocator<void> > const&)':
viewer_backend.cpp:(.text+0xaf8): undefined reference to `ViewerBackend::stateChanged()'
collect2: error: ld returned 1 exit status
gmake[2]: *** [CMakeFiles/video_viewer_qt.dir/build.make:232：video_viewer_qt] 错误 1
gmake[1]: *** [CMakeFiles/Makefile2:138：CMakeFiles/video_viewer_qt.dir/all] 错误 2
gmake: *** [Makefile:146：all] 错误 2
