[0.011s] Invoking command in '/home/arty/Documents/video_ros2/build/video_viewer_qt': /usr/bin/cmake --build /home/arty/Documents/video_ros2/build/video_viewer_qt -- -j16 -l16
[0.045s] -- Found ament_cmake: 1.3.14 (/opt/ros/humble/share/ament_cmake/cmake)
[0.283s] -- Found rclcpp: 16.0.19 (/opt/ros/humble/share/rclcpp/cmake)
[0.307s] -- Found rosidl_generator_c: 3.1.8 (/opt/ros/humble/share/rosidl_generator_c/cmake)
[0.308s] -- Found rosidl_adapter: 3.1.8 (/opt/ros/humble/share/rosidl_adapter/cmake)
[0.314s] -- Found rosidl_generator_cpp: 3.1.8 (/opt/ros/humble/share/rosidl_generator_cpp/cmake)
[0.322s] -- Using all available rosidl_typesupport_c: rosidl_typesupport_fastrtps_c;rosidl_typesupport_introspection_c
[0.333s] -- Using all available rosidl_typesupport_cpp: rosidl_typesupport_fastrtps_cpp;rosidl_typesupport_introspection_cpp
[0.360s] -- Found rmw_implementation_cmake: 6.1.2 (/opt/ros/humble/share/rmw_implementation_cmake/cmake)
[0.361s] -- Found rmw_fastrtps_cpp: 6.2.10 (/opt/ros/humble/share/rmw_fastrtps_cpp/cmake)
[0.454s] -- Using RMW implementation 'rmw_fastrtps_cpp' as default
[0.494s] -- Found sensor_msgs: 4.9.1 (/opt/ros/humble/share/sensor_msgs/cmake)
[0.660s] -- Configuring done
[0.687s] -- Generating done
[0.691s] -- Build files have been written to: /home/arty/Documents/video_ros2/build/video_viewer_qt
[0.737s] [ 16%] Automatic MOC for target video_viewer_qt
[0.795s] [ 16%] Built target video_viewer_qt_autogen
[0.824s] Consolidate compiler generated dependencies of target video_viewer_qt
[0.846s] [ 66%] Building CXX object CMakeFiles/video_viewer_qt.dir/src/viewer_image_provider.cpp.o
[0.846s] [ 66%] Building CXX object CMakeFiles/video_viewer_qt.dir/src/main.cpp.o
[0.847s] [ 66%] Building CXX object CMakeFiles/video_viewer_qt.dir/video_viewer_qt_autogen/mocs_compilation.cpp.o
[0.847s] [ 83%] Building CXX object CMakeFiles/video_viewer_qt.dir/src/viewer_backend.cpp.o
[7.353s] [100%] Linking CXX executable video_viewer_qt
[9.057s] /usr/bin/ld: CMakeFiles/video_viewer_qt.dir/src/main.cpp.o: in function `ViewerBackend::~ViewerBackend()':
[9.058s] main.cpp:(.text._ZN13ViewerBackendD2Ev[_ZN13ViewerBackendD5Ev]+0x7): undefined reference to `vtable for ViewerBackend'
[9.058s] /usr/bin/ld: CMakeFiles/video_viewer_qt.dir/src/main.cpp.o: in function `ViewerBackend::~ViewerBackend()':
[9.058s] main.cpp:(.text._ZN13ViewerBackendD0Ev[_ZN13ViewerBackendD5Ev]+0x7): undefined reference to `vtable for ViewerBackend'
[9.058s] /usr/bin/ld: CMakeFiles/video_viewer_qt.dir/src/viewer_backend.cpp.o: in function `ViewerBackend::handleImage(sensor_msgs::msg::Image_<std::allocator<void> > const&)':
[9.058s] viewer_backend.cpp:(.text+0xda7): undefined reference to `ViewerBackend::frameUpdated()'
[9.058s] /usr/bin/ld: CMakeFiles/video_viewer_qt.dir/src/viewer_backend.cpp.o: in function `ViewerBackend::ViewerBackend(QObject*)':
[9.058s] viewer_backend.cpp:(.text+0xf89): undefined reference to `vtable for ViewerBackend'
[9.058s] /usr/bin/ld: CMakeFiles/video_viewer_qt.dir/src/viewer_backend.cpp.o: in function `ViewerBackend::handleImage(sensor_msgs::msg::Image_<std::allocator<void> > const&)':
[9.058s] viewer_backend.cpp:(.text+0xaf8): undefined reference to `ViewerBackend::stateChanged()'
[9.104s] collect2: error: ld returned 1 exit status
[9.108s] gmake[2]: *** [CMakeFiles/video_viewer_qt.dir/build.make:232：video_viewer_qt] 错误 1
[9.108s] gmake[1]: *** [CMakeFiles/Makefile2:138：CMakeFiles/video_viewer_qt.dir/all] 错误 2
[9.109s] gmake: *** [Makefile:146：all] 错误 2
[9.113s] Invoked command in '/home/arty/Documents/video_ros2/build/video_viewer_qt' returned '2': /usr/bin/cmake --build /home/arty/Documents/video_ros2/build/video_viewer_qt -- -j16 -l16
