-- The C compiler identification is GNU 11.4.0
-- The CXX compiler identification is GNU 11.4.0
-- Detecting C compiler ABI info
-- Detecting C compiler ABI info - done
-- Check for working C compiler: /usr/bin/cc - skipped
-- Detecting C compile features
-- Detecting C compile features - done
-- Detecting CXX compiler ABI info
-- Detecting CXX compiler ABI info - done
-- Check for working CXX compiler: /usr/bin/c++ - skipped
-- Detecting CXX compile features
-- Detecting CXX compile features - done
-- Found ament_cmake: 1.3.14 (/opt/ros/humble/share/ament_cmake/cmake)
-- Found Python3: /usr/bin/python3 (found version "3.10.12") found components: Interpreter 
-- Found rosidl_default_generators: 1.2.1 (/opt/ros/humble/share/rosidl_default_generators/cmake)
-- Using all available rosidl_typesupport_c: rosidl_typesupport_fastrtps_c;rosidl_typesupport_introspection_c
-- Found rosidl_adapter: 3.1.8 (/opt/ros/humble/share/rosidl_adapter/cmake)
-- Using all available rosidl_typesupport_cpp: rosidl_typesupport_fastrtps_cpp;rosidl_typesupport_introspection_cpp
-- Found std_msgs: 4.9.1 (/opt/ros/humble/share/std_msgs/cmake)
-- Found ament_cmake_ros: 0.10.0 (/opt/ros/humble/share/ament_cmake_ros/cmake)
-- Using all available rosidl_typesupport_c: rosidl_typesupport_fastrtps_c;rosidl_typesupport_introspection_c
-- Using all available rosidl_typesupport_cpp: rosidl_typesupport_fastrtps_cpp;rosidl_typesupport_introspection_cpp
-- Found PythonInterp: /usr/bin/python3 (found suitable version "3.10.12", minimum required is "3.6") 
-- Found python_cmake_module: 0.10.0 (/opt/ros/humble/share/python_cmake_module/cmake)
-- Found PythonLibs: /usr/lib/x86_64-linux-gnu/libpython3.10.so (found suitable version "3.10.12", minimum required is "3.5") 
-- Using PYTHON_EXECUTABLE: /usr/bin/python3
-- Using PYTHON_INCLUDE_DIRS: /usr/include/python3.10
-- Using PYTHON_LIBRARIES: /usr/lib/x86_64-linux-gnu/libpython3.10.so
-- Found PythonExtra: .so  
-- Configuring done
-- Generating done
-- Build files have been written to: /home/arty/Documents/video_ros2/build/video_interfaces
[  3%] Generating C code for ROS interfaces
[  6%] Generating C++ code for ROS interfaces
[  9%] Generating Rust code for ROS interfaces
[  9%] Built target ament_cmake_python_copy_video_interfaces
[  9%] Built target video_interfaces__rs
[  9%] Built target video_interfaces__cpp
[ 12%] Generating C++ introspection for ROS interfaces
running egg_info
creating video_interfaces.egg-info
writing video_interfaces.egg-info/PKG-INFO
writing dependency_links to video_interfaces.egg-info/dependency_links.txt
writing top-level names to video_interfaces.egg-info/top_level.txt
writing manifest file 'video_interfaces.egg-info/SOURCES.txt'
[ 15%] Generating C++ type support dispatch for ROS interfaces
[ 18%] Generating C++ type support for eProsima Fast-RTPS
reading manifest file 'video_interfaces.egg-info/SOURCES.txt'
writing manifest file 'video_interfaces.egg-info/SOURCES.txt'
[ 18%] Built target ament_cmake_python_build_video_interfaces_egg
[ 21%] Building C object CMakeFiles/video_interfaces__rosidl_generator_c.dir/rosidl_generator_c/video_interfaces/msg/detail/encoded_frame__functions.c.o
[ 25%] Building CXX object CMakeFiles/video_interfaces__rosidl_typesupport_introspection_cpp.dir/rosidl_typesupport_introspection_cpp/video_interfaces/msg/detail/encoded_frame__type_support.cpp.o
[ 28%] Building CXX object CMakeFiles/video_interfaces__rosidl_typesupport_fastrtps_cpp.dir/rosidl_typesupport_fastrtps_cpp/video_interfaces/msg/detail/dds_fastrtps/encoded_frame__type_support.cpp.o
[ 31%] Linking C shared library libvideo_interfaces__rosidl_generator_c.so
[ 31%] Built target video_interfaces__rosidl_generator_c
[ 37%] Generating C type support for eProsima Fast-RTPS
[ 37%] Generating C introspection for ROS interfaces
[ 40%] Generating C type support dispatch for ROS interfaces
[ 43%] Building CXX object CMakeFiles/video_interfaces__rosidl_typesupport_cpp.dir/rosidl_typesupport_cpp/video_interfaces/msg/encoded_frame__type_support.cpp.o
[ 46%] Building CXX object CMakeFiles/video_interfaces__rosidl_typesupport_c.dir/rosidl_typesupport_c/video_interfaces/msg/encoded_frame__type_support.cpp.o
[ 50%] Linking CXX shared library libvideo_interfaces__rosidl_typesupport_introspection_cpp.so
[ 53%] Building CXX object CMakeFiles/video_interfaces__rosidl_typesupport_fastrtps_c.dir/rosidl_typesupport_fastrtps_c/video_interfaces/msg/detail/encoded_frame__type_support_c.cpp.o
[ 56%] Linking CXX shared library libvideo_interfaces__rosidl_typesupport_c.so
[ 59%] Building C object CMakeFiles/video_interfaces__rosidl_typesupport_introspection_c.dir/rosidl_typesupport_introspection_c/video_interfaces/msg/detail/encoded_frame__type_support.c.o
[ 62%] Linking CXX shared library libvideo_interfaces__rosidl_typesupport_cpp.so
[ 62%] Built target video_interfaces__rosidl_typesupport_c
[ 62%] Built target video_interfaces__rosidl_typesupport_cpp
[ 65%] Linking C shared library libvideo_interfaces__rosidl_typesupport_introspection_c.so
[ 65%] Built target video_interfaces__rosidl_typesupport_introspection_cpp
[ 65%] Built target video_interfaces__rosidl_typesupport_introspection_c
[ 68%] Linking CXX shared library libvideo_interfaces__rosidl_typesupport_fastrtps_cpp.so
[ 68%] Built target video_interfaces__rosidl_typesupport_fastrtps_cpp
[ 71%] Linking CXX shared library libvideo_interfaces__rosidl_typesupport_fastrtps_c.so
[ 71%] Built target video_interfaces__rosidl_typesupport_fastrtps_c
[ 71%] Built target video_interfaces
[ 75%] Generating Python code for ROS interfaces
[ 75%] Built target video_interfaces__py
[ 78%] Building C object CMakeFiles/video_interfaces__rosidl_generator_py.dir/rosidl_generator_py/video_interfaces/msg/_encoded_frame_s.c.o
[ 81%] Linking C shared library rosidl_generator_py/video_interfaces/libvideo_interfaces__rosidl_generator_py.so
[ 81%] Built target video_interfaces__rosidl_generator_py
[ 84%] Building C object CMakeFiles/video_interfaces__rosidl_typesupport_c__pyext.dir/rosidl_generator_py/video_interfaces/_video_interfaces_s.ep.rosidl_typesupport_c.c.o
[ 87%] Building C object CMakeFiles/video_interfaces__rosidl_typesupport_introspection_c__pyext.dir/rosidl_generator_py/video_interfaces/_video_interfaces_s.ep.rosidl_typesupport_introspection_c.c.o
[ 90%] Building C object CMakeFiles/video_interfaces__rosidl_typesupport_fastrtps_c__pyext.dir/rosidl_generator_py/video_interfaces/_video_interfaces_s.ep.rosidl_typesupport_fastrtps_c.c.o
[ 93%] Linking C shared library rosidl_generator_py/video_interfaces/video_interfaces_s__rosidl_typesupport_introspection_c.cpython-310-x86_64-linux-gnu.so
[ 96%] Linking C shared library rosidl_generator_py/video_interfaces/video_interfaces_s__rosidl_typesupport_fastrtps_c.cpython-310-x86_64-linux-gnu.so
[ 96%] Built target video_interfaces__rosidl_typesupport_introspection_c__pyext
[ 96%] Built target video_interfaces__rosidl_typesupport_fastrtps_c__pyext
[100%] Linking C shared library rosidl_generator_py/video_interfaces/video_interfaces_s__rosidl_typesupport_c.cpython-310-x86_64-linux-gnu.so
[100%] Built target video_interfaces__rosidl_typesupport_c__pyext
-- Install configuration: "Release"
-- Installing: /home/arty/Documents/video_ros2/install/share/ament_index/resource_index/rosidl_interfaces/video_interfaces
-- Installing: /home/arty/Documents/video_ros2/install/include/video_interfaces/video_interfaces
-- Installing: /home/arty/Documents/video_ros2/install/include/video_interfaces/video_interfaces/msg
-- Installing: /home/arty/Documents/video_ros2/install/include/video_interfaces/video_interfaces/msg/encoded_frame.h
-- Installing: /home/arty/Documents/video_ros2/install/include/video_interfaces/video_interfaces/msg/detail
-- Installing: /home/arty/Documents/video_ros2/install/include/video_interfaces/video_interfaces/msg/detail/encoded_frame__struct.h
-- Installing: /home/arty/Documents/video_ros2/install/include/video_interfaces/video_interfaces/msg/detail/encoded_frame__functions.c
-- Installing: /home/arty/Documents/video_ros2/install/include/video_interfaces/video_interfaces/msg/detail/encoded_frame__type_support.h
-- Installing: /home/arty/Documents/video_ros2/install/include/video_interfaces/video_interfaces/msg/detail/encoded_frame__functions.h
-- Installing: /home/arty/Documents/video_ros2/install/include/video_interfaces/video_interfaces/msg/rosidl_generator_c__visibility_control.h
-- Installing: /home/arty/Documents/video_ros2/install/share/video_interfaces/environment/library_path.sh
-- Installing: /home/arty/Documents/video_ros2/install/share/video_interfaces/environment/library_path.dsv
-- Installing: /home/arty/Documents/video_ros2/install/lib/libvideo_interfaces__rosidl_generator_c.so
-- Set runtime path of "/home/arty/Documents/video_ros2/install/lib/libvideo_interfaces__rosidl_generator_c.so" to ""
-- Up-to-date: /home/arty/Documents/video_ros2/install/include/video_interfaces/video_interfaces
-- Up-to-date: /home/arty/Documents/video_ros2/install/include/video_interfaces/video_interfaces/msg
-- Up-to-date: /home/arty/Documents/video_ros2/install/include/video_interfaces/video_interfaces/msg/detail
-- Installing: /home/arty/Documents/video_ros2/install/include/video_interfaces/video_interfaces/msg/detail/encoded_frame__rosidl_typesupport_fastrtps_c.h
-- Installing: /home/arty/Documents/video_ros2/install/include/video_interfaces/video_interfaces/msg/rosidl_typesupport_fastrtps_c__visibility_control.h
-- Installing: /home/arty/Documents/video_ros2/install/lib/libvideo_interfaces__rosidl_typesupport_fastrtps_c.so
-- Set runtime path of "/home/arty/Documents/video_ros2/install/lib/libvideo_interfaces__rosidl_typesupport_fastrtps_c.so" to ""
-- Up-to-date: /home/arty/Documents/video_ros2/install/include/video_interfaces/video_interfaces
-- Up-to-date: /home/arty/Documents/video_ros2/install/include/video_interfaces/video_interfaces/msg
-- Installing: /home/arty/Documents/video_ros2/install/include/video_interfaces/video_interfaces/msg/rosidl_typesupport_introspection_c__visibility_control.h
-- Up-to-date: /home/arty/Documents/video_ros2/install/include/video_interfaces/video_interfaces/msg/detail
-- Installing: /home/arty/Documents/video_ros2/install/include/video_interfaces/video_interfaces/msg/detail/encoded_frame__rosidl_typesupport_introspection_c.h
-- Installing: /home/arty/Documents/video_ros2/install/include/video_interfaces/video_interfaces/msg/detail/encoded_frame__type_support.c
-- Installing: /home/arty/Documents/video_ros2/install/lib/libvideo_interfaces__rosidl_typesupport_introspection_c.so
-- Set runtime path of "/home/arty/Documents/video_ros2/install/lib/libvideo_interfaces__rosidl_typesupport_introspection_c.so" to ""
-- Installing: /home/arty/Documents/video_ros2/install/lib/libvideo_interfaces__rosidl_typesupport_c.so
-- Set runtime path of "/home/arty/Documents/video_ros2/install/lib/libvideo_interfaces__rosidl_typesupport_c.so" to ""
-- Up-to-date: /home/arty/Documents/video_ros2/install/include/video_interfaces/video_interfaces
-- Up-to-date: /home/arty/Documents/video_ros2/install/include/video_interfaces/video_interfaces/msg
-- Installing: /home/arty/Documents/video_ros2/install/include/video_interfaces/video_interfaces/msg/encoded_frame.hpp
-- Up-to-date: /home/arty/Documents/video_ros2/install/include/video_interfaces/video_interfaces/msg/detail
-- Installing: /home/arty/Documents/video_ros2/install/include/video_interfaces/video_interfaces/msg/detail/encoded_frame__builder.hpp
-- Installing: /home/arty/Documents/video_ros2/install/include/video_interfaces/video_interfaces/msg/detail/encoded_frame__type_support.hpp
-- Installing: /home/arty/Documents/video_ros2/install/include/video_interfaces/video_interfaces/msg/detail/encoded_frame__struct.hpp
-- Installing: /home/arty/Documents/video_ros2/install/include/video_interfaces/video_interfaces/msg/detail/encoded_frame__traits.hpp
-- Installing: /home/arty/Documents/video_ros2/install/include/video_interfaces/video_interfaces/msg/rosidl_generator_cpp__visibility_control.hpp
-- Up-to-date: /home/arty/Documents/video_ros2/install/include/video_interfaces/video_interfaces
-- Up-to-date: /home/arty/Documents/video_ros2/install/include/video_interfaces/video_interfaces/msg
-- Installing: /home/arty/Documents/video_ros2/install/include/video_interfaces/video_interfaces/msg/rosidl_typesupport_fastrtps_cpp__visibility_control.h
-- Up-to-date: /home/arty/Documents/video_ros2/install/include/video_interfaces/video_interfaces/msg/detail
-- Installing: /home/arty/Documents/video_ros2/install/include/video_interfaces/video_interfaces/msg/detail/encoded_frame__rosidl_typesupport_fastrtps_cpp.hpp
-- Installing: /home/arty/Documents/video_ros2/install/include/video_interfaces/video_interfaces/msg/detail/dds_fastrtps
-- Installing: /home/arty/Documents/video_ros2/install/lib/libvideo_interfaces__rosidl_typesupport_fastrtps_cpp.so
-- Set runtime path of "/home/arty/Documents/video_ros2/install/lib/libvideo_interfaces__rosidl_typesupport_fastrtps_cpp.so" to ""
-- Up-to-date: /home/arty/Documents/video_ros2/install/include/video_interfaces/video_interfaces
-- Up-to-date: /home/arty/Documents/video_ros2/install/include/video_interfaces/video_interfaces/msg
-- Up-to-date: /home/arty/Documents/video_ros2/install/include/video_interfaces/video_interfaces/msg/detail
-- Installing: /home/arty/Documents/video_ros2/install/include/video_interfaces/video_interfaces/msg/detail/encoded_frame__rosidl_typesupport_introspection_cpp.hpp
-- Installing: /home/arty/Documents/video_ros2/install/include/video_interfaces/video_interfaces/msg/detail/encoded_frame__type_support.cpp
-- Installing: /home/arty/Documents/video_ros2/install/lib/libvideo_interfaces__rosidl_typesupport_introspection_cpp.so
-- Set runtime path of "/home/arty/Documents/video_ros2/install/lib/libvideo_interfaces__rosidl_typesupport_introspection_cpp.so" to ""
-- Installing: /home/arty/Documents/video_ros2/install/lib/libvideo_interfaces__rosidl_typesupport_cpp.so
-- Set runtime path of "/home/arty/Documents/video_ros2/install/lib/libvideo_interfaces__rosidl_typesupport_cpp.so" to ""
-- Installing: /home/arty/Documents/video_ros2/install/share/video_interfaces/environment/pythonpath.sh
-- Installing: /home/arty/Documents/video_ros2/install/share/video_interfaces/environment/pythonpath.dsv
-- Installing: /home/arty/Documents/video_ros2/install/local/lib/python3.10/dist-packages/video_interfaces-0.1.0-py3.10.egg-info
-- Installing: /home/arty/Documents/video_ros2/install/local/lib/python3.10/dist-packages/video_interfaces-0.1.0-py3.10.egg-info/top_level.txt
-- Installing: /home/arty/Documents/video_ros2/install/local/lib/python3.10/dist-packages/video_interfaces-0.1.0-py3.10.egg-info/SOURCES.txt
-- Installing: /home/arty/Documents/video_ros2/install/local/lib/python3.10/dist-packages/video_interfaces-0.1.0-py3.10.egg-info/dependency_links.txt
-- Installing: /home/arty/Documents/video_ros2/install/local/lib/python3.10/dist-packages/video_interfaces-0.1.0-py3.10.egg-info/PKG-INFO
-- Installing: /home/arty/Documents/video_ros2/install/local/lib/python3.10/dist-packages/video_interfaces
-- Installing: /home/arty/Documents/video_ros2/install/local/lib/python3.10/dist-packages/video_interfaces/__init__.py
-- Installing: /home/arty/Documents/video_ros2/install/local/lib/python3.10/dist-packages/video_interfaces/_video_interfaces_s.ep.rosidl_typesupport_introspection_c.c
-- Installing: /home/arty/Documents/video_ros2/install/local/lib/python3.10/dist-packages/video_interfaces/video_interfaces_s__rosidl_typesupport_fastrtps_c.cpython-310-x86_64-linux-gnu.so
-- Installing: /home/arty/Documents/video_ros2/install/local/lib/python3.10/dist-packages/video_interfaces/msg
-- Installing: /home/arty/Documents/video_ros2/install/local/lib/python3.10/dist-packages/video_interfaces/msg/_encoded_frame_s.c
-- Installing: /home/arty/Documents/video_ros2/install/local/lib/python3.10/dist-packages/video_interfaces/msg/__init__.py
-- Installing: /home/arty/Documents/video_ros2/install/local/lib/python3.10/dist-packages/video_interfaces/msg/_encoded_frame.py
-- Installing: /home/arty/Documents/video_ros2/install/local/lib/python3.10/dist-packages/video_interfaces/libvideo_interfaces__rosidl_generator_py.so
-- Installing: /home/arty/Documents/video_ros2/install/local/lib/python3.10/dist-packages/video_interfaces/_video_interfaces_s.ep.rosidl_typesupport_c.c
-- Installing: /home/arty/Documents/video_ros2/install/local/lib/python3.10/dist-packages/video_interfaces/video_interfaces_s__rosidl_typesupport_c.cpython-310-x86_64-linux-gnu.so
-- Installing: /home/arty/Documents/video_ros2/install/local/lib/python3.10/dist-packages/video_interfaces/_video_interfaces_s.ep.rosidl_typesupport_fastrtps_c.c
-- Installing: /home/arty/Documents/video_ros2/install/local/lib/python3.10/dist-packages/video_interfaces/video_interfaces_s__rosidl_typesupport_introspection_c.cpython-310-x86_64-linux-gnu.so
Listing '/home/arty/Documents/video_ros2/install/local/lib/python3.10/dist-packages/video_interfaces'...
Compiling '/home/arty/Documents/video_ros2/install/local/lib/python3.10/dist-packages/video_interfaces/__init__.py'...
Listing '/home/arty/Documents/video_ros2/install/local/lib/python3.10/dist-packages/video_interfaces/msg'...
Compiling '/home/arty/Documents/video_ros2/install/local/lib/python3.10/dist-packages/video_interfaces/msg/__init__.py'...
Compiling '/home/arty/Documents/video_ros2/install/local/lib/python3.10/dist-packages/video_interfaces/msg/_encoded_frame.py'...
-- Installing: /home/arty/Documents/video_ros2/install/local/lib/python3.10/dist-packages/video_interfaces/video_interfaces_s__rosidl_typesupport_fastrtps_c.cpython-310-x86_64-linux-gnu.so
-- Set runtime path of "/home/arty/Documents/video_ros2/install/local/lib/python3.10/dist-packages/video_interfaces/video_interfaces_s__rosidl_typesupport_fastrtps_c.cpython-310-x86_64-linux-gnu.so" to ""
-- Installing: /home/arty/Documents/video_ros2/install/local/lib/python3.10/dist-packages/video_interfaces/video_interfaces_s__rosidl_typesupport_introspection_c.cpython-310-x86_64-linux-gnu.so
-- Set runtime path of "/home/arty/Documents/video_ros2/install/local/lib/python3.10/dist-packages/video_interfaces/video_interfaces_s__rosidl_typesupport_introspection_c.cpython-310-x86_64-linux-gnu.so" to ""
-- Installing: /home/arty/Documents/video_ros2/install/local/lib/python3.10/dist-packages/video_interfaces/video_interfaces_s__rosidl_typesupport_c.cpython-310-x86_64-linux-gnu.so
-- Set runtime path of "/home/arty/Documents/video_ros2/install/local/lib/python3.10/dist-packages/video_interfaces/video_interfaces_s__rosidl_typesupport_c.cpython-310-x86_64-linux-gnu.so" to ""
-- Installing: /home/arty/Documents/video_ros2/install/lib/libvideo_interfaces__rosidl_generator_py.so
-- Set runtime path of "/home/arty/Documents/video_ros2/install/lib/libvideo_interfaces__rosidl_generator_py.so" to ""
-- Installing: /home/arty/Documents/video_ros2/install/share/ament_index/resource_index/rust_packages/video_interfaces
-- Installing: /home/arty/Documents/video_ros2/install/share/video_interfaces/rust
-- Installing: /home/arty/Documents/video_ros2/install/share/video_interfaces/rust/src
-- Installing: /home/arty/Documents/video_ros2/install/share/video_interfaces/rust/src/msg
-- Installing: /home/arty/Documents/video_ros2/install/share/video_interfaces/rust/src/msg/rmw.rs
-- Installing: /home/arty/Documents/video_ros2/install/share/video_interfaces/rust/src/lib.rs
-- Installing: /home/arty/Documents/video_ros2/install/share/video_interfaces/rust/src/msg.rs
-- Installing: /home/arty/Documents/video_ros2/install/share/video_interfaces/rust/build.rs
-- Installing: /home/arty/Documents/video_ros2/install/share/video_interfaces/rust/Cargo.toml
-- Installing: /home/arty/Documents/video_ros2/install/share/video_interfaces/msg/EncodedFrame.idl
-- Installing: /home/arty/Documents/video_ros2/install/share/video_interfaces/msg/EncodedFrame.msg
-- Installing: /home/arty/Documents/video_ros2/install/share/ament_index/resource_index/package_run_dependencies/video_interfaces
-- Installing: /home/arty/Documents/video_ros2/install/share/ament_index/resource_index/parent_prefix_path/video_interfaces
-- Installing: /home/arty/Documents/video_ros2/install/share/video_interfaces/environment/ament_prefix_path.sh
-- Installing: /home/arty/Documents/video_ros2/install/share/video_interfaces/environment/ament_prefix_path.dsv
-- Installing: /home/arty/Documents/video_ros2/install/share/video_interfaces/environment/path.sh
-- Installing: /home/arty/Documents/video_ros2/install/share/video_interfaces/environment/path.dsv
-- Installing: /home/arty/Documents/video_ros2/install/share/video_interfaces/local_setup.bash
-- Installing: /home/arty/Documents/video_ros2/install/share/video_interfaces/local_setup.sh
-- Installing: /home/arty/Documents/video_ros2/install/share/video_interfaces/local_setup.zsh
-- Installing: /home/arty/Documents/video_ros2/install/share/video_interfaces/local_setup.dsv
-- Installing: /home/arty/Documents/video_ros2/install/share/video_interfaces/package.dsv
-- Installing: /home/arty/Documents/video_ros2/install/share/ament_index/resource_index/packages/video_interfaces
-- Installing: /home/arty/Documents/video_ros2/install/share/video_interfaces/cmake/export_video_interfaces__rosidl_generator_cExport.cmake
-- Installing: /home/arty/Documents/video_ros2/install/share/video_interfaces/cmake/export_video_interfaces__rosidl_generator_cExport-release.cmake
-- Installing: /home/arty/Documents/video_ros2/install/share/video_interfaces/cmake/export_video_interfaces__rosidl_typesupport_fastrtps_cExport.cmake
-- Installing: /home/arty/Documents/video_ros2/install/share/video_interfaces/cmake/export_video_interfaces__rosidl_typesupport_fastrtps_cExport-release.cmake
-- Installing: /home/arty/Documents/video_ros2/install/share/video_interfaces/cmake/video_interfaces__rosidl_typesupport_introspection_cExport.cmake
-- Installing: /home/arty/Documents/video_ros2/install/share/video_interfaces/cmake/video_interfaces__rosidl_typesupport_introspection_cExport-release.cmake
-- Installing: /home/arty/Documents/video_ros2/install/share/video_interfaces/cmake/video_interfaces__rosidl_typesupport_cExport.cmake
-- Installing: /home/arty/Documents/video_ros2/install/share/video_interfaces/cmake/video_interfaces__rosidl_typesupport_cExport-release.cmake
-- Installing: /home/arty/Documents/video_ros2/install/share/video_interfaces/cmake/export_video_interfaces__rosidl_generator_cppExport.cmake
-- Installing: /home/arty/Documents/video_ros2/install/share/video_interfaces/cmake/export_video_interfaces__rosidl_typesupport_fastrtps_cppExport.cmake
-- Installing: /home/arty/Documents/video_ros2/install/share/video_interfaces/cmake/export_video_interfaces__rosidl_typesupport_fastrtps_cppExport-release.cmake
-- Installing: /home/arty/Documents/video_ros2/install/share/video_interfaces/cmake/video_interfaces__rosidl_typesupport_introspection_cppExport.cmake
-- Installing: /home/arty/Documents/video_ros2/install/share/video_interfaces/cmake/video_interfaces__rosidl_typesupport_introspection_cppExport-release.cmake
-- Installing: /home/arty/Documents/video_ros2/install/share/video_interfaces/cmake/video_interfaces__rosidl_typesupport_cppExport.cmake
-- Installing: /home/arty/Documents/video_ros2/install/share/video_interfaces/cmake/video_interfaces__rosidl_typesupport_cppExport-release.cmake
-- Installing: /home/arty/Documents/video_ros2/install/share/video_interfaces/cmake/export_video_interfaces__rosidl_generator_pyExport.cmake
-- Installing: /home/arty/Documents/video_ros2/install/share/video_interfaces/cmake/export_video_interfaces__rosidl_generator_pyExport-release.cmake
-- Installing: /home/arty/Documents/video_ros2/install/share/video_interfaces/cmake/rosidl_cmake-extras.cmake
-- Installing: /home/arty/Documents/video_ros2/install/share/video_interfaces/cmake/ament_cmake_export_dependencies-extras.cmake
-- Installing: /home/arty/Documents/video_ros2/install/share/video_interfaces/cmake/ament_cmake_export_include_directories-extras.cmake
-- Installing: /home/arty/Documents/video_ros2/install/share/video_interfaces/cmake/ament_cmake_export_libraries-extras.cmake
-- Installing: /home/arty/Documents/video_ros2/install/share/video_interfaces/cmake/ament_cmake_export_targets-extras.cmake
-- Installing: /home/arty/Documents/video_ros2/install/share/video_interfaces/cmake/rosidl_cmake_export_typesupport_targets-extras.cmake
-- Installing: /home/arty/Documents/video_ros2/install/share/video_interfaces/cmake/rosidl_cmake_export_typesupport_libraries-extras.cmake
-- Installing: /home/arty/Documents/video_ros2/install/share/video_interfaces/cmake/video_interfacesConfig.cmake
-- Installing: /home/arty/Documents/video_ros2/install/share/video_interfaces/cmake/video_interfacesConfig-version.cmake
-- Installing: /home/arty/Documents/video_ros2/install/share/video_interfaces/package.xml
