[0.012s] Invoking command in '/home/arty/Documents/video_ros2/build/video_interfaces': /usr/bin/cmake /home/arty/Documents/video_ros2/src/video_interfaces -DCMAKE_BUILD_TYPE=Release -DCATKIN_INSTALL_INTO_PREFIX_ROOT=0 -DCMAKE_INSTALL_PREFIX=/home/arty/Documents/video_ros2/install
[0.063s] -- The C compiler identification is GNU 11.4.0
[0.111s] -- The CXX compiler identification is GNU 11.4.0
[0.118s] -- Detecting C compiler ABI info
[0.183s] -- Detecting C compiler ABI info - done
[0.191s] -- Check for working C compiler: /usr/bin/cc - skipped
[0.191s] -- Detecting C compile features
[0.192s] -- Detecting C compile features - done
[0.195s] -- Detecting CXX compiler ABI info
[0.256s] -- Detecting CXX compiler ABI info - done
[0.264s] -- Check for working CXX compiler: /usr/bin/c++ - skipped
[0.264s] -- Detecting CXX compile features
[0.264s] -- Detecting CXX compile features - done
[0.266s] -- Found ament_cmake: 1.3.14 (/opt/ros/humble/share/ament_cmake/cmake)
[0.387s] -- Found Python3: /usr/bin/python3 (found version "3.10.12") found components: Interpreter 
[0.461s] -- Found rosidl_default_generators: 1.2.1 (/opt/ros/humble/share/rosidl_default_generators/cmake)
[0.464s] -- Using all available rosidl_typesupport_c: rosidl_typesupport_fastrtps_c;rosidl_typesupport_introspection_c
[0.470s] -- Found rosidl_adapter: 3.1.8 (/opt/ros/humble/share/rosidl_adapter/cmake)
[0.500s] -- Using all available rosidl_typesupport_cpp: rosidl_typesupport_fastrtps_cpp;rosidl_typesupport_introspection_cpp
[0.519s] -- Found std_msgs: 4.9.1 (/opt/ros/humble/share/std_msgs/cmake)
[0.965s] -- Found ament_cmake_ros: 0.10.0 (/opt/ros/humble/share/ament_cmake_ros/cmake)
[1.214s] -- Using all available rosidl_typesupport_c: rosidl_typesupport_fastrtps_c;rosidl_typesupport_introspection_c
[1.602s] -- Using all available rosidl_typesupport_cpp: rosidl_typesupport_fastrtps_cpp;rosidl_typesupport_introspection_cpp
[1.637s] -- Found PythonInterp: /usr/bin/python3 (found suitable version "3.10.12", minimum required is "3.6") 
[1.639s] -- Found python_cmake_module: 0.10.0 (/opt/ros/humble/share/python_cmake_module/cmake)
[1.693s] -- Found PythonLibs: /usr/lib/x86_64-linux-gnu/libpython3.10.so (found suitable version "3.10.12", minimum required is "3.5") 
[1.693s] -- Using PYTHON_EXECUTABLE: /usr/bin/python3
[1.693s] -- Using PYTHON_INCLUDE_DIRS: /usr/include/python3.10
[1.693s] -- Using PYTHON_LIBRARIES: /usr/lib/x86_64-linux-gnu/libpython3.10.so
[1.726s] -- Found PythonExtra: .so  
[1.947s] -- Configuring done
[2.024s] -- Generating done
[2.025s] CMake Warning:
[2.025s]   Manually-specified variables were not used by the project:
[2.025s] 
[2.025s]     CATKIN_INSTALL_INTO_PREFIX_ROOT
[2.026s] 
[2.026s] 
[2.040s] -- Build files have been written to: /home/arty/Documents/video_ros2/build/video_interfaces
[2.415s] Invoked command in '/home/arty/Documents/video_ros2/build/video_interfaces' returned '0': /usr/bin/cmake /home/arty/Documents/video_ros2/src/video_interfaces -DCMAKE_BUILD_TYPE=Release -DCATKIN_INSTALL_INTO_PREFIX_ROOT=0 -DCMAKE_INSTALL_PREFIX=/home/arty/Documents/video_ros2/install
[2.417s] Invoking command in '/home/arty/Documents/video_ros2/build/video_interfaces': /usr/bin/cmake --build /home/arty/Documents/video_ros2/build/video_interfaces -- -j16 -l16
[2.613s] [  3%] Generating C code for ROS interfaces
[2.635s] [  6%] Generating C++ code for ROS interfaces
[2.646s] [  9%] Generating Rust code for ROS interfaces
[2.666s] [  9%] Built target ament_cmake_python_copy_video_interfaces
[3.209s] [  9%] Built target video_interfaces__rs
[3.215s] [  9%] Built target video_interfaces__cpp
[3.233s] [ 12%] Generating C++ introspection for ROS interfaces
[3.236s] running egg_info
[3.236s] creating video_interfaces.egg-info
[3.237s] writing video_interfaces.egg-info/PKG-INFO
[3.237s] writing dependency_links to video_interfaces.egg-info/dependency_links.txt
[3.237s] writing top-level names to video_interfaces.egg-info/top_level.txt
[3.237s] writing manifest file 'video_interfaces.egg-info/SOURCES.txt'
[3.242s] [ 15%] Generating C++ type support dispatch for ROS interfaces
[3.242s] [ 18%] Generating C++ type support for eProsima Fast-RTPS
[3.242s] reading manifest file 'video_interfaces.egg-info/SOURCES.txt'
[3.243s] writing manifest file 'video_interfaces.egg-info/SOURCES.txt'
[3.338s] [ 18%] Built target ament_cmake_python_build_video_interfaces_egg
[3.501s] [ 21%] Building C object CMakeFiles/video_interfaces__rosidl_generator_c.dir/rosidl_generator_c/video_interfaces/msg/detail/encoded_frame__functions.c.o
[3.593s] [ 25%] Building CXX object CMakeFiles/video_interfaces__rosidl_typesupport_introspection_cpp.dir/rosidl_typesupport_introspection_cpp/video_interfaces/msg/detail/encoded_frame__type_support.cpp.o
[3.661s] [ 28%] Building CXX object CMakeFiles/video_interfaces__rosidl_typesupport_fastrtps_cpp.dir/rosidl_typesupport_fastrtps_cpp/video_interfaces/msg/detail/dds_fastrtps/encoded_frame__type_support.cpp.o
[3.678s] [ 31%] Linking C shared library libvideo_interfaces__rosidl_generator_c.so
[3.760s] [ 31%] Built target video_interfaces__rosidl_generator_c
[3.804s] [ 37%] Generating C type support for eProsima Fast-RTPS
[3.804s] [ 37%] Generating C introspection for ROS interfaces
[3.807s] [ 40%] Generating C type support dispatch for ROS interfaces
[3.844s] [ 43%] Building CXX object CMakeFiles/video_interfaces__rosidl_typesupport_cpp.dir/rosidl_typesupport_cpp/video_interfaces/msg/encoded_frame__type_support.cpp.o
[4.201s] [ 46%] Building CXX object CMakeFiles/video_interfaces__rosidl_typesupport_c.dir/rosidl_typesupport_c/video_interfaces/msg/encoded_frame__type_support.cpp.o
[4.208s] [ 50%] Linking CXX shared library libvideo_interfaces__rosidl_typesupport_introspection_cpp.so
[4.210s] [ 53%] Building CXX object CMakeFiles/video_interfaces__rosidl_typesupport_fastrtps_c.dir/rosidl_typesupport_fastrtps_c/video_interfaces/msg/detail/encoded_frame__type_support_c.cpp.o
[4.244s] [ 56%] Linking CXX shared library libvideo_interfaces__rosidl_typesupport_c.so
[4.265s] [ 59%] Building C object CMakeFiles/video_interfaces__rosidl_typesupport_introspection_c.dir/rosidl_typesupport_introspection_c/video_interfaces/msg/detail/encoded_frame__type_support.c.o
[4.282s] [ 62%] Linking CXX shared library libvideo_interfaces__rosidl_typesupport_cpp.so
[4.316s] [ 62%] Built target video_interfaces__rosidl_typesupport_c
[4.335s] [ 62%] Built target video_interfaces__rosidl_typesupport_cpp
[4.343s] [ 65%] Linking C shared library libvideo_interfaces__rosidl_typesupport_introspection_c.so
[4.358s] [ 65%] Built target video_interfaces__rosidl_typesupport_introspection_cpp
[4.380s] [ 65%] Built target video_interfaces__rosidl_typesupport_introspection_c
[4.429s] [ 68%] Linking CXX shared library libvideo_interfaces__rosidl_typesupport_fastrtps_cpp.so
[4.537s] [ 68%] Built target video_interfaces__rosidl_typesupport_fastrtps_cpp
[4.575s] [ 71%] Linking CXX shared library libvideo_interfaces__rosidl_typesupport_fastrtps_c.so
[4.663s] [ 71%] Built target video_interfaces__rosidl_typesupport_fastrtps_c
[4.680s] [ 71%] Built target video_interfaces
[4.698s] [ 75%] Generating Python code for ROS interfaces
[4.943s] [ 75%] Built target video_interfaces__py
[4.970s] [ 78%] Building C object CMakeFiles/video_interfaces__rosidl_generator_py.dir/rosidl_generator_py/video_interfaces/msg/_encoded_frame_s.c.o
[5.127s] [ 81%] Linking C shared library rosidl_generator_py/video_interfaces/libvideo_interfaces__rosidl_generator_py.so
[5.172s] [ 81%] Built target video_interfaces__rosidl_generator_py
[5.192s] [ 84%] Building C object CMakeFiles/video_interfaces__rosidl_typesupport_c__pyext.dir/rosidl_generator_py/video_interfaces/_video_interfaces_s.ep.rosidl_typesupport_c.c.o
[5.192s] [ 87%] Building C object CMakeFiles/video_interfaces__rosidl_typesupport_introspection_c__pyext.dir/rosidl_generator_py/video_interfaces/_video_interfaces_s.ep.rosidl_typesupport_introspection_c.c.o
[5.194s] [ 90%] Building C object CMakeFiles/video_interfaces__rosidl_typesupport_fastrtps_c__pyext.dir/rosidl_generator_py/video_interfaces/_video_interfaces_s.ep.rosidl_typesupport_fastrtps_c.c.o
[5.279s] [ 93%] Linking C shared library rosidl_generator_py/video_interfaces/video_interfaces_s__rosidl_typesupport_introspection_c.cpython-310-x86_64-linux-gnu.so
[5.288s] [ 96%] Linking C shared library rosidl_generator_py/video_interfaces/video_interfaces_s__rosidl_typesupport_fastrtps_c.cpython-310-x86_64-linux-gnu.so
[5.323s] [ 96%] Built target video_interfaces__rosidl_typesupport_introspection_c__pyext
[5.334s] [ 96%] Built target video_interfaces__rosidl_typesupport_fastrtps_c__pyext
[5.335s] [100%] Linking C shared library rosidl_generator_py/video_interfaces/video_interfaces_s__rosidl_typesupport_c.cpython-310-x86_64-linux-gnu.so
[5.385s] [100%] Built target video_interfaces__rosidl_typesupport_c__pyext
[5.397s] Invoked command in '/home/arty/Documents/video_ros2/build/video_interfaces' returned '0': /usr/bin/cmake --build /home/arty/Documents/video_ros2/build/video_interfaces -- -j16 -l16
[5.398s] Invoking command in '/home/arty/Documents/video_ros2/build/video_interfaces': /usr/bin/cmake --install /home/arty/Documents/video_ros2/build/video_interfaces
[5.410s] -- Install configuration: "Release"
[5.410s] -- Installing: /home/arty/Documents/video_ros2/install/share/ament_index/resource_index/rosidl_interfaces/video_interfaces
[5.410s] -- Installing: /home/arty/Documents/video_ros2/install/include/video_interfaces/video_interfaces
[5.410s] -- Installing: /home/arty/Documents/video_ros2/install/include/video_interfaces/video_interfaces/msg
[5.410s] -- Installing: /home/arty/Documents/video_ros2/install/include/video_interfaces/video_interfaces/msg/encoded_frame.h
[5.411s] -- Installing: /home/arty/Documents/video_ros2/install/include/video_interfaces/video_interfaces/msg/detail
[5.411s] -- Installing: /home/arty/Documents/video_ros2/install/include/video_interfaces/video_interfaces/msg/detail/encoded_frame__struct.h
[5.411s] -- Installing: /home/arty/Documents/video_ros2/install/include/video_interfaces/video_interfaces/msg/detail/encoded_frame__functions.c
[5.412s] -- Installing: /home/arty/Documents/video_ros2/install/include/video_interfaces/video_interfaces/msg/detail/encoded_frame__type_support.h
[5.412s] -- Installing: /home/arty/Documents/video_ros2/install/include/video_interfaces/video_interfaces/msg/detail/encoded_frame__functions.h
[5.412s] -- Installing: /home/arty/Documents/video_ros2/install/include/video_interfaces/video_interfaces/msg/rosidl_generator_c__visibility_control.h
[5.412s] -- Installing: /home/arty/Documents/video_ros2/install/share/video_interfaces/environment/library_path.sh
[5.412s] -- Installing: /home/arty/Documents/video_ros2/install/share/video_interfaces/environment/library_path.dsv
[5.412s] -- Installing: /home/arty/Documents/video_ros2/install/lib/libvideo_interfaces__rosidl_generator_c.so
[5.412s] -- Set runtime path of "/home/arty/Documents/video_ros2/install/lib/libvideo_interfaces__rosidl_generator_c.so" to ""
[5.412s] -- Up-to-date: /home/arty/Documents/video_ros2/install/include/video_interfaces/video_interfaces
[5.413s] -- Up-to-date: /home/arty/Documents/video_ros2/install/include/video_interfaces/video_interfaces/msg
[5.413s] -- Up-to-date: /home/arty/Documents/video_ros2/install/include/video_interfaces/video_interfaces/msg/detail
[5.413s] -- Installing: /home/arty/Documents/video_ros2/install/include/video_interfaces/video_interfaces/msg/detail/encoded_frame__rosidl_typesupport_fastrtps_c.h
[5.413s] -- Installing: /home/arty/Documents/video_ros2/install/include/video_interfaces/video_interfaces/msg/rosidl_typesupport_fastrtps_c__visibility_control.h
[5.413s] -- Installing: /home/arty/Documents/video_ros2/install/lib/libvideo_interfaces__rosidl_typesupport_fastrtps_c.so
[5.413s] -- Set runtime path of "/home/arty/Documents/video_ros2/install/lib/libvideo_interfaces__rosidl_typesupport_fastrtps_c.so" to ""
[5.413s] -- Up-to-date: /home/arty/Documents/video_ros2/install/include/video_interfaces/video_interfaces
[5.413s] -- Up-to-date: /home/arty/Documents/video_ros2/install/include/video_interfaces/video_interfaces/msg
[5.413s] -- Installing: /home/arty/Documents/video_ros2/install/include/video_interfaces/video_interfaces/msg/rosidl_typesupport_introspection_c__visibility_control.h
[5.414s] -- Up-to-date: /home/arty/Documents/video_ros2/install/include/video_interfaces/video_interfaces/msg/detail
[5.414s] -- Installing: /home/arty/Documents/video_ros2/install/include/video_interfaces/video_interfaces/msg/detail/encoded_frame__rosidl_typesupport_introspection_c.h
[5.414s] -- Installing: /home/arty/Documents/video_ros2/install/include/video_interfaces/video_interfaces/msg/detail/encoded_frame__type_support.c
[5.414s] -- Installing: /home/arty/Documents/video_ros2/install/lib/libvideo_interfaces__rosidl_typesupport_introspection_c.so
[5.414s] -- Set runtime path of "/home/arty/Documents/video_ros2/install/lib/libvideo_interfaces__rosidl_typesupport_introspection_c.so" to ""
[5.414s] -- Installing: /home/arty/Documents/video_ros2/install/lib/libvideo_interfaces__rosidl_typesupport_c.so
[5.414s] -- Set runtime path of "/home/arty/Documents/video_ros2/install/lib/libvideo_interfaces__rosidl_typesupport_c.so" to ""
[5.414s] -- Up-to-date: /home/arty/Documents/video_ros2/install/include/video_interfaces/video_interfaces
[5.414s] -- Up-to-date: /home/arty/Documents/video_ros2/install/include/video_interfaces/video_interfaces/msg
[5.414s] -- Installing: /home/arty/Documents/video_ros2/install/include/video_interfaces/video_interfaces/msg/encoded_frame.hpp
[5.415s] -- Up-to-date: /home/arty/Documents/video_ros2/install/include/video_interfaces/video_interfaces/msg/detail
[5.415s] -- Installing: /home/arty/Documents/video_ros2/install/include/video_interfaces/video_interfaces/msg/detail/encoded_frame__builder.hpp
[5.415s] -- Installing: /home/arty/Documents/video_ros2/install/include/video_interfaces/video_interfaces/msg/detail/encoded_frame__type_support.hpp
[5.415s] -- Installing: /home/arty/Documents/video_ros2/install/include/video_interfaces/video_interfaces/msg/detail/encoded_frame__struct.hpp
[5.415s] -- Installing: /home/arty/Documents/video_ros2/install/include/video_interfaces/video_interfaces/msg/detail/encoded_frame__traits.hpp
[5.415s] -- Installing: /home/arty/Documents/video_ros2/install/include/video_interfaces/video_interfaces/msg/rosidl_generator_cpp__visibility_control.hpp
[5.415s] -- Up-to-date: /home/arty/Documents/video_ros2/install/include/video_interfaces/video_interfaces
[5.416s] -- Up-to-date: /home/arty/Documents/video_ros2/install/include/video_interfaces/video_interfaces/msg
[5.416s] -- Installing: /home/arty/Documents/video_ros2/install/include/video_interfaces/video_interfaces/msg/rosidl_typesupport_fastrtps_cpp__visibility_control.h
[5.416s] -- Up-to-date: /home/arty/Documents/video_ros2/install/include/video_interfaces/video_interfaces/msg/detail
[5.416s] -- Installing: /home/arty/Documents/video_ros2/install/include/video_interfaces/video_interfaces/msg/detail/encoded_frame__rosidl_typesupport_fastrtps_cpp.hpp
[5.416s] -- Installing: /home/arty/Documents/video_ros2/install/include/video_interfaces/video_interfaces/msg/detail/dds_fastrtps
[5.416s] -- Installing: /home/arty/Documents/video_ros2/install/lib/libvideo_interfaces__rosidl_typesupport_fastrtps_cpp.so
[5.417s] -- Set runtime path of "/home/arty/Documents/video_ros2/install/lib/libvideo_interfaces__rosidl_typesupport_fastrtps_cpp.so" to ""
[5.417s] -- Up-to-date: /home/arty/Documents/video_ros2/install/include/video_interfaces/video_interfaces
[5.417s] -- Up-to-date: /home/arty/Documents/video_ros2/install/include/video_interfaces/video_interfaces/msg
[5.417s] -- Up-to-date: /home/arty/Documents/video_ros2/install/include/video_interfaces/video_interfaces/msg/detail
[5.417s] -- Installing: /home/arty/Documents/video_ros2/install/include/video_interfaces/video_interfaces/msg/detail/encoded_frame__rosidl_typesupport_introspection_cpp.hpp
[5.417s] -- Installing: /home/arty/Documents/video_ros2/install/include/video_interfaces/video_interfaces/msg/detail/encoded_frame__type_support.cpp
[5.417s] -- Installing: /home/arty/Documents/video_ros2/install/lib/libvideo_interfaces__rosidl_typesupport_introspection_cpp.so
[5.417s] -- Set runtime path of "/home/arty/Documents/video_ros2/install/lib/libvideo_interfaces__rosidl_typesupport_introspection_cpp.so" to ""
[5.417s] -- Installing: /home/arty/Documents/video_ros2/install/lib/libvideo_interfaces__rosidl_typesupport_cpp.so
[5.417s] -- Set runtime path of "/home/arty/Documents/video_ros2/install/lib/libvideo_interfaces__rosidl_typesupport_cpp.so" to ""
[5.417s] -- Installing: /home/arty/Documents/video_ros2/install/share/video_interfaces/environment/pythonpath.sh
[5.418s] -- Installing: /home/arty/Documents/video_ros2/install/share/video_interfaces/environment/pythonpath.dsv
[5.418s] -- Installing: /home/arty/Documents/video_ros2/install/local/lib/python3.10/dist-packages/video_interfaces-0.1.0-py3.10.egg-info
[5.418s] -- Installing: /home/arty/Documents/video_ros2/install/local/lib/python3.10/dist-packages/video_interfaces-0.1.0-py3.10.egg-info/top_level.txt
[5.418s] -- Installing: /home/arty/Documents/video_ros2/install/local/lib/python3.10/dist-packages/video_interfaces-0.1.0-py3.10.egg-info/SOURCES.txt
[5.418s] -- Installing: /home/arty/Documents/video_ros2/install/local/lib/python3.10/dist-packages/video_interfaces-0.1.0-py3.10.egg-info/dependency_links.txt
[5.418s] -- Installing: /home/arty/Documents/video_ros2/install/local/lib/python3.10/dist-packages/video_interfaces-0.1.0-py3.10.egg-info/PKG-INFO
[5.418s] -- Installing: /home/arty/Documents/video_ros2/install/local/lib/python3.10/dist-packages/video_interfaces
[5.419s] -- Installing: /home/arty/Documents/video_ros2/install/local/lib/python3.10/dist-packages/video_interfaces/__init__.py
[5.419s] -- Installing: /home/arty/Documents/video_ros2/install/local/lib/python3.10/dist-packages/video_interfaces/_video_interfaces_s.ep.rosidl_typesupport_introspection_c.c
[5.419s] -- Installing: /home/arty/Documents/video_ros2/install/local/lib/python3.10/dist-packages/video_interfaces/video_interfaces_s__rosidl_typesupport_fastrtps_c.cpython-310-x86_64-linux-gnu.so
[5.419s] -- Installing: /home/arty/Documents/video_ros2/install/local/lib/python3.10/dist-packages/video_interfaces/msg
[5.419s] -- Installing: /home/arty/Documents/video_ros2/install/local/lib/python3.10/dist-packages/video_interfaces/msg/_encoded_frame_s.c
[5.419s] -- Installing: /home/arty/Documents/video_ros2/install/local/lib/python3.10/dist-packages/video_interfaces/msg/__init__.py
[5.419s] -- Installing: /home/arty/Documents/video_ros2/install/local/lib/python3.10/dist-packages/video_interfaces/msg/_encoded_frame.py
[5.419s] -- Installing: /home/arty/Documents/video_ros2/install/local/lib/python3.10/dist-packages/video_interfaces/libvideo_interfaces__rosidl_generator_py.so
[5.419s] -- Installing: /home/arty/Documents/video_ros2/install/local/lib/python3.10/dist-packages/video_interfaces/_video_interfaces_s.ep.rosidl_typesupport_c.c
[5.420s] -- Installing: /home/arty/Documents/video_ros2/install/local/lib/python3.10/dist-packages/video_interfaces/video_interfaces_s__rosidl_typesupport_c.cpython-310-x86_64-linux-gnu.so
[5.420s] -- Installing: /home/arty/Documents/video_ros2/install/local/lib/python3.10/dist-packages/video_interfaces/_video_interfaces_s.ep.rosidl_typesupport_fastrtps_c.c
[5.420s] -- Installing: /home/arty/Documents/video_ros2/install/local/lib/python3.10/dist-packages/video_interfaces/video_interfaces_s__rosidl_typesupport_introspection_c.cpython-310-x86_64-linux-gnu.so
[5.461s] Listing '/home/arty/Documents/video_ros2/install/local/lib/python3.10/dist-packages/video_interfaces'...
[5.461s] Compiling '/home/arty/Documents/video_ros2/install/local/lib/python3.10/dist-packages/video_interfaces/__init__.py'...
[5.461s] Listing '/home/arty/Documents/video_ros2/install/local/lib/python3.10/dist-packages/video_interfaces/msg'...
[5.461s] Compiling '/home/arty/Documents/video_ros2/install/local/lib/python3.10/dist-packages/video_interfaces/msg/__init__.py'...
[5.461s] Compiling '/home/arty/Documents/video_ros2/install/local/lib/python3.10/dist-packages/video_interfaces/msg/_encoded_frame.py'...
[5.467s] -- Installing: /home/arty/Documents/video_ros2/install/local/lib/python3.10/dist-packages/video_interfaces/video_interfaces_s__rosidl_typesupport_fastrtps_c.cpython-310-x86_64-linux-gnu.so
[5.467s] -- Set runtime path of "/home/arty/Documents/video_ros2/install/local/lib/python3.10/dist-packages/video_interfaces/video_interfaces_s__rosidl_typesupport_fastrtps_c.cpython-310-x86_64-linux-gnu.so" to ""
[5.467s] -- Installing: /home/arty/Documents/video_ros2/install/local/lib/python3.10/dist-packages/video_interfaces/video_interfaces_s__rosidl_typesupport_introspection_c.cpython-310-x86_64-linux-gnu.so
[5.467s] -- Set runtime path of "/home/arty/Documents/video_ros2/install/local/lib/python3.10/dist-packages/video_interfaces/video_interfaces_s__rosidl_typesupport_introspection_c.cpython-310-x86_64-linux-gnu.so" to ""
[5.467s] -- Installing: /home/arty/Documents/video_ros2/install/local/lib/python3.10/dist-packages/video_interfaces/video_interfaces_s__rosidl_typesupport_c.cpython-310-x86_64-linux-gnu.so
[5.468s] -- Set runtime path of "/home/arty/Documents/video_ros2/install/local/lib/python3.10/dist-packages/video_interfaces/video_interfaces_s__rosidl_typesupport_c.cpython-310-x86_64-linux-gnu.so" to ""
[5.468s] -- Installing: /home/arty/Documents/video_ros2/install/lib/libvideo_interfaces__rosidl_generator_py.so
[5.468s] -- Set runtime path of "/home/arty/Documents/video_ros2/install/lib/libvideo_interfaces__rosidl_generator_py.so" to ""
[5.468s] -- Installing: /home/arty/Documents/video_ros2/install/share/ament_index/resource_index/rust_packages/video_interfaces
[5.469s] -- Installing: /home/arty/Documents/video_ros2/install/share/video_interfaces/rust
[5.469s] -- Installing: /home/arty/Documents/video_ros2/install/share/video_interfaces/rust/src
[5.469s] -- Installing: /home/arty/Documents/video_ros2/install/share/video_interfaces/rust/src/msg
[5.469s] -- Installing: /home/arty/Documents/video_ros2/install/share/video_interfaces/rust/src/msg/rmw.rs
[5.469s] -- Installing: /home/arty/Documents/video_ros2/install/share/video_interfaces/rust/src/lib.rs
[5.469s] -- Installing: /home/arty/Documents/video_ros2/install/share/video_interfaces/rust/src/msg.rs
[5.469s] -- Installing: /home/arty/Documents/video_ros2/install/share/video_interfaces/rust/build.rs
[5.470s] -- Installing: /home/arty/Documents/video_ros2/install/share/video_interfaces/rust/Cargo.toml
[5.470s] -- Installing: /home/arty/Documents/video_ros2/install/share/video_interfaces/msg/EncodedFrame.idl
[5.470s] -- Installing: /home/arty/Documents/video_ros2/install/share/video_interfaces/msg/EncodedFrame.msg
[5.470s] -- Installing: /home/arty/Documents/video_ros2/install/share/ament_index/resource_index/package_run_dependencies/video_interfaces
[5.470s] -- Installing: /home/arty/Documents/video_ros2/install/share/ament_index/resource_index/parent_prefix_path/video_interfaces
[5.470s] -- Installing: /home/arty/Documents/video_ros2/install/share/video_interfaces/environment/ament_prefix_path.sh
[5.470s] -- Installing: /home/arty/Documents/video_ros2/install/share/video_interfaces/environment/ament_prefix_path.dsv
[5.470s] -- Installing: /home/arty/Documents/video_ros2/install/share/video_interfaces/environment/path.sh
[5.470s] -- Installing: /home/arty/Documents/video_ros2/install/share/video_interfaces/environment/path.dsv
[5.471s] -- Installing: /home/arty/Documents/video_ros2/install/share/video_interfaces/local_setup.bash
[5.471s] -- Installing: /home/arty/Documents/video_ros2/install/share/video_interfaces/local_setup.sh
[5.471s] -- Installing: /home/arty/Documents/video_ros2/install/share/video_interfaces/local_setup.zsh
[5.471s] -- Installing: /home/arty/Documents/video_ros2/install/share/video_interfaces/local_setup.dsv
[5.471s] -- Installing: /home/arty/Documents/video_ros2/install/share/video_interfaces/package.dsv
[5.471s] -- Installing: /home/arty/Documents/video_ros2/install/share/ament_index/resource_index/packages/video_interfaces
[5.471s] -- Installing: /home/arty/Documents/video_ros2/install/share/video_interfaces/cmake/export_video_interfaces__rosidl_generator_cExport.cmake
[5.471s] -- Installing: /home/arty/Documents/video_ros2/install/share/video_interfaces/cmake/export_video_interfaces__rosidl_generator_cExport-release.cmake
[5.472s] -- Installing: /home/arty/Documents/video_ros2/install/share/video_interfaces/cmake/export_video_interfaces__rosidl_typesupport_fastrtps_cExport.cmake
[5.472s] -- Installing: /home/arty/Documents/video_ros2/install/share/video_interfaces/cmake/export_video_interfaces__rosidl_typesupport_fastrtps_cExport-release.cmake
[5.472s] -- Installing: /home/arty/Documents/video_ros2/install/share/video_interfaces/cmake/video_interfaces__rosidl_typesupport_introspection_cExport.cmake
[5.472s] -- Installing: /home/arty/Documents/video_ros2/install/share/video_interfaces/cmake/video_interfaces__rosidl_typesupport_introspection_cExport-release.cmake
[5.472s] -- Installing: /home/arty/Documents/video_ros2/install/share/video_interfaces/cmake/video_interfaces__rosidl_typesupport_cExport.cmake
[5.472s] -- Installing: /home/arty/Documents/video_ros2/install/share/video_interfaces/cmake/video_interfaces__rosidl_typesupport_cExport-release.cmake
[5.472s] -- Installing: /home/arty/Documents/video_ros2/install/share/video_interfaces/cmake/export_video_interfaces__rosidl_generator_cppExport.cmake
[5.473s] -- Installing: /home/arty/Documents/video_ros2/install/share/video_interfaces/cmake/export_video_interfaces__rosidl_typesupport_fastrtps_cppExport.cmake
[5.473s] -- Installing: /home/arty/Documents/video_ros2/install/share/video_interfaces/cmake/export_video_interfaces__rosidl_typesupport_fastrtps_cppExport-release.cmake
[5.473s] -- Installing: /home/arty/Documents/video_ros2/install/share/video_interfaces/cmake/video_interfaces__rosidl_typesupport_introspection_cppExport.cmake
[5.473s] -- Installing: /home/arty/Documents/video_ros2/install/share/video_interfaces/cmake/video_interfaces__rosidl_typesupport_introspection_cppExport-release.cmake
[5.473s] -- Installing: /home/arty/Documents/video_ros2/install/share/video_interfaces/cmake/video_interfaces__rosidl_typesupport_cppExport.cmake
[5.473s] -- Installing: /home/arty/Documents/video_ros2/install/share/video_interfaces/cmake/video_interfaces__rosidl_typesupport_cppExport-release.cmake
[5.473s] -- Installing: /home/arty/Documents/video_ros2/install/share/video_interfaces/cmake/export_video_interfaces__rosidl_generator_pyExport.cmake
[5.474s] -- Installing: /home/arty/Documents/video_ros2/install/share/video_interfaces/cmake/export_video_interfaces__rosidl_generator_pyExport-release.cmake
[5.474s] -- Installing: /home/arty/Documents/video_ros2/install/share/video_interfaces/cmake/rosidl_cmake-extras.cmake
[5.474s] -- Installing: /home/arty/Documents/video_ros2/install/share/video_interfaces/cmake/ament_cmake_export_dependencies-extras.cmake
[5.474s] -- Installing: /home/arty/Documents/video_ros2/install/share/video_interfaces/cmake/ament_cmake_export_include_directories-extras.cmake
[5.474s] -- Installing: /home/arty/Documents/video_ros2/install/share/video_interfaces/cmake/ament_cmake_export_libraries-extras.cmake
[5.474s] -- Installing: /home/arty/Documents/video_ros2/install/share/video_interfaces/cmake/ament_cmake_export_targets-extras.cmake
[5.475s] -- Installing: /home/arty/Documents/video_ros2/install/share/video_interfaces/cmake/rosidl_cmake_export_typesupport_targets-extras.cmake
[5.475s] -- Installing: /home/arty/Documents/video_ros2/install/share/video_interfaces/cmake/rosidl_cmake_export_typesupport_libraries-extras.cmake
[5.475s] -- Installing: /home/arty/Documents/video_ros2/install/share/video_interfaces/cmake/video_interfacesConfig.cmake
[5.475s] -- Installing: /home/arty/Documents/video_ros2/install/share/video_interfaces/cmake/video_interfacesConfig-version.cmake
[5.475s] -- Installing: /home/arty/Documents/video_ros2/install/share/video_interfaces/package.xml
[5.477s] Invoked command in '/home/arty/Documents/video_ros2/build/video_interfaces' returned '0': /usr/bin/cmake --install /home/arty/Documents/video_ros2/build/video_interfaces
