[0.016s] Invoking command in '/home/arty/Documents/video_ros2/build/mqtt_bridge': CMAKE_PREFIX_PATH=/home/arty/Documents/video_ros2/install LD_LIBRARY_PATH=/home/arty/Documents/video_ros2/install/lib:${LD_LIBRARY_PATH} PKG_CONFIG_PATH=/home/arty/Documents/video_ros2/install/lib/x86_64-linux-gnu/pkgconfig:/home/arty/Documents/video_ros2/install/lib/pkgconfig PYTHONPATH=/home/arty/Documents/video_ros2/install/local/lib/python3.10/dist-packages:${PYTHONPATH} ROS_PACKAGE_PATH=/home/arty/Documents/video_ros2/install/share /usr/bin/cmake /home/arty/Documents/video_ros2/src/mqtt_bridge -DCMAKE_BUILD_TYPE=Release -DCATKIN_INSTALL_INTO_PREFIX_ROOT=0 -DCMAKE_INSTALL_PREFIX=/home/arty/Documents/video_ros2/install
[0.075s] -- The C compiler identification is GNU 11.4.0
[0.142s] -- The CXX compiler identification is GNU 11.4.0
[0.148s] -- Detecting C compiler ABI info
[0.212s] -- Detecting C compiler ABI info - done
[0.217s] -- Check for working C compiler: /usr/bin/cc - skipped
[0.218s] -- Detecting C compile features
[0.218s] -- Detecting C compile features - done
[0.220s] -- Detecting CXX compiler ABI info
[0.313s] -- Detecting CXX compiler ABI info - done
[0.323s] -- Check for working CXX compiler: /usr/bin/c++ - skipped
[0.323s] -- Detecting CXX compile features
[0.324s] -- Detecting CXX compile features - done
[0.326s] -- Found ament_cmake: 1.3.14 (/opt/ros/humble/share/ament_cmake/cmake)
[0.485s] -- Found Python3: /usr/bin/python3 (found version "3.10.12") found components: Interpreter 
[0.622s] -- Found rclcpp: 16.0.19 (/opt/ros/humble/share/rclcpp/cmake)
[0.671s] -- Found rosidl_generator_c: 3.1.8 (/opt/ros/humble/share/rosidl_generator_c/cmake)
[0.676s] -- Found rosidl_adapter: 3.1.8 (/opt/ros/humble/share/rosidl_adapter/cmake)
[0.685s] -- Found rosidl_generator_cpp: 3.1.8 (/opt/ros/humble/share/rosidl_generator_cpp/cmake)
[0.701s] -- Using all available rosidl_typesupport_c: rosidl_typesupport_fastrtps_c;rosidl_typesupport_introspection_c
[0.718s] -- Using all available rosidl_typesupport_cpp: rosidl_typesupport_fastrtps_cpp;rosidl_typesupport_introspection_cpp
[0.773s] -- Found rmw_implementation_cmake: 6.1.2 (/opt/ros/humble/share/rmw_implementation_cmake/cmake)
[0.777s] -- Found rmw_fastrtps_cpp: 6.2.10 (/opt/ros/humble/share/rmw_fastrtps_cpp/cmake)
[0.869s] -- Found OpenSSL: /usr/lib/x86_64-linux-gnu/libcrypto.so (found version "3.0.2")  
[0.899s] -- Found FastRTPS: /opt/ros/humble/include  
[0.939s] -- Using RMW implementation 'rmw_fastrtps_cpp' as default
[0.950s] -- Looking for pthread.h
[1.035s] -- Looking for pthread.h - found
[1.035s] -- Performing Test CMAKE_HAVE_LIBC_PTHREAD
[1.098s] -- Performing Test CMAKE_HAVE_LIBC_PTHREAD - Success
[1.100s] -- Found Threads: TRUE  
[1.162s] -- Found video_interfaces: 0.1.0 (/home/arty/Documents/video_ros2/install/share/video_interfaces/cmake)
[1.194s] -- Performing Test HAVE_STDATOMIC
[1.348s] -- Performing Test HAVE_STDATOMIC - Success
[1.349s] -- Found WrapAtomic: TRUE  
[1.381s] -- Found Protobuf: /usr/lib/x86_64-linux-gnu/libprotobuf.so (found version "3.12.4") 
[1.513s] -- Configuring done
[1.546s] -- Generating done
[1.548s] CMake Warning:
[1.548s]   Manually-specified variables were not used by the project:
[1.548s] 
[1.548s]     CATKIN_INSTALL_INTO_PREFIX_ROOT
[1.548s] 
[1.548s] 
[1.553s] -- Build files have been written to: /home/arty/Documents/video_ros2/build/mqtt_bridge
[1.574s] Invoked command in '/home/arty/Documents/video_ros2/build/mqtt_bridge' returned '0': CMAKE_PREFIX_PATH=/home/arty/Documents/video_ros2/install LD_LIBRARY_PATH=/home/arty/Documents/video_ros2/install/lib:${LD_LIBRARY_PATH} PKG_CONFIG_PATH=/home/arty/Documents/video_ros2/install/lib/x86_64-linux-gnu/pkgconfig:/home/arty/Documents/video_ros2/install/lib/pkgconfig PYTHONPATH=/home/arty/Documents/video_ros2/install/local/lib/python3.10/dist-packages:${PYTHONPATH} ROS_PACKAGE_PATH=/home/arty/Documents/video_ros2/install/share /usr/bin/cmake /home/arty/Documents/video_ros2/src/mqtt_bridge -DCMAKE_BUILD_TYPE=Release -DCATKIN_INSTALL_INTO_PREFIX_ROOT=0 -DCMAKE_INSTALL_PREFIX=/home/arty/Documents/video_ros2/install
[1.577s] Invoking command in '/home/arty/Documents/video_ros2/build/mqtt_bridge': CMAKE_PREFIX_PATH=/home/arty/Documents/video_ros2/install LD_LIBRARY_PATH=/home/arty/Documents/video_ros2/install/lib:${LD_LIBRARY_PATH} PKG_CONFIG_PATH=/home/arty/Documents/video_ros2/install/lib/x86_64-linux-gnu/pkgconfig:/home/arty/Documents/video_ros2/install/lib/pkgconfig PYTHONPATH=/home/arty/Documents/video_ros2/install/local/lib/python3.10/dist-packages:${PYTHONPATH} ROS_PACKAGE_PATH=/home/arty/Documents/video_ros2/install/share /usr/bin/cmake --build /home/arty/Documents/video_ros2/build/mqtt_bridge -- -j16 -l16
[1.625s] [  5%] Automatic MOC for target qmqtt
[2.214s] [  5%] Built target qmqtt_autogen
[2.239s] [ 15%] Building CXX object third_party_qmqtt/qmqtt/CMakeFiles/qmqtt.dir/src/mqtt/qmqtt_client_p.cpp.o
[2.239s] [ 15%] Building CXX object third_party_qmqtt/qmqtt/CMakeFiles/qmqtt.dir/src/mqtt/qmqtt_client.cpp.o
[2.239s] [ 20%] Building CXX object third_party_qmqtt/qmqtt/CMakeFiles/qmqtt.dir/qmqtt_autogen/mocs_compilation.cpp.o
[2.242s] [ 25%] Building CXX object third_party_qmqtt/qmqtt/CMakeFiles/qmqtt.dir/src/mqtt/qmqtt_frame.cpp.o
[2.243s] [ 30%] Building CXX object third_party_qmqtt/qmqtt/CMakeFiles/qmqtt.dir/src/mqtt/qmqtt_routesubscription.cpp.o
[2.244s] [ 40%] Building CXX object third_party_qmqtt/qmqtt/CMakeFiles/qmqtt.dir/src/mqtt/qmqtt_message.cpp.o
[2.249s] [ 45%] Building CXX object third_party_qmqtt/qmqtt/CMakeFiles/qmqtt.dir/src/mqtt/qmqtt_router.cpp.o
[2.250s] [ 45%] Building CXX object third_party_qmqtt/qmqtt/CMakeFiles/qmqtt.dir/src/mqtt/qmqtt_network.cpp.o
[2.250s] [ 50%] Building CXX object third_party_qmqtt/qmqtt/CMakeFiles/qmqtt.dir/src/mqtt/qmqtt_socket.cpp.o
[2.250s] [ 60%] Building CXX object third_party_qmqtt/qmqtt/CMakeFiles/qmqtt.dir/src/mqtt/qmqtt_ssl_socket.cpp.o
[2.250s] [ 60%] Building CXX object third_party_qmqtt/qmqtt/CMakeFiles/qmqtt.dir/src/mqtt/qmqtt_timer.cpp.o
[6.075s] [ 65%] Linking CXX shared library libqmqtt.so
[6.256s] [ 65%] Built target qmqtt
[6.277s] [ 70%] Generating protobuf sources for mqtt_bridge
[6.325s] [ 75%] Automatic MOC for target mqtt_bridge_node
[6.916s] [ 75%] Built target mqtt_bridge_node_autogen
[6.946s] [ 90%] Building CXX object CMakeFiles/mqtt_bridge_node.dir/src/mqtt_bridge_node.cpp.o
[6.947s] [ 90%] Building CXX object CMakeFiles/mqtt_bridge_node.dir/command.pb.cc.o
[6.947s] [ 90%] Building CXX object CMakeFiles/mqtt_bridge_node.dir/mqtt_bridge_node_autogen/mocs_compilation.cpp.o
[13.649s] [ 95%] Linking CXX executable mqtt_bridge_node
[14.245s] [100%] Built target mqtt_bridge_node
