[0.061s] DEBUG:colcon:Command line arguments: ['/usr/bin/colcon', 'build', '--merge-install', '--cmake-args', '-DCMAKE_BUILD_TYPE=Release']
[0.061s] DEBUG:colcon:Parsed command line arguments: Namespace(log_base=None, log_level=None, verb_name='build', build_base='build', install_base='install', merge_install=True, symlink_install=False, test_result_base=None, continue_on_error=False, executor='parallel', parallel_workers=16, event_handlers=None, ignore_user_meta=False, metas=['./colcon.meta'], base_paths=['.'], packages_ignore=None, packages_ignore_regex=None, paths=None, packages_up_to=None, packages_up_to_regex=None, packages_above=None, packages_above_and_dependencies=None, packages_above_depth=None, packages_select_by_dep=None, packages_skip_by_dep=None, packages_skip_up_to=None, packages_select_build_failed=False, packages_skip_build_finished=False, packages_select_test_failures=False, packages_skip_test_passed=False, packages_select=None, packages_skip=None, packages_select_regex=None, packages_skip_regex=None, packages_start=None, packages_end=None, allow_overriding=[], cmake_args=['-DCMAKE_BUILD_TYPE=Release'], cmake_target=None, cmake_target_skip_unavailable=False, cmake_clean_cache=False, cmake_clean_first=False, cmake_force_configure=False, ament_cmake_args=None, catkin_cmake_args=None, catkin_skip_building_tests=False, verb_parser=<colcon_defaults.argument_parser.defaults.DefaultArgumentsDecorator object at 0x73e7c1ef33a0>, verb_extension=<colcon_core.verb.build.BuildVerb object at 0x73e7c20747c0>, main=<bound method BuildVerb.main of <colcon_core.verb.build.BuildVerb object at 0x73e7c20747c0>>)
[0.147s] Level 1:colcon.colcon_core.package_discovery:discover_packages(colcon_meta) check parameters
[0.147s] Level 1:colcon.colcon_core.package_discovery:discover_packages(recursive) check parameters
[0.147s] Level 1:colcon.colcon_core.package_discovery:discover_packages(ignore) check parameters
[0.147s] Level 1:colcon.colcon_core.package_discovery:discover_packages(path) check parameters
[0.147s] Level 1:colcon.colcon_core.package_discovery:discover_packages(colcon_meta) discover
[0.147s] Level 1:colcon.colcon_core.package_discovery:discover_packages(recursive) discover
[0.147s] INFO:colcon.colcon_core.package_discovery:Crawling recursively for packages in '/home/arty/Documents/video_ros2'
[0.147s] Level 1:colcon.colcon_core.package_identification:_identify(.) by extensions ['ignore', 'ignore_ament_install']
[0.147s] Level 1:colcon.colcon_core.package_identification:_identify(.) by extension 'ignore'
[0.147s] Level 1:colcon.colcon_core.package_identification:_identify(.) by extension 'ignore_ament_install'
[0.147s] Level 1:colcon.colcon_core.package_identification:_identify(.) by extensions ['colcon_pkg']
[0.147s] Level 1:colcon.colcon_core.package_identification:_identify(.) by extension 'colcon_pkg'
[0.147s] Level 1:colcon.colcon_core.package_identification:_identify(.) by extensions ['colcon_meta']
[0.147s] Level 1:colcon.colcon_core.package_identification:_identify(.) by extension 'colcon_meta'
[0.147s] Level 1:colcon.colcon_core.package_identification:_identify(.) by extensions ['ros']
[0.147s] Level 1:colcon.colcon_core.package_identification:_identify(.) by extension 'ros'
[0.156s] Level 1:colcon.colcon_core.package_identification:_identify(.) by extensions ['cmake', 'python']
[0.156s] Level 1:colcon.colcon_core.package_identification:_identify(.) by extension 'cmake'
[0.156s] Level 1:colcon.colcon_core.package_identification:_identify(.) by extension 'python'
[0.156s] Level 1:colcon.colcon_core.package_identification:_identify(.) by extensions ['python_setup_py']
[0.156s] Level 1:colcon.colcon_core.package_identification:_identify(.) by extension 'python_setup_py'
[0.157s] Level 1:colcon.colcon_core.package_identification:_identify(build) by extensions ['ignore', 'ignore_ament_install']
[0.157s] Level 1:colcon.colcon_core.package_identification:_identify(build) by extension 'ignore'
[0.157s] Level 1:colcon.colcon_core.package_identification:_identify(build) ignored
[0.157s] Level 1:colcon.colcon_core.package_identification:_identify(docs) by extensions ['ignore', 'ignore_ament_install']
[0.157s] Level 1:colcon.colcon_core.package_identification:_identify(docs) by extension 'ignore'
[0.157s] Level 1:colcon.colcon_core.package_identification:_identify(docs) by extension 'ignore_ament_install'
[0.157s] Level 1:colcon.colcon_core.package_identification:_identify(docs) by extensions ['colcon_pkg']
[0.157s] Level 1:colcon.colcon_core.package_identification:_identify(docs) by extension 'colcon_pkg'
[0.157s] Level 1:colcon.colcon_core.package_identification:_identify(docs) by extensions ['colcon_meta']
[0.157s] Level 1:colcon.colcon_core.package_identification:_identify(docs) by extension 'colcon_meta'
[0.157s] Level 1:colcon.colcon_core.package_identification:_identify(docs) by extensions ['ros']
[0.157s] Level 1:colcon.colcon_core.package_identification:_identify(docs) by extension 'ros'
[0.157s] Level 1:colcon.colcon_core.package_identification:_identify(docs) by extensions ['cmake', 'python']
[0.157s] Level 1:colcon.colcon_core.package_identification:_identify(docs) by extension 'cmake'
[0.157s] Level 1:colcon.colcon_core.package_identification:_identify(docs) by extension 'python'
[0.157s] Level 1:colcon.colcon_core.package_identification:_identify(docs) by extensions ['python_setup_py']
[0.157s] Level 1:colcon.colcon_core.package_identification:_identify(docs) by extension 'python_setup_py'
[0.157s] Level 1:colcon.colcon_core.package_identification:_identify(install) by extensions ['ignore', 'ignore_ament_install']
[0.157s] Level 1:colcon.colcon_core.package_identification:_identify(install) by extension 'ignore'
[0.157s] Level 1:colcon.colcon_core.package_identification:_identify(install) ignored
[0.157s] Level 1:colcon.colcon_core.package_identification:_identify(log) by extensions ['ignore', 'ignore_ament_install']
[0.157s] Level 1:colcon.colcon_core.package_identification:_identify(log) by extension 'ignore'
[0.157s] Level 1:colcon.colcon_core.package_identification:_identify(log) ignored
[0.157s] Level 1:colcon.colcon_core.package_identification:_identify(scripts) by extensions ['ignore', 'ignore_ament_install']
[0.157s] Level 1:colcon.colcon_core.package_identification:_identify(scripts) by extension 'ignore'
[0.157s] Level 1:colcon.colcon_core.package_identification:_identify(scripts) by extension 'ignore_ament_install'
[0.157s] Level 1:colcon.colcon_core.package_identification:_identify(scripts) by extensions ['colcon_pkg']
[0.157s] Level 1:colcon.colcon_core.package_identification:_identify(scripts) by extension 'colcon_pkg'
[0.157s] Level 1:colcon.colcon_core.package_identification:_identify(scripts) by extensions ['colcon_meta']
[0.157s] Level 1:colcon.colcon_core.package_identification:_identify(scripts) by extension 'colcon_meta'
[0.157s] Level 1:colcon.colcon_core.package_identification:_identify(scripts) by extensions ['ros']
[0.157s] Level 1:colcon.colcon_core.package_identification:_identify(scripts) by extension 'ros'
[0.157s] Level 1:colcon.colcon_core.package_identification:_identify(scripts) by extensions ['cmake', 'python']
[0.157s] Level 1:colcon.colcon_core.package_identification:_identify(scripts) by extension 'cmake'
[0.157s] Level 1:colcon.colcon_core.package_identification:_identify(scripts) by extension 'python'
[0.158s] Level 1:colcon.colcon_core.package_identification:_identify(scripts) by extensions ['python_setup_py']
[0.158s] Level 1:colcon.colcon_core.package_identification:_identify(scripts) by extension 'python_setup_py'
[0.158s] Level 1:colcon.colcon_core.package_identification:_identify(src) by extensions ['ignore', 'ignore_ament_install']
[0.158s] Level 1:colcon.colcon_core.package_identification:_identify(src) by extension 'ignore'
[0.158s] Level 1:colcon.colcon_core.package_identification:_identify(src) by extension 'ignore_ament_install'
[0.158s] Level 1:colcon.colcon_core.package_identification:_identify(src) by extensions ['colcon_pkg']
[0.158s] Level 1:colcon.colcon_core.package_identification:_identify(src) by extension 'colcon_pkg'
[0.158s] Level 1:colcon.colcon_core.package_identification:_identify(src) by extensions ['colcon_meta']
[0.158s] Level 1:colcon.colcon_core.package_identification:_identify(src) by extension 'colcon_meta'
[0.158s] Level 1:colcon.colcon_core.package_identification:_identify(src) by extensions ['ros']
[0.158s] Level 1:colcon.colcon_core.package_identification:_identify(src) by extension 'ros'
[0.158s] Level 1:colcon.colcon_core.package_identification:_identify(src) by extensions ['cmake', 'python']
[0.158s] Level 1:colcon.colcon_core.package_identification:_identify(src) by extension 'cmake'
[0.158s] Level 1:colcon.colcon_core.package_identification:_identify(src) by extension 'python'
[0.158s] Level 1:colcon.colcon_core.package_identification:_identify(src) by extensions ['python_setup_py']
[0.158s] Level 1:colcon.colcon_core.package_identification:_identify(src) by extension 'python_setup_py'
[0.158s] Level 1:colcon.colcon_core.package_identification:_identify(src/custom_byteblock) by extensions ['ignore', 'ignore_ament_install']
[0.158s] Level 1:colcon.colcon_core.package_identification:_identify(src/custom_byteblock) by extension 'ignore'
[0.158s] Level 1:colcon.colcon_core.package_identification:_identify(src/custom_byteblock) by extension 'ignore_ament_install'
[0.158s] Level 1:colcon.colcon_core.package_identification:_identify(src/custom_byteblock) by extensions ['colcon_pkg']
[0.158s] Level 1:colcon.colcon_core.package_identification:_identify(src/custom_byteblock) by extension 'colcon_pkg'
[0.158s] Level 1:colcon.colcon_core.package_identification:_identify(src/custom_byteblock) by extensions ['colcon_meta']
[0.158s] Level 1:colcon.colcon_core.package_identification:_identify(src/custom_byteblock) by extension 'colcon_meta'
[0.158s] Level 1:colcon.colcon_core.package_identification:_identify(src/custom_byteblock) by extensions ['ros']
[0.158s] Level 1:colcon.colcon_core.package_identification:_identify(src/custom_byteblock) by extension 'ros'
[0.160s] DEBUG:colcon.colcon_core.package_identification:Package 'src/custom_byteblock' with type 'ros.catkin' and name 'custom_byteblock'
[0.160s] Level 1:colcon.colcon_core.package_identification:_identify(src/mqtt_bridge) by extensions ['ignore', 'ignore_ament_install']
[0.161s] Level 1:colcon.colcon_core.package_identification:_identify(src/mqtt_bridge) by extension 'ignore'
[0.161s] Level 1:colcon.colcon_core.package_identification:_identify(src/mqtt_bridge) by extension 'ignore_ament_install'
[0.161s] Level 1:colcon.colcon_core.package_identification:_identify(src/mqtt_bridge) by extensions ['colcon_pkg']
[0.161s] Level 1:colcon.colcon_core.package_identification:_identify(src/mqtt_bridge) by extension 'colcon_pkg'
[0.161s] Level 1:colcon.colcon_core.package_identification:_identify(src/mqtt_bridge) by extensions ['colcon_meta']
[0.161s] Level 1:colcon.colcon_core.package_identification:_identify(src/mqtt_bridge) by extension 'colcon_meta'
[0.161s] Level 1:colcon.colcon_core.package_identification:_identify(src/mqtt_bridge) by extensions ['ros']
[0.161s] Level 1:colcon.colcon_core.package_identification:_identify(src/mqtt_bridge) by extension 'ros'
[0.161s] DEBUG:colcon.colcon_core.package_identification:Package 'src/mqtt_bridge' with type 'ros.catkin' and name 'mqtt_bridge'
[0.161s] Level 1:colcon.colcon_core.package_identification:_identify(src/third_party_qmqtt) by extensions ['ignore', 'ignore_ament_install']
[0.161s] Level 1:colcon.colcon_core.package_identification:_identify(src/third_party_qmqtt) by extension 'ignore'
[0.161s] Level 1:colcon.colcon_core.package_identification:_identify(src/third_party_qmqtt) by extension 'ignore_ament_install'
[0.161s] Level 1:colcon.colcon_core.package_identification:_identify(src/third_party_qmqtt) by extensions ['colcon_pkg']
[0.161s] Level 1:colcon.colcon_core.package_identification:_identify(src/third_party_qmqtt) by extension 'colcon_pkg'
[0.161s] Level 1:colcon.colcon_core.package_identification:_identify(src/third_party_qmqtt) by extensions ['colcon_meta']
[0.161s] Level 1:colcon.colcon_core.package_identification:_identify(src/third_party_qmqtt) by extension 'colcon_meta'
[0.162s] Level 1:colcon.colcon_core.package_identification:_identify(src/third_party_qmqtt) by extensions ['ros']
[0.162s] Level 1:colcon.colcon_core.package_identification:_identify(src/third_party_qmqtt) by extension 'ros'
[0.162s] Level 1:colcon.colcon_core.package_identification:_identify(src/third_party_qmqtt) by extensions ['cmake', 'python']
[0.162s] Level 1:colcon.colcon_core.package_identification:_identify(src/third_party_qmqtt) by extension 'cmake'
[0.162s] Level 1:colcon.colcon_core.package_identification:_identify(src/third_party_qmqtt) by extension 'python'
[0.162s] Level 1:colcon.colcon_core.package_identification:_identify(src/third_party_qmqtt) by extensions ['python_setup_py']
[0.162s] Level 1:colcon.colcon_core.package_identification:_identify(src/third_party_qmqtt) by extension 'python_setup_py'
[0.162s] Level 1:colcon.colcon_core.package_identification:_identify(src/third_party_qmqtt/bin) by extensions ['ignore', 'ignore_ament_install']
[0.162s] Level 1:colcon.colcon_core.package_identification:_identify(src/third_party_qmqtt/bin) by extension 'ignore'
[0.162s] Level 1:colcon.colcon_core.package_identification:_identify(src/third_party_qmqtt/bin) by extension 'ignore_ament_install'
[0.162s] Level 1:colcon.colcon_core.package_identification:_identify(src/third_party_qmqtt/bin) by extensions ['colcon_pkg']
[0.162s] Level 1:colcon.colcon_core.package_identification:_identify(src/third_party_qmqtt/bin) by extension 'colcon_pkg'
[0.162s] Level 1:colcon.colcon_core.package_identification:_identify(src/third_party_qmqtt/bin) by extensions ['colcon_meta']
[0.162s] Level 1:colcon.colcon_core.package_identification:_identify(src/third_party_qmqtt/bin) by extension 'colcon_meta'
[0.162s] Level 1:colcon.colcon_core.package_identification:_identify(src/third_party_qmqtt/bin) by extensions ['ros']
[0.162s] Level 1:colcon.colcon_core.package_identification:_identify(src/third_party_qmqtt/bin) by extension 'ros'
[0.162s] Level 1:colcon.colcon_core.package_identification:_identify(src/third_party_qmqtt/bin) by extensions ['cmake', 'python']
[0.162s] Level 1:colcon.colcon_core.package_identification:_identify(src/third_party_qmqtt/bin) by extension 'cmake'
[0.162s] Level 1:colcon.colcon_core.package_identification:_identify(src/third_party_qmqtt/bin) by extension 'python'
[0.162s] Level 1:colcon.colcon_core.package_identification:_identify(src/third_party_qmqtt/bin) by extensions ['python_setup_py']
[0.162s] Level 1:colcon.colcon_core.package_identification:_identify(src/third_party_qmqtt/bin) by extension 'python_setup_py'
[0.162s] Level 1:colcon.colcon_core.package_identification:_identify(src/third_party_qmqtt/lib) by extensions ['ignore', 'ignore_ament_install']
[0.162s] Level 1:colcon.colcon_core.package_identification:_identify(src/third_party_qmqtt/lib) by extension 'ignore'
[0.162s] Level 1:colcon.colcon_core.package_identification:_identify(src/third_party_qmqtt/lib) by extension 'ignore_ament_install'
[0.162s] Level 1:colcon.colcon_core.package_identification:_identify(src/third_party_qmqtt/lib) by extensions ['colcon_pkg']
[0.162s] Level 1:colcon.colcon_core.package_identification:_identify(src/third_party_qmqtt/lib) by extension 'colcon_pkg'
[0.162s] Level 1:colcon.colcon_core.package_identification:_identify(src/third_party_qmqtt/lib) by extensions ['colcon_meta']
[0.162s] Level 1:colcon.colcon_core.package_identification:_identify(src/third_party_qmqtt/lib) by extension 'colcon_meta'
[0.162s] Level 1:colcon.colcon_core.package_identification:_identify(src/third_party_qmqtt/lib) by extensions ['ros']
[0.162s] Level 1:colcon.colcon_core.package_identification:_identify(src/third_party_qmqtt/lib) by extension 'ros'
[0.162s] Level 1:colcon.colcon_core.package_identification:_identify(src/third_party_qmqtt/lib) by extensions ['cmake', 'python']
[0.162s] Level 1:colcon.colcon_core.package_identification:_identify(src/third_party_qmqtt/lib) by extension 'cmake'
[0.162s] Level 1:colcon.colcon_core.package_identification:_identify(src/third_party_qmqtt/lib) by extension 'python'
[0.162s] Level 1:colcon.colcon_core.package_identification:_identify(src/third_party_qmqtt/lib) by extensions ['python_setup_py']
[0.162s] Level 1:colcon.colcon_core.package_identification:_identify(src/third_party_qmqtt/lib) by extension 'python_setup_py'
[0.162s] Level 1:colcon.colcon_core.package_identification:_identify(src/third_party_qmqtt/qmqtt) by extensions ['ignore', 'ignore_ament_install']
[0.162s] Level 1:colcon.colcon_core.package_identification:_identify(src/third_party_qmqtt/qmqtt) by extension 'ignore'
[0.162s] Level 1:colcon.colcon_core.package_identification:_identify(src/third_party_qmqtt/qmqtt) by extension 'ignore_ament_install'
[0.162s] Level 1:colcon.colcon_core.package_identification:_identify(src/third_party_qmqtt/qmqtt) by extensions ['colcon_pkg']
[0.162s] Level 1:colcon.colcon_core.package_identification:_identify(src/third_party_qmqtt/qmqtt) by extension 'colcon_pkg'
[0.162s] Level 1:colcon.colcon_core.package_identification:_identify(src/third_party_qmqtt/qmqtt) by extensions ['colcon_meta']
[0.162s] Level 1:colcon.colcon_core.package_identification:_identify(src/third_party_qmqtt/qmqtt) by extension 'colcon_meta'
[0.162s] Level 1:colcon.colcon_core.package_identification:_identify(src/third_party_qmqtt/qmqtt) by extensions ['ros']
[0.163s] Level 1:colcon.colcon_core.package_identification:_identify(src/third_party_qmqtt/qmqtt) by extension 'ros'
[0.163s] Level 1:colcon.colcon_core.package_identification:_identify(src/third_party_qmqtt/qmqtt) by extensions ['cmake', 'python']
[0.163s] Level 1:colcon.colcon_core.package_identification:_identify(src/third_party_qmqtt/qmqtt) by extension 'cmake'
[0.166s] Level 1:colcon.colcon_core.package_identification:_identify(src/third_party_qmqtt/qmqtt) by extension 'python'
[0.166s] DEBUG:colcon.colcon_core.package_identification:Package 'src/third_party_qmqtt/qmqtt' with type 'cmake' and name 'qmqtt'
[0.166s] Level 1:colcon.colcon_core.package_identification:_identify(src/video_decode) by extensions ['ignore', 'ignore_ament_install']
[0.166s] Level 1:colcon.colcon_core.package_identification:_identify(src/video_decode) by extension 'ignore'
[0.166s] Level 1:colcon.colcon_core.package_identification:_identify(src/video_decode) by extension 'ignore_ament_install'
[0.166s] Level 1:colcon.colcon_core.package_identification:_identify(src/video_decode) by extensions ['colcon_pkg']
[0.166s] Level 1:colcon.colcon_core.package_identification:_identify(src/video_decode) by extension 'colcon_pkg'
[0.166s] Level 1:colcon.colcon_core.package_identification:_identify(src/video_decode) by extensions ['colcon_meta']
[0.166s] Level 1:colcon.colcon_core.package_identification:_identify(src/video_decode) by extension 'colcon_meta'
[0.167s] Level 1:colcon.colcon_core.package_identification:_identify(src/video_decode) by extensions ['ros']
[0.167s] Level 1:colcon.colcon_core.package_identification:_identify(src/video_decode) by extension 'ros'
[0.167s] DEBUG:colcon.colcon_core.package_identification:Package 'src/video_decode' with type 'ros.catkin' and name 'video_decode'
[0.167s] Level 1:colcon.colcon_core.package_identification:_identify(src/video_ingest) by extensions ['ignore', 'ignore_ament_install']
[0.167s] Level 1:colcon.colcon_core.package_identification:_identify(src/video_ingest) by extension 'ignore'
[0.167s] Level 1:colcon.colcon_core.package_identification:_identify(src/video_ingest) by extension 'ignore_ament_install'
[0.167s] Level 1:colcon.colcon_core.package_identification:_identify(src/video_ingest) by extensions ['colcon_pkg']
[0.167s] Level 1:colcon.colcon_core.package_identification:_identify(src/video_ingest) by extension 'colcon_pkg'
[0.167s] Level 1:colcon.colcon_core.package_identification:_identify(src/video_ingest) by extensions ['colcon_meta']
[0.167s] Level 1:colcon.colcon_core.package_identification:_identify(src/video_ingest) by extension 'colcon_meta'
[0.167s] Level 1:colcon.colcon_core.package_identification:_identify(src/video_ingest) by extensions ['ros']
[0.167s] Level 1:colcon.colcon_core.package_identification:_identify(src/video_ingest) by extension 'ros'
[0.168s] DEBUG:colcon.colcon_core.package_identification:Package 'src/video_ingest' with type 'ros.catkin' and name 'video_ingest'
[0.168s] Level 1:colcon.colcon_core.package_identification:_identify(src/video_interfaces) by extensions ['ignore', 'ignore_ament_install']
[0.168s] Level 1:colcon.colcon_core.package_identification:_identify(src/video_interfaces) by extension 'ignore'
[0.168s] Level 1:colcon.colcon_core.package_identification:_identify(src/video_interfaces) by extension 'ignore_ament_install'
[0.168s] Level 1:colcon.colcon_core.package_identification:_identify(src/video_interfaces) by extensions ['colcon_pkg']
[0.168s] Level 1:colcon.colcon_core.package_identification:_identify(src/video_interfaces) by extension 'colcon_pkg'
[0.168s] Level 1:colcon.colcon_core.package_identification:_identify(src/video_interfaces) by extensions ['colcon_meta']
[0.168s] Level 1:colcon.colcon_core.package_identification:_identify(src/video_interfaces) by extension 'colcon_meta'
[0.168s] Level 1:colcon.colcon_core.package_identification:_identify(src/video_interfaces) by extensions ['ros']
[0.168s] Level 1:colcon.colcon_core.package_identification:_identify(src/video_interfaces) by extension 'ros'
[0.169s] DEBUG:colcon.colcon_core.package_identification:Package 'src/video_interfaces' with type 'ros.catkin' and name 'video_interfaces'
[0.169s] Level 1:colcon.colcon_core.package_identification:_identify(src/video_viewer_qt) by extensions ['ignore', 'ignore_ament_install']
[0.169s] Level 1:colcon.colcon_core.package_identification:_identify(src/video_viewer_qt) by extension 'ignore'
[0.169s] Level 1:colcon.colcon_core.package_identification:_identify(src/video_viewer_qt) by extension 'ignore_ament_install'
[0.169s] Level 1:colcon.colcon_core.package_identification:_identify(src/video_viewer_qt) by extensions ['colcon_pkg']
[0.169s] Level 1:colcon.colcon_core.package_identification:_identify(src/video_viewer_qt) by extension 'colcon_pkg'
[0.169s] Level 1:colcon.colcon_core.package_identification:_identify(src/video_viewer_qt) by extensions ['colcon_meta']
[0.169s] Level 1:colcon.colcon_core.package_identification:_identify(src/video_viewer_qt) by extension 'colcon_meta'
[0.169s] Level 1:colcon.colcon_core.package_identification:_identify(src/video_viewer_qt) by extensions ['ros']
[0.169s] Level 1:colcon.colcon_core.package_identification:_identify(src/video_viewer_qt) by extension 'ros'
[0.170s] DEBUG:colcon.colcon_core.package_identification:Package 'src/video_viewer_qt' with type 'ros.catkin' and name 'video_viewer_qt'
[0.170s] Level 1:colcon.colcon_core.package_discovery:discover_packages(recursive) using defaults
[0.170s] Level 1:colcon.colcon_core.package_discovery:discover_packages(ignore) discover
[0.170s] Level 1:colcon.colcon_core.package_discovery:discover_packages(ignore) using defaults
[0.170s] Level 1:colcon.colcon_core.package_discovery:discover_packages(path) discover
[0.170s] Level 1:colcon.colcon_core.package_discovery:discover_packages(path) using defaults
[0.184s] Level 1:colcon.colcon_core.package_discovery:discover_packages(prefix_path) check parameters
[0.185s] Level 1:colcon.colcon_core.package_discovery:discover_packages(prefix_path) discover
[0.186s] DEBUG:colcon.colcon_installed_package_information.package_discovery:Found 273 installed packages in /opt/ros/humble
[0.188s] Level 1:colcon.colcon_core.package_discovery:discover_packages(prefix_path) using defaults
[0.222s] Level 5:colcon.colcon_core.verb:set package 'qmqtt' build argument 'cmake_args' from command line to '['-DCMAKE_BUILD_TYPE=Release']'
[0.222s] Level 5:colcon.colcon_core.verb:set package 'qmqtt' build argument 'cmake_target' from command line to 'None'
[0.222s] Level 5:colcon.colcon_core.verb:set package 'qmqtt' build argument 'cmake_target_skip_unavailable' from command line to 'False'
[0.222s] Level 5:colcon.colcon_core.verb:set package 'qmqtt' build argument 'cmake_clean_cache' from command line to 'False'
[0.222s] Level 5:colcon.colcon_core.verb:set package 'qmqtt' build argument 'cmake_clean_first' from command line to 'False'
[0.222s] Level 5:colcon.colcon_core.verb:set package 'qmqtt' build argument 'cmake_force_configure' from command line to 'False'
[0.222s] Level 5:colcon.colcon_core.verb:set package 'qmqtt' build argument 'ament_cmake_args' from command line to 'None'
[0.222s] Level 5:colcon.colcon_core.verb:set package 'qmqtt' build argument 'catkin_cmake_args' from command line to 'None'
[0.222s] Level 5:colcon.colcon_core.verb:set package 'qmqtt' build argument 'catkin_skip_building_tests' from command line to 'False'
[0.222s] DEBUG:colcon.colcon_core.verb:Building package 'qmqtt' with the following arguments: {'ament_cmake_args': None, 'build_base': '/home/arty/Documents/video_ros2/build/qmqtt', 'catkin_cmake_args': None, 'catkin_skip_building_tests': False, 'cmake_args': ['-DCMAKE_BUILD_TYPE=Release'], 'cmake_clean_cache': False, 'cmake_clean_first': False, 'cmake_force_configure': False, 'cmake_target': None, 'cmake_target_skip_unavailable': False, 'install_base': '/home/arty/Documents/video_ros2/install', 'merge_install': True, 'path': '/home/arty/Documents/video_ros2/src/third_party_qmqtt/qmqtt', 'symlink_install': False, 'test_result_base': None}
[0.222s] Level 5:colcon.colcon_core.verb:set package 'video_interfaces' build argument 'cmake_args' from command line to '['-DCMAKE_BUILD_TYPE=Release']'
[0.222s] Level 5:colcon.colcon_core.verb:set package 'video_interfaces' build argument 'cmake_target' from command line to 'None'
[0.222s] Level 5:colcon.colcon_core.verb:set package 'video_interfaces' build argument 'cmake_target_skip_unavailable' from command line to 'False'
[0.222s] Level 5:colcon.colcon_core.verb:set package 'video_interfaces' build argument 'cmake_clean_cache' from command line to 'False'
[0.222s] Level 5:colcon.colcon_core.verb:set package 'video_interfaces' build argument 'cmake_clean_first' from command line to 'False'
[0.222s] Level 5:colcon.colcon_core.verb:set package 'video_interfaces' build argument 'cmake_force_configure' from command line to 'False'
[0.222s] Level 5:colcon.colcon_core.verb:set package 'video_interfaces' build argument 'ament_cmake_args' from command line to 'None'
[0.222s] Level 5:colcon.colcon_core.verb:set package 'video_interfaces' build argument 'catkin_cmake_args' from command line to 'None'
[0.222s] Level 5:colcon.colcon_core.verb:set package 'video_interfaces' build argument 'catkin_skip_building_tests' from command line to 'False'
[0.222s] DEBUG:colcon.colcon_core.verb:Building package 'video_interfaces' with the following arguments: {'ament_cmake_args': None, 'build_base': '/home/arty/Documents/video_ros2/build/video_interfaces', 'catkin_cmake_args': None, 'catkin_skip_building_tests': False, 'cmake_args': ['-DCMAKE_BUILD_TYPE=Release'], 'cmake_clean_cache': False, 'cmake_clean_first': False, 'cmake_force_configure': False, 'cmake_target': None, 'cmake_target_skip_unavailable': False, 'install_base': '/home/arty/Documents/video_ros2/install', 'merge_install': True, 'path': '/home/arty/Documents/video_ros2/src/video_interfaces', 'symlink_install': False, 'test_result_base': None}
[0.223s] Level 5:colcon.colcon_core.verb:set package 'video_viewer_qt' build argument 'cmake_args' from command line to '['-DCMAKE_BUILD_TYPE=Release']'
[0.223s] Level 5:colcon.colcon_core.verb:set package 'video_viewer_qt' build argument 'cmake_target' from command line to 'None'
[0.223s] Level 5:colcon.colcon_core.verb:set package 'video_viewer_qt' build argument 'cmake_target_skip_unavailable' from command line to 'False'
[0.223s] Level 5:colcon.colcon_core.verb:set package 'video_viewer_qt' build argument 'cmake_clean_cache' from command line to 'False'
[0.223s] Level 5:colcon.colcon_core.verb:set package 'video_viewer_qt' build argument 'cmake_clean_first' from command line to 'False'
[0.223s] Level 5:colcon.colcon_core.verb:set package 'video_viewer_qt' build argument 'cmake_force_configure' from command line to 'False'
[0.223s] Level 5:colcon.colcon_core.verb:set package 'video_viewer_qt' build argument 'ament_cmake_args' from command line to 'None'
[0.223s] Level 5:colcon.colcon_core.verb:set package 'video_viewer_qt' build argument 'catkin_cmake_args' from command line to 'None'
[0.223s] Level 5:colcon.colcon_core.verb:set package 'video_viewer_qt' build argument 'catkin_skip_building_tests' from command line to 'False'
[0.223s] DEBUG:colcon.colcon_core.verb:Building package 'video_viewer_qt' with the following arguments: {'ament_cmake_args': None, 'build_base': '/home/arty/Documents/video_ros2/build/video_viewer_qt', 'catkin_cmake_args': None, 'catkin_skip_building_tests': False, 'cmake_args': ['-DCMAKE_BUILD_TYPE=Release'], 'cmake_clean_cache': False, 'cmake_clean_first': False, 'cmake_force_configure': False, 'cmake_target': None, 'cmake_target_skip_unavailable': False, 'install_base': '/home/arty/Documents/video_ros2/install', 'merge_install': True, 'path': '/home/arty/Documents/video_ros2/src/video_viewer_qt', 'symlink_install': False, 'test_result_base': None}
[0.223s] Level 5:colcon.colcon_core.verb:set package 'custom_byteblock' build argument 'cmake_args' from command line to '['-DCMAKE_BUILD_TYPE=Release']'
[0.223s] Level 5:colcon.colcon_core.verb:set package 'custom_byteblock' build argument 'cmake_target' from command line to 'None'
[0.223s] Level 5:colcon.colcon_core.verb:set package 'custom_byteblock' build argument 'cmake_target_skip_unavailable' from command line to 'False'
[0.223s] Level 5:colcon.colcon_core.verb:set package 'custom_byteblock' build argument 'cmake_clean_cache' from command line to 'False'
[0.223s] Level 5:colcon.colcon_core.verb:set package 'custom_byteblock' build argument 'cmake_clean_first' from command line to 'False'
[0.223s] Level 5:colcon.colcon_core.verb:set package 'custom_byteblock' build argument 'cmake_force_configure' from command line to 'False'
[0.223s] Level 5:colcon.colcon_core.verb:set package 'custom_byteblock' build argument 'ament_cmake_args' from command line to 'None'
[0.223s] Level 5:colcon.colcon_core.verb:set package 'custom_byteblock' build argument 'catkin_cmake_args' from command line to 'None'
[0.223s] Level 5:colcon.colcon_core.verb:set package 'custom_byteblock' build argument 'catkin_skip_building_tests' from command line to 'False'
[0.223s] DEBUG:colcon.colcon_core.verb:Building package 'custom_byteblock' with the following arguments: {'ament_cmake_args': None, 'build_base': '/home/arty/Documents/video_ros2/build/custom_byteblock', 'catkin_cmake_args': None, 'catkin_skip_building_tests': False, 'cmake_args': ['-DCMAKE_BUILD_TYPE=Release'], 'cmake_clean_cache': False, 'cmake_clean_first': False, 'cmake_force_configure': False, 'cmake_target': None, 'cmake_target_skip_unavailable': False, 'install_base': '/home/arty/Documents/video_ros2/install', 'merge_install': True, 'path': '/home/arty/Documents/video_ros2/src/custom_byteblock', 'symlink_install': False, 'test_result_base': None}
[0.223s] Level 5:colcon.colcon_core.verb:set package 'mqtt_bridge' build argument 'cmake_args' from command line to '['-DCMAKE_BUILD_TYPE=Release']'
[0.223s] Level 5:colcon.colcon_core.verb:set package 'mqtt_bridge' build argument 'cmake_target' from command line to 'None'
[0.223s] Level 5:colcon.colcon_core.verb:set package 'mqtt_bridge' build argument 'cmake_target_skip_unavailable' from command line to 'False'
[0.223s] Level 5:colcon.colcon_core.verb:set package 'mqtt_bridge' build argument 'cmake_clean_cache' from command line to 'False'
[0.223s] Level 5:colcon.colcon_core.verb:set package 'mqtt_bridge' build argument 'cmake_clean_first' from command line to 'False'
[0.223s] Level 5:colcon.colcon_core.verb:set package 'mqtt_bridge' build argument 'cmake_force_configure' from command line to 'False'
[0.223s] Level 5:colcon.colcon_core.verb:set package 'mqtt_bridge' build argument 'ament_cmake_args' from command line to 'None'
[0.223s] Level 5:colcon.colcon_core.verb:set package 'mqtt_bridge' build argument 'catkin_cmake_args' from command line to 'None'
[0.223s] Level 5:colcon.colcon_core.verb:set package 'mqtt_bridge' build argument 'catkin_skip_building_tests' from command line to 'False'
[0.223s] DEBUG:colcon.colcon_core.verb:Building package 'mqtt_bridge' with the following arguments: {'ament_cmake_args': None, 'build_base': '/home/arty/Documents/video_ros2/build/mqtt_bridge', 'catkin_cmake_args': None, 'catkin_skip_building_tests': False, 'cmake_args': ['-DCMAKE_BUILD_TYPE=Release'], 'cmake_clean_cache': False, 'cmake_clean_first': False, 'cmake_force_configure': False, 'cmake_target': None, 'cmake_target_skip_unavailable': False, 'install_base': '/home/arty/Documents/video_ros2/install', 'merge_install': True, 'path': '/home/arty/Documents/video_ros2/src/mqtt_bridge', 'symlink_install': False, 'test_result_base': None}
[0.223s] Level 5:colcon.colcon_core.verb:set package 'video_decode' build argument 'cmake_args' from command line to '['-DCMAKE_BUILD_TYPE=Release']'
[0.223s] Level 5:colcon.colcon_core.verb:set package 'video_decode' build argument 'cmake_target' from command line to 'None'
[0.223s] Level 5:colcon.colcon_core.verb:set package 'video_decode' build argument 'cmake_target_skip_unavailable' from command line to 'False'
[0.223s] Level 5:colcon.colcon_core.verb:set package 'video_decode' build argument 'cmake_clean_cache' from command line to 'False'
[0.223s] Level 5:colcon.colcon_core.verb:set package 'video_decode' build argument 'cmake_clean_first' from command line to 'False'
[0.223s] Level 5:colcon.colcon_core.verb:set package 'video_decode' build argument 'cmake_force_configure' from command line to 'False'
[0.223s] Level 5:colcon.colcon_core.verb:set package 'video_decode' build argument 'ament_cmake_args' from command line to 'None'
[0.223s] Level 5:colcon.colcon_core.verb:set package 'video_decode' build argument 'catkin_cmake_args' from command line to 'None'
[0.223s] Level 5:colcon.colcon_core.verb:set package 'video_decode' build argument 'catkin_skip_building_tests' from command line to 'False'
[0.223s] DEBUG:colcon.colcon_core.verb:Building package 'video_decode' with the following arguments: {'ament_cmake_args': None, 'build_base': '/home/arty/Documents/video_ros2/build/video_decode', 'catkin_cmake_args': None, 'catkin_skip_building_tests': False, 'cmake_args': ['-DCMAKE_BUILD_TYPE=Release'], 'cmake_clean_cache': False, 'cmake_clean_first': False, 'cmake_force_configure': False, 'cmake_target': None, 'cmake_target_skip_unavailable': False, 'install_base': '/home/arty/Documents/video_ros2/install', 'merge_install': True, 'path': '/home/arty/Documents/video_ros2/src/video_decode', 'symlink_install': False, 'test_result_base': None}
[0.224s] Level 5:colcon.colcon_core.verb:set package 'video_ingest' build argument 'cmake_args' from command line to '['-DCMAKE_BUILD_TYPE=Release']'
[0.224s] Level 5:colcon.colcon_core.verb:set package 'video_ingest' build argument 'cmake_target' from command line to 'None'
[0.224s] Level 5:colcon.colcon_core.verb:set package 'video_ingest' build argument 'cmake_target_skip_unavailable' from command line to 'False'
[0.224s] Level 5:colcon.colcon_core.verb:set package 'video_ingest' build argument 'cmake_clean_cache' from command line to 'False'
[0.224s] Level 5:colcon.colcon_core.verb:set package 'video_ingest' build argument 'cmake_clean_first' from command line to 'False'
[0.224s] Level 5:colcon.colcon_core.verb:set package 'video_ingest' build argument 'cmake_force_configure' from command line to 'False'
[0.224s] Level 5:colcon.colcon_core.verb:set package 'video_ingest' build argument 'ament_cmake_args' from command line to 'None'
[0.224s] Level 5:colcon.colcon_core.verb:set package 'video_ingest' build argument 'catkin_cmake_args' from command line to 'None'
[0.224s] Level 5:colcon.colcon_core.verb:set package 'video_ingest' build argument 'catkin_skip_building_tests' from command line to 'False'
[0.224s] DEBUG:colcon.colcon_core.verb:Building package 'video_ingest' with the following arguments: {'ament_cmake_args': None, 'build_base': '/home/arty/Documents/video_ros2/build/video_ingest', 'catkin_cmake_args': None, 'catkin_skip_building_tests': False, 'cmake_args': ['-DCMAKE_BUILD_TYPE=Release'], 'cmake_clean_cache': False, 'cmake_clean_first': False, 'cmake_force_configure': False, 'cmake_target': None, 'cmake_target_skip_unavailable': False, 'install_base': '/home/arty/Documents/video_ros2/install', 'merge_install': True, 'path': '/home/arty/Documents/video_ros2/src/video_ingest', 'symlink_install': False, 'test_result_base': None}
[0.224s] INFO:colcon.colcon_core.executor:Executing jobs using 'parallel' executor
[0.225s] DEBUG:colcon.colcon_parallel_executor.executor.parallel:run_until_complete
[0.225s] INFO:colcon.colcon_ros.task.catkin.build:Building ROS package in '/home/arty/Documents/video_ros2/src/video_interfaces' with build type 'catkin'
[0.225s] INFO:colcon.colcon_cmake.task.cmake.build:Building CMake package in '/home/arty/Documents/video_ros2/src/video_interfaces'
[0.227s] INFO:colcon.colcon_core.plugin_system:Skipping extension 'colcon_core.shell.bat': Not used on non-Windows systems
[0.227s] INFO:colcon.colcon_core.shell:Skip shell extension 'powershell' for command environment: Not usable outside of PowerShell
[0.227s] DEBUG:colcon.colcon_core.shell:Skip shell extension 'dsv' for command environment
[0.230s] INFO:colcon.colcon_cmake.task.cmake.build:Building CMake package in '/home/arty/Documents/video_ros2/src/third_party_qmqtt/qmqtt'
[0.231s] INFO:colcon.colcon_core.shell:Skip shell extension 'powershell' for command environment: Not usable outside of PowerShell
[0.231s] DEBUG:colcon.colcon_core.shell:Skip shell extension 'dsv' for command environment
[0.232s] INFO:colcon.colcon_ros.task.catkin.build:Building ROS package in '/home/arty/Documents/video_ros2/src/video_viewer_qt' with build type 'catkin'
[0.232s] INFO:colcon.colcon_cmake.task.cmake.build:Building CMake package in '/home/arty/Documents/video_ros2/src/video_viewer_qt'
[0.233s] INFO:colcon.colcon_core.shell:Skip shell extension 'powershell' for command environment: Not usable outside of PowerShell
[0.233s] DEBUG:colcon.colcon_core.shell:Skip shell extension 'dsv' for command environment
[0.238s] DEBUG:colcon.colcon_core.event_handler.log_command:Invoking command in '/home/arty/Documents/video_ros2/build/video_interfaces': /usr/bin/cmake /home/arty/Documents/video_ros2/src/video_interfaces -DCMAKE_BUILD_TYPE=Release -DCATKIN_INSTALL_INTO_PREFIX_ROOT=0 -DCMAKE_INSTALL_PREFIX=/home/arty/Documents/video_ros2/install
[0.240s] DEBUG:colcon.colcon_core.event_handler.log_command:Invoking command in '/home/arty/Documents/video_ros2/build/qmqtt': /usr/bin/cmake /home/arty/Documents/video_ros2/src/third_party_qmqtt/qmqtt -DCMAKE_BUILD_TYPE=Release -DCMAKE_INSTALL_PREFIX=/home/arty/Documents/video_ros2/install
[0.243s] DEBUG:colcon.colcon_core.event_handler.log_command:Invoking command in '/home/arty/Documents/video_ros2/build/video_viewer_qt': /usr/bin/cmake /home/arty/Documents/video_ros2/src/video_viewer_qt -DCMAKE_BUILD_TYPE=Release -DCATKIN_INSTALL_INTO_PREFIX_ROOT=0 -DCMAKE_INSTALL_PREFIX=/home/arty/Documents/video_ros2/install
[0.773s] DEBUG:colcon.colcon_core.event_handler.log_command:Invoked command in '/home/arty/Documents/video_ros2/build/qmqtt' returned '0': /usr/bin/cmake /home/arty/Documents/video_ros2/src/third_party_qmqtt/qmqtt -DCMAKE_BUILD_TYPE=Release -DCMAKE_INSTALL_PREFIX=/home/arty/Documents/video_ros2/install
[0.774s] DEBUG:colcon.colcon_core.event_handler.log_command:Invoking command in '/home/arty/Documents/video_ros2/build/qmqtt': /usr/bin/cmake --build /home/arty/Documents/video_ros2/build/qmqtt -- -j16 -l16
[1.829s] DEBUG:colcon.colcon_core.event_handler.log_command:Invoked command in '/home/arty/Documents/video_ros2/build/video_viewer_qt' returned '0': /usr/bin/cmake /home/arty/Documents/video_ros2/src/video_viewer_qt -DCMAKE_BUILD_TYPE=Release -DCATKIN_INSTALL_INTO_PREFIX_ROOT=0 -DCMAKE_INSTALL_PREFIX=/home/arty/Documents/video_ros2/install
[1.829s] DEBUG:colcon.colcon_core.event_handler.log_command:Invoking command in '/home/arty/Documents/video_ros2/build/video_viewer_qt': /usr/bin/cmake --build /home/arty/Documents/video_ros2/build/video_viewer_qt -- -j16 -l16
[2.641s] DEBUG:colcon.colcon_core.event_handler.log_command:Invoked command in '/home/arty/Documents/video_ros2/build/video_interfaces' returned '0': /usr/bin/cmake /home/arty/Documents/video_ros2/src/video_interfaces -DCMAKE_BUILD_TYPE=Release -DCATKIN_INSTALL_INTO_PREFIX_ROOT=0 -DCMAKE_INSTALL_PREFIX=/home/arty/Documents/video_ros2/install
[2.642s] DEBUG:colcon.colcon_core.event_handler.log_command:Invoking command in '/home/arty/Documents/video_ros2/build/video_interfaces': /usr/bin/cmake --build /home/arty/Documents/video_ros2/build/video_interfaces -- -j16 -l16
[5.337s] DEBUG:colcon.colcon_core.event_handler.log_command:Invoked command in '/home/arty/Documents/video_ros2/build/qmqtt' returned '0': /usr/bin/cmake --build /home/arty/Documents/video_ros2/build/qmqtt -- -j16 -l16
[5.352s] DEBUG:colcon.colcon_core.event_handler.log_command:Invoking command in '/home/arty/Documents/video_ros2/build/qmqtt': /usr/bin/cmake --install /home/arty/Documents/video_ros2/build/qmqtt
[5.364s] Level 1:colcon.colcon_core.environment:create_environment_scripts_only(qmqtt)
[5.364s] DEBUG:colcon.colcon_core.event_handler.log_command:Invoked command in '/home/arty/Documents/video_ros2/build/qmqtt' returned '0': /usr/bin/cmake --install /home/arty/Documents/video_ros2/build/qmqtt
[5.367s] Level 1:colcon.colcon_core.environment:checking '/home/arty/Documents/video_ros2/install' for CMake module files
[5.367s] Level 1:colcon.colcon_core.environment:checking '/home/arty/Documents/video_ros2/install' for CMake config files
[5.368s] Level 1:colcon.colcon_core.shell:create_environment_hook('qmqtt', 'cmake_prefix_path')
[5.368s] INFO:colcon.colcon_core.shell:Creating environment hook '/home/arty/Documents/video_ros2/install/share/qmqtt/hook/cmake_prefix_path.ps1'
[5.369s] INFO:colcon.colcon_core.shell:Creating environment descriptor '/home/arty/Documents/video_ros2/install/share/qmqtt/hook/cmake_prefix_path.dsv'
[5.369s] INFO:colcon.colcon_core.shell:Creating environment hook '/home/arty/Documents/video_ros2/install/share/qmqtt/hook/cmake_prefix_path.sh'
[5.370s] Level 1:colcon.colcon_core.environment:checking '/home/arty/Documents/video_ros2/install/lib'
[5.371s] Level 1:colcon.colcon_core.shell:create_environment_hook('qmqtt', 'ld_library_path_lib')
[5.371s] INFO:colcon.colcon_core.shell:Creating environment hook '/home/arty/Documents/video_ros2/install/share/qmqtt/hook/ld_library_path_lib.ps1'
[5.371s] INFO:colcon.colcon_core.shell:Creating environment descriptor '/home/arty/Documents/video_ros2/install/share/qmqtt/hook/ld_library_path_lib.dsv'
[5.372s] INFO:colcon.colcon_core.shell:Creating environment hook '/home/arty/Documents/video_ros2/install/share/qmqtt/hook/ld_library_path_lib.sh'
[5.372s] Level 1:colcon.colcon_core.environment:checking '/home/arty/Documents/video_ros2/install/bin'
[5.372s] Level 1:colcon.colcon_core.environment:checking '/home/arty/Documents/video_ros2/install/lib/pkgconfig/qmqtt.pc'
[5.373s] Level 1:colcon.colcon_core.environment:checking '/home/arty/Documents/video_ros2/install/lib/python3.10/site-packages'
[5.373s] Level 1:colcon.colcon_core.environment:checking '/home/arty/Documents/video_ros2/install/bin'
[5.374s] INFO:colcon.colcon_core.shell:Creating package script '/home/arty/Documents/video_ros2/install/share/qmqtt/package.ps1'
[5.375s] INFO:colcon.colcon_core.shell:Creating package descriptor '/home/arty/Documents/video_ros2/install/share/qmqtt/package.dsv'
[5.376s] INFO:colcon.colcon_core.shell:Creating package script '/home/arty/Documents/video_ros2/install/share/qmqtt/package.sh'
[5.377s] INFO:colcon.colcon_core.shell:Creating package script '/home/arty/Documents/video_ros2/install/share/qmqtt/package.bash'
[5.378s] INFO:colcon.colcon_core.shell:Creating package script '/home/arty/Documents/video_ros2/install/share/qmqtt/package.zsh'
[5.379s] Level 1:colcon.colcon_core.environment:create_file_with_runtime_dependencies(/home/arty/Documents/video_ros2/install/share/colcon-core/packages/qmqtt)
[5.622s] DEBUG:colcon.colcon_core.event_handler.log_command:Invoked command in '/home/arty/Documents/video_ros2/build/video_interfaces' returned '0': /usr/bin/cmake --build /home/arty/Documents/video_ros2/build/video_interfaces -- -j16 -l16
[5.624s] DEBUG:colcon.colcon_core.event_handler.log_command:Invoking command in '/home/arty/Documents/video_ros2/build/video_interfaces': /usr/bin/cmake --install /home/arty/Documents/video_ros2/build/video_interfaces
[5.702s] DEBUG:colcon.colcon_core.event_handler.log_command:Invoked command in '/home/arty/Documents/video_ros2/build/video_interfaces' returned '0': /usr/bin/cmake --install /home/arty/Documents/video_ros2/build/video_interfaces
[5.702s] Level 1:colcon.colcon_core.shell:create_environment_hook('video_interfaces', 'ros_package_path')
[5.703s] INFO:colcon.colcon_core.shell:Creating environment hook '/home/arty/Documents/video_ros2/install/share/video_interfaces/hook/ros_package_path.ps1'
[5.703s] INFO:colcon.colcon_core.shell:Creating environment descriptor '/home/arty/Documents/video_ros2/install/share/video_interfaces/hook/ros_package_path.dsv'
[5.704s] INFO:colcon.colcon_core.shell:Creating environment hook '/home/arty/Documents/video_ros2/install/share/video_interfaces/hook/ros_package_path.sh'
[5.704s] Level 1:colcon.colcon_ros.task.catkin:checking '/home/arty/Documents/video_ros2/install/local/lib/python3.10/dist-packages'
[5.704s] Level 1:colcon.colcon_core.shell:create_environment_hook('video_interfaces', 'catkin_pythonpath')
[5.705s] INFO:colcon.colcon_core.shell:Creating environment hook '/home/arty/Documents/video_ros2/install/share/video_interfaces/hook/catkin_pythonpath.ps1'
[5.705s] INFO:colcon.colcon_core.shell:Creating environment descriptor '/home/arty/Documents/video_ros2/install/share/video_interfaces/hook/catkin_pythonpath.dsv'
[5.706s] INFO:colcon.colcon_core.shell:Creating environment hook '/home/arty/Documents/video_ros2/install/share/video_interfaces/hook/catkin_pythonpath.sh'
[5.706s] Level 1:colcon.colcon_core.shell:create_environment_hook('video_interfaces', 'pkg_config_path')
[5.706s] INFO:colcon.colcon_core.shell:Creating environment hook '/home/arty/Documents/video_ros2/install/share/video_interfaces/hook/pkg_config_path.ps1'
[5.707s] INFO:colcon.colcon_core.shell:Creating environment descriptor '/home/arty/Documents/video_ros2/install/share/video_interfaces/hook/pkg_config_path.dsv'
[5.707s] INFO:colcon.colcon_core.shell:Creating environment hook '/home/arty/Documents/video_ros2/install/share/video_interfaces/hook/pkg_config_path.sh'
[5.709s] Level 1:colcon.colcon_core.shell:create_environment_hook('video_interfaces', 'pkg_config_path_multiarch')
[5.709s] INFO:colcon.colcon_core.shell:Creating environment hook '/home/arty/Documents/video_ros2/install/share/video_interfaces/hook/pkg_config_path_multiarch.ps1'
[5.710s] INFO:colcon.colcon_core.shell:Creating environment descriptor '/home/arty/Documents/video_ros2/install/share/video_interfaces/hook/pkg_config_path_multiarch.dsv'
[5.710s] INFO:colcon.colcon_core.shell:Creating environment hook '/home/arty/Documents/video_ros2/install/share/video_interfaces/hook/pkg_config_path_multiarch.sh'
[5.711s] Level 1:colcon.colcon_core.environment:create_environment_scripts_only(video_interfaces)
[5.712s] Level 1:colcon.colcon_core.environment:checking '/home/arty/Documents/video_ros2/install' for CMake module files
[5.713s] Level 1:colcon.colcon_core.environment:checking '/home/arty/Documents/video_ros2/install' for CMake config files
[5.713s] Level 1:colcon.colcon_core.shell:create_environment_hook('video_interfaces', 'cmake_prefix_path')
[5.714s] INFO:colcon.colcon_core.shell:Creating environment hook '/home/arty/Documents/video_ros2/install/share/video_interfaces/hook/cmake_prefix_path.ps1'
[5.714s] INFO:colcon.colcon_core.shell:Creating environment descriptor '/home/arty/Documents/video_ros2/install/share/video_interfaces/hook/cmake_prefix_path.dsv'
[5.715s] INFO:colcon.colcon_core.shell:Creating environment hook '/home/arty/Documents/video_ros2/install/share/video_interfaces/hook/cmake_prefix_path.sh'
[5.716s] Level 1:colcon.colcon_core.environment:checking '/home/arty/Documents/video_ros2/install/lib'
[5.716s] Level 1:colcon.colcon_core.shell:create_environment_hook('video_interfaces', 'ld_library_path_lib')
[5.716s] INFO:colcon.colcon_core.shell:Creating environment hook '/home/arty/Documents/video_ros2/install/share/video_interfaces/hook/ld_library_path_lib.ps1'
[5.717s] INFO:colcon.colcon_core.shell:Creating environment descriptor '/home/arty/Documents/video_ros2/install/share/video_interfaces/hook/ld_library_path_lib.dsv'
[5.717s] INFO:colcon.colcon_core.shell:Creating environment hook '/home/arty/Documents/video_ros2/install/share/video_interfaces/hook/ld_library_path_lib.sh'
[5.717s] Level 1:colcon.colcon_core.environment:checking '/home/arty/Documents/video_ros2/install/bin'
[5.718s] Level 1:colcon.colcon_core.environment:checking '/home/arty/Documents/video_ros2/install/lib/pkgconfig/video_interfaces.pc'
[5.718s] Level 1:colcon.colcon_core.environment:checking '/home/arty/Documents/video_ros2/install/lib/python3.10/site-packages'
[5.718s] Level 1:colcon.colcon_core.environment:checking '/home/arty/Documents/video_ros2/install/bin'
[5.719s] INFO:colcon.colcon_core.shell:Creating package script '/home/arty/Documents/video_ros2/install/share/video_interfaces/package.ps1'
[5.720s] INFO:colcon.colcon_core.shell:Creating package descriptor '/home/arty/Documents/video_ros2/install/share/video_interfaces/package.dsv'
[5.721s] INFO:colcon.colcon_core.shell:Creating package script '/home/arty/Documents/video_ros2/install/share/video_interfaces/package.sh'
[5.721s] INFO:colcon.colcon_core.shell:Creating package script '/home/arty/Documents/video_ros2/install/share/video_interfaces/package.bash'
[5.722s] INFO:colcon.colcon_core.shell:Creating package script '/home/arty/Documents/video_ros2/install/share/video_interfaces/package.zsh'
[5.722s] Level 1:colcon.colcon_core.environment:create_file_with_runtime_dependencies(/home/arty/Documents/video_ros2/install/share/colcon-core/packages/video_interfaces)
[5.723s] INFO:colcon.colcon_ros.task.catkin.build:Building ROS package in '/home/arty/Documents/video_ros2/src/custom_byteblock' with build type 'catkin'
[5.723s] INFO:colcon.colcon_cmake.task.cmake.build:Building CMake package in '/home/arty/Documents/video_ros2/src/custom_byteblock'
[5.723s] INFO:colcon.colcon_core.shell:Skip shell extension 'powershell' for command environment: Not usable outside of PowerShell
[5.723s] DEBUG:colcon.colcon_core.shell:Skip shell extension 'dsv' for command environment
[5.728s] INFO:colcon.colcon_ros.task.catkin.build:Building ROS package in '/home/arty/Documents/video_ros2/src/mqtt_bridge' with build type 'catkin'
[5.728s] INFO:colcon.colcon_cmake.task.cmake.build:Building CMake package in '/home/arty/Documents/video_ros2/src/mqtt_bridge'
[5.728s] INFO:colcon.colcon_core.shell:Skip shell extension 'powershell' for command environment: Not usable outside of PowerShell
[5.728s] DEBUG:colcon.colcon_core.shell:Skip shell extension 'dsv' for command environment
[5.731s] INFO:colcon.colcon_ros.task.catkin.build:Building ROS package in '/home/arty/Documents/video_ros2/src/video_decode' with build type 'catkin'
[5.731s] INFO:colcon.colcon_cmake.task.cmake.build:Building CMake package in '/home/arty/Documents/video_ros2/src/video_decode'
[5.732s] INFO:colcon.colcon_core.shell:Skip shell extension 'powershell' for command environment: Not usable outside of PowerShell
[5.732s] DEBUG:colcon.colcon_core.shell:Skip shell extension 'dsv' for command environment
[5.735s] INFO:colcon.colcon_ros.task.catkin.build:Building ROS package in '/home/arty/Documents/video_ros2/src/video_ingest' with build type 'catkin'
[5.735s] INFO:colcon.colcon_cmake.task.cmake.build:Building CMake package in '/home/arty/Documents/video_ros2/src/video_ingest'
[5.735s] INFO:colcon.colcon_core.shell:Skip shell extension 'powershell' for command environment: Not usable outside of PowerShell
[5.736s] DEBUG:colcon.colcon_core.shell:Skip shell extension 'dsv' for command environment
[5.742s] DEBUG:colcon.colcon_core.event_handler.log_command:Invoking command in '/home/arty/Documents/video_ros2/build/custom_byteblock': CMAKE_PREFIX_PATH=/home/arty/Documents/video_ros2/install LD_LIBRARY_PATH=/home/arty/Documents/video_ros2/install/lib:${LD_LIBRARY_PATH} PKG_CONFIG_PATH=/home/arty/Documents/video_ros2/install/lib/x86_64-linux-gnu/pkgconfig:/home/arty/Documents/video_ros2/install/lib/pkgconfig PYTHONPATH=/home/arty/Documents/video_ros2/install/local/lib/python3.10/dist-packages:${PYTHONPATH} ROS_PACKAGE_PATH=/home/arty/Documents/video_ros2/install/share /usr/bin/cmake /home/arty/Documents/video_ros2/src/custom_byteblock -DCMAKE_BUILD_TYPE=Release -DCATKIN_INSTALL_INTO_PREFIX_ROOT=0 -DCMAKE_INSTALL_PREFIX=/home/arty/Documents/video_ros2/install
[5.744s] DEBUG:colcon.colcon_core.event_handler.log_command:Invoking command in '/home/arty/Documents/video_ros2/build/mqtt_bridge': CMAKE_PREFIX_PATH=/home/arty/Documents/video_ros2/install LD_LIBRARY_PATH=/home/arty/Documents/video_ros2/install/lib:${LD_LIBRARY_PATH} PKG_CONFIG_PATH=/home/arty/Documents/video_ros2/install/lib/x86_64-linux-gnu/pkgconfig:/home/arty/Documents/video_ros2/install/lib/pkgconfig PYTHONPATH=/home/arty/Documents/video_ros2/install/local/lib/python3.10/dist-packages:${PYTHONPATH} ROS_PACKAGE_PATH=/home/arty/Documents/video_ros2/install/share /usr/bin/cmake /home/arty/Documents/video_ros2/src/mqtt_bridge -DCMAKE_BUILD_TYPE=Release -DCATKIN_INSTALL_INTO_PREFIX_ROOT=0 -DCMAKE_INSTALL_PREFIX=/home/arty/Documents/video_ros2/install
[5.747s] DEBUG:colcon.colcon_core.event_handler.log_command:Invoking command in '/home/arty/Documents/video_ros2/build/video_decode': CMAKE_PREFIX_PATH=/home/arty/Documents/video_ros2/install LD_LIBRARY_PATH=/home/arty/Documents/video_ros2/install/lib:${LD_LIBRARY_PATH} PKG_CONFIG_PATH=/home/arty/Documents/video_ros2/install/lib/x86_64-linux-gnu/pkgconfig:/home/arty/Documents/video_ros2/install/lib/pkgconfig PYTHONPATH=/home/arty/Documents/video_ros2/install/local/lib/python3.10/dist-packages:${PYTHONPATH} ROS_PACKAGE_PATH=/home/arty/Documents/video_ros2/install/share /usr/bin/cmake /home/arty/Documents/video_ros2/src/video_decode -DCMAKE_BUILD_TYPE=Release -DCATKIN_INSTALL_INTO_PREFIX_ROOT=0 -DCMAKE_INSTALL_PREFIX=/home/arty/Documents/video_ros2/install
[5.749s] DEBUG:colcon.colcon_core.event_handler.log_command:Invoking command in '/home/arty/Documents/video_ros2/build/video_ingest': CMAKE_PREFIX_PATH=/home/arty/Documents/video_ros2/install LD_LIBRARY_PATH=/home/arty/Documents/video_ros2/install/lib:${LD_LIBRARY_PATH} PKG_CONFIG_PATH=/home/arty/Documents/video_ros2/install/lib/x86_64-linux-gnu/pkgconfig:/home/arty/Documents/video_ros2/install/lib/pkgconfig PYTHONPATH=/home/arty/Documents/video_ros2/install/local/lib/python3.10/dist-packages:${PYTHONPATH} ROS_PACKAGE_PATH=/home/arty/Documents/video_ros2/install/share /usr/bin/cmake /home/arty/Documents/video_ros2/src/video_ingest -DCMAKE_BUILD_TYPE=Release -DCATKIN_INSTALL_INTO_PREFIX_ROOT=0 -DCMAKE_INSTALL_PREFIX=/home/arty/Documents/video_ros2/install
[6.954s] DEBUG:colcon.colcon_core.event_handler.log_command:Invoked command in '/home/arty/Documents/video_ros2/build/custom_byteblock' returned '0': CMAKE_PREFIX_PATH=/home/arty/Documents/video_ros2/install LD_LIBRARY_PATH=/home/arty/Documents/video_ros2/install/lib:${LD_LIBRARY_PATH} PKG_CONFIG_PATH=/home/arty/Documents/video_ros2/install/lib/x86_64-linux-gnu/pkgconfig:/home/arty/Documents/video_ros2/install/lib/pkgconfig PYTHONPATH=/home/arty/Documents/video_ros2/install/local/lib/python3.10/dist-packages:${PYTHONPATH} ROS_PACKAGE_PATH=/home/arty/Documents/video_ros2/install/share /usr/bin/cmake /home/arty/Documents/video_ros2/src/custom_byteblock -DCMAKE_BUILD_TYPE=Release -DCATKIN_INSTALL_INTO_PREFIX_ROOT=0 -DCMAKE_INSTALL_PREFIX=/home/arty/Documents/video_ros2/install
[6.956s] DEBUG:colcon.colcon_core.event_handler.log_command:Invoking command in '/home/arty/Documents/video_ros2/build/custom_byteblock': CMAKE_PREFIX_PATH=/home/arty/Documents/video_ros2/install LD_LIBRARY_PATH=/home/arty/Documents/video_ros2/install/lib:${LD_LIBRARY_PATH} PKG_CONFIG_PATH=/home/arty/Documents/video_ros2/install/lib/x86_64-linux-gnu/pkgconfig:/home/arty/Documents/video_ros2/install/lib/pkgconfig PYTHONPATH=/home/arty/Documents/video_ros2/install/local/lib/python3.10/dist-packages:${PYTHONPATH} ROS_PACKAGE_PATH=/home/arty/Documents/video_ros2/install/share /usr/bin/cmake --build /home/arty/Documents/video_ros2/build/custom_byteblock -- -j16 -l16
[7.180s] DEBUG:colcon.colcon_core.event_handler.log_command:Invoked command in '/home/arty/Documents/video_ros2/build/video_ingest' returned '0': CMAKE_PREFIX_PATH=/home/arty/Documents/video_ros2/install LD_LIBRARY_PATH=/home/arty/Documents/video_ros2/install/lib:${LD_LIBRARY_PATH} PKG_CONFIG_PATH=/home/arty/Documents/video_ros2/install/lib/x86_64-linux-gnu/pkgconfig:/home/arty/Documents/video_ros2/install/lib/pkgconfig PYTHONPATH=/home/arty/Documents/video_ros2/install/local/lib/python3.10/dist-packages:${PYTHONPATH} ROS_PACKAGE_PATH=/home/arty/Documents/video_ros2/install/share /usr/bin/cmake /home/arty/Documents/video_ros2/src/video_ingest -DCMAKE_BUILD_TYPE=Release -DCATKIN_INSTALL_INTO_PREFIX_ROOT=0 -DCMAKE_INSTALL_PREFIX=/home/arty/Documents/video_ros2/install
[7.183s] DEBUG:colcon.colcon_core.event_handler.log_command:Invoking command in '/home/arty/Documents/video_ros2/build/video_ingest': CMAKE_PREFIX_PATH=/home/arty/Documents/video_ros2/install LD_LIBRARY_PATH=/home/arty/Documents/video_ros2/install/lib:${LD_LIBRARY_PATH} PKG_CONFIG_PATH=/home/arty/Documents/video_ros2/install/lib/x86_64-linux-gnu/pkgconfig:/home/arty/Documents/video_ros2/install/lib/pkgconfig PYTHONPATH=/home/arty/Documents/video_ros2/install/local/lib/python3.10/dist-packages:${PYTHONPATH} ROS_PACKAGE_PATH=/home/arty/Documents/video_ros2/install/share /usr/bin/cmake --build /home/arty/Documents/video_ros2/build/video_ingest -- -j16 -l16
[7.248s] DEBUG:colcon.colcon_core.event_handler.log_command:Invoked command in '/home/arty/Documents/video_ros2/build/video_decode' returned '0': CMAKE_PREFIX_PATH=/home/arty/Documents/video_ros2/install LD_LIBRARY_PATH=/home/arty/Documents/video_ros2/install/lib:${LD_LIBRARY_PATH} PKG_CONFIG_PATH=/home/arty/Documents/video_ros2/install/lib/x86_64-linux-gnu/pkgconfig:/home/arty/Documents/video_ros2/install/lib/pkgconfig PYTHONPATH=/home/arty/Documents/video_ros2/install/local/lib/python3.10/dist-packages:${PYTHONPATH} ROS_PACKAGE_PATH=/home/arty/Documents/video_ros2/install/share /usr/bin/cmake /home/arty/Documents/video_ros2/src/video_decode -DCMAKE_BUILD_TYPE=Release -DCATKIN_INSTALL_INTO_PREFIX_ROOT=0 -DCMAKE_INSTALL_PREFIX=/home/arty/Documents/video_ros2/install
[7.250s] DEBUG:colcon.colcon_core.event_handler.log_command:Invoking command in '/home/arty/Documents/video_ros2/build/video_decode': CMAKE_PREFIX_PATH=/home/arty/Documents/video_ros2/install LD_LIBRARY_PATH=/home/arty/Documents/video_ros2/install/lib:${LD_LIBRARY_PATH} PKG_CONFIG_PATH=/home/arty/Documents/video_ros2/install/lib/x86_64-linux-gnu/pkgconfig:/home/arty/Documents/video_ros2/install/lib/pkgconfig PYTHONPATH=/home/arty/Documents/video_ros2/install/local/lib/python3.10/dist-packages:${PYTHONPATH} ROS_PACKAGE_PATH=/home/arty/Documents/video_ros2/install/share /usr/bin/cmake --build /home/arty/Documents/video_ros2/build/video_decode -- -j16 -l16
[7.302s] DEBUG:colcon.colcon_core.event_handler.log_command:Invoked command in '/home/arty/Documents/video_ros2/build/mqtt_bridge' returned '0': CMAKE_PREFIX_PATH=/home/arty/Documents/video_ros2/install LD_LIBRARY_PATH=/home/arty/Documents/video_ros2/install/lib:${LD_LIBRARY_PATH} PKG_CONFIG_PATH=/home/arty/Documents/video_ros2/install/lib/x86_64-linux-gnu/pkgconfig:/home/arty/Documents/video_ros2/install/lib/pkgconfig PYTHONPATH=/home/arty/Documents/video_ros2/install/local/lib/python3.10/dist-packages:${PYTHONPATH} ROS_PACKAGE_PATH=/home/arty/Documents/video_ros2/install/share /usr/bin/cmake /home/arty/Documents/video_ros2/src/mqtt_bridge -DCMAKE_BUILD_TYPE=Release -DCATKIN_INSTALL_INTO_PREFIX_ROOT=0 -DCMAKE_INSTALL_PREFIX=/home/arty/Documents/video_ros2/install
[7.305s] DEBUG:colcon.colcon_core.event_handler.log_command:Invoking command in '/home/arty/Documents/video_ros2/build/mqtt_bridge': CMAKE_PREFIX_PATH=/home/arty/Documents/video_ros2/install LD_LIBRARY_PATH=/home/arty/Documents/video_ros2/install/lib:${LD_LIBRARY_PATH} PKG_CONFIG_PATH=/home/arty/Documents/video_ros2/install/lib/x86_64-linux-gnu/pkgconfig:/home/arty/Documents/video_ros2/install/lib/pkgconfig PYTHONPATH=/home/arty/Documents/video_ros2/install/local/lib/python3.10/dist-packages:${PYTHONPATH} ROS_PACKAGE_PATH=/home/arty/Documents/video_ros2/install/share /usr/bin/cmake --build /home/arty/Documents/video_ros2/build/mqtt_bridge -- -j16 -l16
[15.720s] DEBUG:colcon.colcon_core.event_handler.log_command:Invoked command in '/home/arty/Documents/video_ros2/build/custom_byteblock' returned '2': CMAKE_PREFIX_PATH=/home/arty/Documents/video_ros2/install LD_LIBRARY_PATH=/home/arty/Documents/video_ros2/install/lib:${LD_LIBRARY_PATH} PKG_CONFIG_PATH=/home/arty/Documents/video_ros2/install/lib/x86_64-linux-gnu/pkgconfig:/home/arty/Documents/video_ros2/install/lib/pkgconfig PYTHONPATH=/home/arty/Documents/video_ros2/install/local/lib/python3.10/dist-packages:${PYTHONPATH} ROS_PACKAGE_PATH=/home/arty/Documents/video_ros2/install/share /usr/bin/cmake --build /home/arty/Documents/video_ros2/build/custom_byteblock -- -j16 -l16
[15.721s] Level 1:colcon.colcon_core.shell:create_environment_hook('custom_byteblock', 'ros_package_path')
[15.721s] INFO:colcon.colcon_core.shell:Creating environment hook '/home/arty/Documents/video_ros2/install/share/custom_byteblock/hook/ros_package_path.ps1'
[15.722s] INFO:colcon.colcon_core.shell:Creating environment descriptor '/home/arty/Documents/video_ros2/install/share/custom_byteblock/hook/ros_package_path.dsv'
[15.723s] INFO:colcon.colcon_core.shell:Creating environment hook '/home/arty/Documents/video_ros2/install/share/custom_byteblock/hook/ros_package_path.sh'
[15.724s] Level 1:colcon.colcon_core.shell:create_environment_hook('custom_byteblock', 'pkg_config_path')
[15.724s] INFO:colcon.colcon_core.shell:Creating environment hook '/home/arty/Documents/video_ros2/install/share/custom_byteblock/hook/pkg_config_path.ps1'
[15.725s] INFO:colcon.colcon_core.shell:Creating environment descriptor '/home/arty/Documents/video_ros2/install/share/custom_byteblock/hook/pkg_config_path.dsv'
[15.725s] INFO:colcon.colcon_core.shell:Creating environment hook '/home/arty/Documents/video_ros2/install/share/custom_byteblock/hook/pkg_config_path.sh'
[15.726s] Level 1:colcon.colcon_core.shell:create_environment_hook('custom_byteblock', 'pkg_config_path_multiarch')
[15.726s] INFO:colcon.colcon_core.shell:Creating environment hook '/home/arty/Documents/video_ros2/install/share/custom_byteblock/hook/pkg_config_path_multiarch.ps1'
[15.726s] INFO:colcon.colcon_core.shell:Creating environment descriptor '/home/arty/Documents/video_ros2/install/share/custom_byteblock/hook/pkg_config_path_multiarch.dsv'
[15.727s] INFO:colcon.colcon_core.shell:Creating environment hook '/home/arty/Documents/video_ros2/install/share/custom_byteblock/hook/pkg_config_path_multiarch.sh'
[15.728s] Level 1:colcon.colcon_core.environment:create_environment_scripts_only(custom_byteblock)
[15.728s] Level 1:colcon.colcon_core.environment:checking '/home/arty/Documents/video_ros2/install' for CMake module files
[15.729s] Level 1:colcon.colcon_core.environment:checking '/home/arty/Documents/video_ros2/install' for CMake config files
[15.730s] Level 1:colcon.colcon_core.shell:create_environment_hook('custom_byteblock', 'cmake_prefix_path')
[15.730s] INFO:colcon.colcon_core.shell:Creating environment hook '/home/arty/Documents/video_ros2/install/share/custom_byteblock/hook/cmake_prefix_path.ps1'
[15.731s] INFO:colcon.colcon_core.shell:Creating environment descriptor '/home/arty/Documents/video_ros2/install/share/custom_byteblock/hook/cmake_prefix_path.dsv'
[15.732s] INFO:colcon.colcon_core.shell:Creating environment hook '/home/arty/Documents/video_ros2/install/share/custom_byteblock/hook/cmake_prefix_path.sh'
[15.733s] Level 1:colcon.colcon_core.environment:checking '/home/arty/Documents/video_ros2/install/lib'
[15.733s] Level 1:colcon.colcon_core.shell:create_environment_hook('custom_byteblock', 'ld_library_path_lib')
[15.733s] INFO:colcon.colcon_core.shell:Creating environment hook '/home/arty/Documents/video_ros2/install/share/custom_byteblock/hook/ld_library_path_lib.ps1'
[15.734s] INFO:colcon.colcon_core.shell:Creating environment descriptor '/home/arty/Documents/video_ros2/install/share/custom_byteblock/hook/ld_library_path_lib.dsv'
[15.734s] INFO:colcon.colcon_core.shell:Creating environment hook '/home/arty/Documents/video_ros2/install/share/custom_byteblock/hook/ld_library_path_lib.sh'
[15.734s] Level 1:colcon.colcon_core.environment:checking '/home/arty/Documents/video_ros2/install/bin'
[15.735s] Level 1:colcon.colcon_core.environment:checking '/home/arty/Documents/video_ros2/install/lib/pkgconfig/custom_byteblock.pc'
[15.735s] Level 1:colcon.colcon_core.environment:checking '/home/arty/Documents/video_ros2/install/lib/python3.10/site-packages'
[15.735s] Level 1:colcon.colcon_core.environment:checking '/home/arty/Documents/video_ros2/install/bin'
[15.736s] INFO:colcon.colcon_core.shell:Creating package script '/home/arty/Documents/video_ros2/install/share/custom_byteblock/package.ps1'
[15.737s] INFO:colcon.colcon_core.shell:Creating package descriptor '/home/arty/Documents/video_ros2/install/share/custom_byteblock/package.dsv'
[15.738s] INFO:colcon.colcon_core.shell:Creating package script '/home/arty/Documents/video_ros2/install/share/custom_byteblock/package.sh'
[15.738s] INFO:colcon.colcon_core.shell:Creating package script '/home/arty/Documents/video_ros2/install/share/custom_byteblock/package.bash'
[15.739s] INFO:colcon.colcon_core.shell:Creating package script '/home/arty/Documents/video_ros2/install/share/custom_byteblock/package.zsh'
[15.739s] Level 1:colcon.colcon_core.environment:create_file_with_runtime_dependencies(/home/arty/Documents/video_ros2/install/share/colcon-core/packages/custom_byteblock)
[21.821s] DEBUG:colcon.colcon_parallel_executor.executor.parallel:closing loop
[21.821s] DEBUG:colcon.colcon_parallel_executor.executor.parallel:loop closed
[21.821s] DEBUG:colcon.colcon_parallel_executor.executor.parallel:run_until_complete finished with '2'
[21.822s] DEBUG:colcon.colcon_core.event_reactor:joining thread
[21.834s] INFO:colcon.colcon_core.plugin_system:Skipping extension 'colcon_notification.desktop_notification.terminal_notifier': Not used on non-Darwin systems
[21.834s] INFO:colcon.colcon_core.plugin_system:Skipping extension 'colcon_notification.desktop_notification.win32': Not used on non-Windows systems
[21.834s] INFO:colcon.colcon_notification.desktop_notification:Sending desktop notification using 'notify2'
[21.834s] DEBUG:colcon.colcon_notification.desktop_notification.notify2:Failed to initialize notify2: org.freedesktop.DBus.Error.AccessDenied: Failed to connect to socket /run/user/1000/bus: Operation not permitted
[21.835s] DEBUG:colcon.colcon_core.event_reactor:joined thread
[21.835s] INFO:colcon.colcon_core.shell:Creating prefix script '/home/arty/Documents/video_ros2/install/local_setup.ps1'
[21.838s] INFO:colcon.colcon_core.shell:Creating prefix util module '/home/arty/Documents/video_ros2/install/_local_setup_util_ps1.py'
[21.840s] INFO:colcon.colcon_core.shell:Creating prefix chain script '/home/arty/Documents/video_ros2/install/setup.ps1'
[21.843s] INFO:colcon.colcon_core.shell:Creating prefix script '/home/arty/Documents/video_ros2/install/local_setup.sh'
[21.844s] INFO:colcon.colcon_core.shell:Creating prefix util module '/home/arty/Documents/video_ros2/install/_local_setup_util_sh.py'
[21.845s] INFO:colcon.colcon_core.shell:Creating prefix chain script '/home/arty/Documents/video_ros2/install/setup.sh'
[21.847s] INFO:colcon.colcon_core.shell:Creating prefix script '/home/arty/Documents/video_ros2/install/local_setup.bash'
[21.848s] INFO:colcon.colcon_core.shell:Creating prefix chain script '/home/arty/Documents/video_ros2/install/setup.bash'
[21.849s] INFO:colcon.colcon_core.shell:Creating prefix script '/home/arty/Documents/video_ros2/install/local_setup.zsh'
[21.850s] INFO:colcon.colcon_core.shell:Creating prefix chain script '/home/arty/Documents/video_ros2/install/setup.zsh'
