[0.010s] Invoking command in '/home/arty/Documents/video_ros2/build/video_viewer_qt': /usr/bin/cmake --build /home/arty/Documents/video_ros2/build/video_viewer_qt -- -j16 -l16
[0.039s] -- Found ament_cmake: 1.3.14 (/opt/ros/humble/share/ament_cmake/cmake)
[0.198s] -- Found rclcpp: 16.0.19 (/opt/ros/humble/share/rclcpp/cmake)
[0.222s] -- Found rosidl_generator_c: 3.1.8 (/opt/ros/humble/share/rosidl_generator_c/cmake)
[0.224s] -- Found rosidl_adapter: 3.1.8 (/opt/ros/humble/share/rosidl_adapter/cmake)
[0.229s] -- Found rosidl_generator_cpp: 3.1.8 (/opt/ros/humble/share/rosidl_generator_cpp/cmake)
[0.236s] -- Using all available rosidl_typesupport_c: rosidl_typesupport_fastrtps_c;rosidl_typesupport_introspection_c
[0.247s] -- Using all available rosidl_typesupport_cpp: rosidl_typesupport_fastrtps_cpp;rosidl_typesupport_introspection_cpp
[0.277s] -- Found rmw_implementation_cmake: 6.1.2 (/opt/ros/humble/share/rmw_implementation_cmake/cmake)
[0.278s] -- Found rmw_fastrtps_cpp: 6.2.10 (/opt/ros/humble/share/rmw_fastrtps_cpp/cmake)
[0.377s] -- Using RMW implementation 'rmw_fastrtps_cpp' as default
[0.436s] -- Found sensor_msgs: 4.9.1 (/opt/ros/humble/share/sensor_msgs/cmake)
[0.673s] -- Configuring done
[0.712s] -- Generating done
[0.722s] -- Build files have been written to: /home/arty/Documents/video_ros2/build/video_viewer_qt
[0.800s] [ 12%] Automatic MOC for target video_viewer_qt
[1.246s] [ 12%] Built target video_viewer_qt_autogen
[1.272s] [ 25%] Automatic RCC for src/qml.qrc
[1.314s] Consolidate compiler generated dependencies of target video_viewer_qt
[1.334s] [ 37%] Building CXX object CMakeFiles/video_viewer_qt.dir/video_viewer_qt_autogen/mocs_compilation.cpp.o
[5.859s] [ 50%] Building CXX object CMakeFiles/video_viewer_qt.dir/video_viewer_qt_autogen/UVLADIE3JM/qrc_qml.cpp.o
[5.894s] [ 62%] Building CXX object CMakeFiles/video_viewer_qt.dir/src/viewer_image_provider.cpp.o
[10.283s] [ 75%] Building CXX object CMakeFiles/video_viewer_qt.dir/src/viewer_backend.cpp.o
[24.387s] [ 87%] Building CXX object CMakeFiles/video_viewer_qt.dir/src/main.cpp.o
[28.125s] [100%] Linking CXX executable video_viewer_qt
[29.646s] [100%] Built target video_viewer_qt
[29.669s] Invoked command in '/home/arty/Documents/video_ros2/build/video_viewer_qt' returned '0': /usr/bin/cmake --build /home/arty/Documents/video_ros2/build/video_viewer_qt -- -j16 -l16
[29.671s] Invoking command in '/home/arty/Documents/video_ros2/build/video_viewer_qt': /usr/bin/cmake --install /home/arty/Documents/video_ros2/build/video_viewer_qt
[29.686s] -- Install configuration: "Release"
[29.686s] -- Installing: /home/arty/Documents/video_ros2/install/lib/video_viewer_qt/video_viewer_qt
[29.688s] -- Set runtime path of "/home/arty/Documents/video_ros2/install/lib/video_viewer_qt/video_viewer_qt" to ""
[29.689s] -- Installing: /home/arty/Documents/video_ros2/install/share/ament_index/resource_index/package_run_dependencies/video_viewer_qt
[29.689s] -- Up-to-date: /home/arty/Documents/video_ros2/install/share/ament_index/resource_index/parent_prefix_path/video_viewer_qt
[29.689s] -- Up-to-date: /home/arty/Documents/video_ros2/install/share/video_viewer_qt/environment/ament_prefix_path.sh
[29.689s] -- Installing: /home/arty/Documents/video_ros2/install/share/video_viewer_qt/environment/ament_prefix_path.dsv
[29.689s] -- Up-to-date: /home/arty/Documents/video_ros2/install/share/video_viewer_qt/environment/path.sh
[29.689s] -- Installing: /home/arty/Documents/video_ros2/install/share/video_viewer_qt/environment/path.dsv
[29.689s] -- Up-to-date: /home/arty/Documents/video_ros2/install/share/video_viewer_qt/local_setup.bash
[29.689s] -- Up-to-date: /home/arty/Documents/video_ros2/install/share/video_viewer_qt/local_setup.sh
[29.689s] -- Up-to-date: /home/arty/Documents/video_ros2/install/share/video_viewer_qt/local_setup.zsh
[29.689s] -- Installing: /home/arty/Documents/video_ros2/install/share/video_viewer_qt/local_setup.dsv
[29.690s] -- Installing: /home/arty/Documents/video_ros2/install/share/video_viewer_qt/package.dsv
[29.690s] -- Up-to-date: /home/arty/Documents/video_ros2/install/share/ament_index/resource_index/packages/video_viewer_qt
[29.690s] -- Up-to-date: /home/arty/Documents/video_ros2/install/share/video_viewer_qt/cmake/video_viewer_qtConfig.cmake
[29.690s] -- Up-to-date: /home/arty/Documents/video_ros2/install/share/video_viewer_qt/cmake/video_viewer_qtConfig-version.cmake
[29.690s] -- Installing: /home/arty/Documents/video_ros2/install/share/video_viewer_qt/package.xml
[29.692s] Invoked command in '/home/arty/Documents/video_ros2/build/video_viewer_qt' returned '0': /usr/bin/cmake --install /home/arty/Documents/video_ros2/build/video_viewer_qt
