[0.012s] Invoking command in '/home/arty/Documents/video_ros2/build/video_viewer_qt': /usr/bin/cmake --build /home/arty/Documents/video_ros2/build/video_viewer_qt -- -j16 -l16
[0.044s] -- Found ament_cmake: 1.3.14 (/opt/ros/humble/share/ament_cmake/cmake)
[0.150s] -- Found rclcpp: 16.0.19 (/opt/ros/humble/share/rclcpp/cmake)
[0.172s] -- Found rosidl_generator_c: 3.1.8 (/opt/ros/humble/share/rosidl_generator_c/cmake)
[0.173s] -- Found rosidl_adapter: 3.1.8 (/opt/ros/humble/share/rosidl_adapter/cmake)
[0.177s] -- Found rosidl_generator_cpp: 3.1.8 (/opt/ros/humble/share/rosidl_generator_cpp/cmake)
[0.183s] -- Using all available rosidl_typesupport_c: rosidl_typesupport_fastrtps_c;rosidl_typesupport_introspection_c
[0.190s] -- Using all available rosidl_typesupport_cpp: rosidl_typesupport_fastrtps_cpp;rosidl_typesupport_introspection_cpp
[0.214s] -- Found rmw_implementation_cmake: 6.1.2 (/opt/ros/humble/share/rmw_implementation_cmake/cmake)
[0.215s] -- Found rmw_fastrtps_cpp: 6.2.10 (/opt/ros/humble/share/rmw_fastrtps_cpp/cmake)
[0.310s] -- Using RMW implementation 'rmw_fastrtps_cpp' as default
[0.358s] -- Found sensor_msgs: 4.9.1 (/opt/ros/humble/share/sensor_msgs/cmake)
[0.383s] -- Found video_interfaces: 0.1.0 (/home/arty/Documents/video_ros2/install/share/video_interfaces/cmake)
[0.716s] -- Configuring done
[0.786s] -- Generating done
[0.793s] -- Build files have been written to: /home/arty/Documents/video_ros2/build/video_viewer_qt
[0.887s] [ 12%] Automatic MOC for target video_viewer_qt
[1.231s] [ 12%] Built target video_viewer_qt_autogen
[1.257s] Consolidate compiler generated dependencies of target video_viewer_qt
[1.273s] [ 25%] Building CXX object CMakeFiles/video_viewer_qt.dir/video_viewer_qt_autogen/UVLADIE3JM/qrc_qml.cpp.o
[1.273s] [ 50%] Building CXX object CMakeFiles/video_viewer_qt.dir/src/viewer_backend.cpp.o
[1.274s] [ 50%] Building CXX object CMakeFiles/video_viewer_qt.dir/video_viewer_qt_autogen/mocs_compilation.cpp.o
[1.274s] [ 62%] Building CXX object CMakeFiles/video_viewer_qt.dir/src/main.cpp.o
[1.275s] [ 75%] Building CXX object CMakeFiles/video_viewer_qt.dir/src/viewer_image_provider.cpp.o
[11.281s] [ 87%] Linking CXX executable video_viewer_qt
[12.214s] [100%] Built target video_viewer_qt
[12.222s] Invoked command in '/home/arty/Documents/video_ros2/build/video_viewer_qt' returned '0': /usr/bin/cmake --build /home/arty/Documents/video_ros2/build/video_viewer_qt -- -j16 -l16
[12.224s] Invoking command in '/home/arty/Documents/video_ros2/build/video_viewer_qt': /usr/bin/cmake --install /home/arty/Documents/video_ros2/build/video_viewer_qt
[12.231s] -- Install configuration: "Release"
[12.231s] -- Installing: /home/arty/Documents/video_ros2/install/lib/video_viewer_qt/video_viewer_qt
[12.232s] -- Set runtime path of "/home/arty/Documents/video_ros2/install/lib/video_viewer_qt/video_viewer_qt" to ""
[12.232s] -- Installing: /home/arty/Documents/video_ros2/install/share/ament_index/resource_index/package_run_dependencies/video_viewer_qt
[12.232s] -- Up-to-date: /home/arty/Documents/video_ros2/install/share/ament_index/resource_index/parent_prefix_path/video_viewer_qt
[12.232s] -- Up-to-date: /home/arty/Documents/video_ros2/install/share/video_viewer_qt/environment/ament_prefix_path.sh
[12.232s] -- Installing: /home/arty/Documents/video_ros2/install/share/video_viewer_qt/environment/ament_prefix_path.dsv
[12.232s] -- Up-to-date: /home/arty/Documents/video_ros2/install/share/video_viewer_qt/environment/path.sh
[12.232s] -- Installing: /home/arty/Documents/video_ros2/install/share/video_viewer_qt/environment/path.dsv
[12.232s] -- Up-to-date: /home/arty/Documents/video_ros2/install/share/video_viewer_qt/local_setup.bash
[12.232s] -- Up-to-date: /home/arty/Documents/video_ros2/install/share/video_viewer_qt/local_setup.sh
[12.232s] -- Up-to-date: /home/arty/Documents/video_ros2/install/share/video_viewer_qt/local_setup.zsh
[12.232s] -- Installing: /home/arty/Documents/video_ros2/install/share/video_viewer_qt/local_setup.dsv
[12.232s] -- Installing: /home/arty/Documents/video_ros2/install/share/video_viewer_qt/package.dsv
[12.233s] -- Up-to-date: /home/arty/Documents/video_ros2/install/share/ament_index/resource_index/packages/video_viewer_qt
[12.233s] -- Up-to-date: /home/arty/Documents/video_ros2/install/share/video_viewer_qt/cmake/video_viewer_qtConfig.cmake
[12.233s] -- Up-to-date: /home/arty/Documents/video_ros2/install/share/video_viewer_qt/cmake/video_viewer_qtConfig-version.cmake
[12.234s] -- Installing: /home/arty/Documents/video_ros2/install/share/video_viewer_qt/package.xml
[12.234s] Invoked command in '/home/arty/Documents/video_ros2/build/video_viewer_qt' returned '0': /usr/bin/cmake --install /home/arty/Documents/video_ros2/build/video_viewer_qt
