[0.009s] Invoking command in '/home/arty/Documents/video_ros2/build/qmqtt': /usr/bin/cmake /home/arty/Documents/video_ros2/src/third_party_qmqtt/qmqtt -DCMAKE_BUILD_TYPE=Release -DCMAKE_INSTALL_PREFIX=/home/arty/Documents/video_ros2/install
[0.067s] -- The C compiler identification is GNU 11.4.0
[0.108s] -- The CXX compiler identification is GNU 11.4.0
[0.114s] -- Detecting C compiler ABI info
[0.178s] -- Detecting C compiler ABI info - done
[0.185s] -- Check for working C compiler: /usr/bin/cc - skipped
[0.185s] -- Detecting C compile features
[0.186s] -- Detecting C compile features - done
[0.187s] -- Detecting CXX compiler ABI info
[0.253s] -- Detecting CXX compiler ABI info - done
[0.257s] -- Check for working CXX compiler: /usr/bin/c++ - skipped
[0.257s] -- Detecting CXX compile features
[0.257s] -- Detecting CXX compile features - done
[0.263s] -- Looking for pthread.h
[0.323s] -- Looking for pthread.h - found
[0.323s] -- Performing Test CMAKE_HAVE_LIBC_PTHREAD
[0.392s] -- Performing Test CMAKE_HAVE_LIBC_PTHREAD - Success
[0.393s] -- Found Threads: TRUE  
[0.401s] -- Performing Test HAVE_STDATOMIC
[0.505s] -- Performing Test HAVE_STDATOMIC - Success
[0.506s] -- Found WrapAtomic: TRUE  
[0.529s] -- Configuring done
[0.537s] -- Generating done
[0.538s] -- Build files have been written to: /home/arty/Documents/video_ros2/build/qmqtt
[0.542s] Invoked command in '/home/arty/Documents/video_ros2/build/qmqtt' returned '0': /usr/bin/cmake /home/arty/Documents/video_ros2/src/third_party_qmqtt/qmqtt -DCMAKE_BUILD_TYPE=Release -DCMAKE_INSTALL_PREFIX=/home/arty/Documents/video_ros2/install
[0.543s] Invoking command in '/home/arty/Documents/video_ros2/build/qmqtt': /usr/bin/cmake --build /home/arty/Documents/video_ros2/build/qmqtt -- -j16 -l16
[0.584s] [  7%] Automatic MOC for target qmqtt
[0.997s] [  7%] Built target qmqtt_autogen
[1.014s] [ 15%] Building CXX object CMakeFiles/qmqtt.dir/src/mqtt/qmqtt_routesubscription.cpp.o
[1.014s] [ 23%] Building CXX object CMakeFiles/qmqtt.dir/qmqtt_autogen/mocs_compilation.cpp.o
[1.014s] [ 30%] Building CXX object CMakeFiles/qmqtt.dir/src/mqtt/qmqtt_message.cpp.o
[1.015s] [ 61%] Building CXX object CMakeFiles/qmqtt.dir/src/mqtt/qmqtt_client.cpp.o
[1.015s] [ 61%] Building CXX object CMakeFiles/qmqtt.dir/src/mqtt/qmqtt_frame.cpp.o
[1.015s] [ 61%] Building CXX object CMakeFiles/qmqtt.dir/src/mqtt/qmqtt_socket.cpp.o
[1.015s] [ 61%] Building CXX object CMakeFiles/qmqtt.dir/src/mqtt/qmqtt_client_p.cpp.o
[1.015s] [ 69%] Building CXX object CMakeFiles/qmqtt.dir/src/mqtt/qmqtt_ssl_socket.cpp.o
[1.016s] [ 76%] Building CXX object CMakeFiles/qmqtt.dir/src/mqtt/qmqtt_network.cpp.o
[1.016s] [ 84%] Building CXX object CMakeFiles/qmqtt.dir/src/mqtt/qmqtt_router.cpp.o
[1.016s] [ 92%] Building CXX object CMakeFiles/qmqtt.dir/src/mqtt/qmqtt_timer.cpp.o
[4.915s] [100%] Linking CXX shared library libqmqtt.so
[5.095s] [100%] Built target qmqtt
[5.106s] Invoked command in '/home/arty/Documents/video_ros2/build/qmqtt' returned '0': /usr/bin/cmake --build /home/arty/Documents/video_ros2/build/qmqtt -- -j16 -l16
[5.121s] Invoking command in '/home/arty/Documents/video_ros2/build/qmqtt': /usr/bin/cmake --install /home/arty/Documents/video_ros2/build/qmqtt
[5.129s] -- Install configuration: "Release"
[5.129s] -- Installing: /home/arty/Documents/video_ros2/install/lib/libqmqtt.so.1.0.5
[5.129s] -- Installing: /home/arty/Documents/video_ros2/install/lib/libqmqtt.so.1
[5.129s] -- Installing: /home/arty/Documents/video_ros2/install/lib/libqmqtt.so
[5.129s] -- Installing: /home/arty/Documents/video_ros2/install/lib/cmake/qmqtt/qmqttTargets.cmake
[5.130s] -- Installing: /home/arty/Documents/video_ros2/install/lib/cmake/qmqtt/qmqttTargets-release.cmake
[5.130s] -- Installing: /home/arty/Documents/video_ros2/install/include/qmqtt_global.h
[5.130s] -- Installing: /home/arty/Documents/video_ros2/install/include/qmqtt.h
[5.130s] -- Installing: /home/arty/Documents/video_ros2/install/include/qmqtt_client.h
[5.130s] -- Installing: /home/arty/Documents/video_ros2/install/include/qmqtt_frame.h
[5.130s] -- Installing: /home/arty/Documents/video_ros2/install/include/qmqtt_message.h
[5.131s] -- Installing: /home/arty/Documents/video_ros2/install/include/qmqtt_routesubscription.h
[5.131s] -- Installing: /home/arty/Documents/video_ros2/install/include/qmqtt_routedmessage.h
[5.131s] -- Installing: /home/arty/Documents/video_ros2/install/include/qmqtt_router.h
[5.131s] -- Installing: /home/arty/Documents/video_ros2/install/include/qmqtt_networkinterface.h
[5.131s] -- Installing: /home/arty/Documents/video_ros2/install/include/qmqtt_socketinterface.h
[5.131s] -- Installing: /home/arty/Documents/video_ros2/install/include/qmqtt_timerinterface.h
[5.131s] -- Installing: /home/arty/Documents/video_ros2/install/lib/cmake/qmqtt/qmqtt.cmake
[5.131s] -- Installing: /home/arty/Documents/video_ros2/install/lib/cmake/qmqtt/qmqtt-release.cmake
[5.131s] -- Installing: /home/arty/Documents/video_ros2/install/lib/cmake/qmqtt/qmqttConfig.cmake
[5.132s] -- Installing: /home/arty/Documents/video_ros2/install/lib/cmake/qmqtt/qmqttConfigVersion.cmake
[5.134s] Invoked command in '/home/arty/Documents/video_ros2/build/qmqtt' returned '0': /usr/bin/cmake --install /home/arty/Documents/video_ros2/build/qmqtt
