[0.007s] Invoking command in '/home/arty/Documents/video_ros2/build/video_interfaces': /usr/bin/cmake --build /home/arty/Documents/video_ros2/build/video_interfaces -- -j16 -l16
[0.036s] -- Found ament_cmake: 1.3.14 (/opt/ros/humble/share/ament_cmake/cmake)
[0.130s] -- Found rosidl_default_generators: 1.2.1 (/opt/ros/humble/share/rosidl_default_generators/cmake)
[0.131s] -- Using all available rosidl_typesupport_c: rosidl_typesupport_fastrtps_c;rosidl_typesupport_introspection_c
[0.134s] -- Found rosidl_adapter: 3.1.8 (/opt/ros/humble/share/rosidl_adapter/cmake)
[0.156s] -- Using all available rosidl_typesupport_cpp: rosidl_typesupport_fastrtps_cpp;rosidl_typesupport_introspection_cpp
[0.174s] -- Found std_msgs: 4.9.1 (/opt/ros/humble/share/std_msgs/cmake)
[0.364s] -- Found ament_cmake_ros: 0.10.0 (/opt/ros/humble/share/ament_cmake_ros/cmake)
[0.513s] -- Using all available rosidl_typesupport_c: rosidl_typesupport_fastrtps_c;rosidl_typesupport_introspection_c
[0.709s] -- Using all available rosidl_typesupport_cpp: rosidl_typesupport_fastrtps_cpp;rosidl_typesupport_introspection_cpp
[0.725s] -- Found python_cmake_module: 0.10.0 (/opt/ros/humble/share/python_cmake_module/cmake)
[0.739s] -- Using PYTHON_EXECUTABLE: /usr/bin/python3
[0.739s] -- Using PYTHON_INCLUDE_DIRS: /usr/include/python3.10
[0.739s] -- Using PYTHON_LIBRARIES: /usr/lib/x86_64-linux-gnu/libpython3.10.so
[0.805s] -- Configuring done
[0.832s] -- Generating done
[0.839s] -- Build files have been written to: /home/arty/Documents/video_ros2/build/video_interfaces
[0.858s] Consolidate compiler generated dependencies of target video_interfaces__rosidl_generator_c
[0.870s] [  5%] Built target video_interfaces__rs
[0.870s] [  5%] Built target video_interfaces__cpp
[0.870s] [ 15%] Built target video_interfaces__rosidl_generator_c
[0.874s] [ 15%] Built target ament_cmake_python_copy_video_interfaces
[0.880s] Consolidate compiler generated dependencies of target video_interfaces__rosidl_typesupport_introspection_cpp
[0.881s] Consolidate compiler generated dependencies of target video_interfaces__rosidl_typesupport_c
[0.881s] Consolidate compiler generated dependencies of target video_interfaces__rosidl_typesupport_introspection_c
[0.882s] Consolidate compiler generated dependencies of target video_interfaces__rosidl_typesupport_cpp
[0.883s] Consolidate compiler generated dependencies of target video_interfaces__rosidl_typesupport_fastrtps_cpp
[0.887s] Consolidate compiler generated dependencies of target video_interfaces__rosidl_typesupport_fastrtps_c
[0.887s] [ 25%] Built target video_interfaces__rosidl_typesupport_c
[0.887s] [ 35%] Built target video_interfaces__rosidl_typesupport_introspection_c
[0.887s] [ 45%] Built target video_interfaces__rosidl_typesupport_introspection_cpp
[0.889s] [ 55%] Built target video_interfaces__rosidl_typesupport_cpp
[0.893s] [ 65%] Built target video_interfaces__rosidl_typesupport_fastrtps_cpp
[0.896s] [ 75%] Built target video_interfaces__rosidl_typesupport_fastrtps_c
[0.916s] [ 75%] Built target video_interfaces
[0.933s] [ 77%] Built target video_interfaces__py
[0.942s] Consolidate compiler generated dependencies of target video_interfaces__rosidl_generator_py
[0.953s] [ 85%] Built target video_interfaces__rosidl_generator_py
[0.963s] Consolidate compiler generated dependencies of target video_interfaces__rosidl_typesupport_c__pyext
[0.966s] Consolidate compiler generated dependencies of target video_interfaces__rosidl_typesupport_introspection_c__pyext
[0.968s] Consolidate compiler generated dependencies of target video_interfaces__rosidl_typesupport_fastrtps_c__pyext
[0.978s] [ 90%] Built target video_interfaces__rosidl_typesupport_c__pyext
[0.978s] [ 95%] Built target video_interfaces__rosidl_typesupport_fastrtps_c__pyext
[0.979s] [100%] Built target video_interfaces__rosidl_typesupport_introspection_c__pyext
[1.031s] running egg_info
[1.032s] writing video_interfaces.egg-info/PKG-INFO
[1.032s] writing dependency_links to video_interfaces.egg-info/dependency_links.txt
[1.032s] writing top-level names to video_interfaces.egg-info/top_level.txt
[1.034s] reading manifest file 'video_interfaces.egg-info/SOURCES.txt'
[1.035s] writing manifest file 'video_interfaces.egg-info/SOURCES.txt'
[1.064s] [100%] Built target ament_cmake_python_build_video_interfaces_egg
[1.077s] Invoked command in '/home/arty/Documents/video_ros2/build/video_interfaces' returned '0': /usr/bin/cmake --build /home/arty/Documents/video_ros2/build/video_interfaces -- -j16 -l16
[1.086s] Invoking command in '/home/arty/Documents/video_ros2/build/video_interfaces': /usr/bin/cmake --install /home/arty/Documents/video_ros2/build/video_interfaces
[1.093s] -- Install configuration: "Release"
[1.094s] -- Up-to-date: /home/arty/Documents/video_ros2/install/share/ament_index/resource_index/rosidl_interfaces/video_interfaces
[1.094s] -- Up-to-date: /home/arty/Documents/video_ros2/install/include/video_interfaces/video_interfaces
[1.094s] -- Up-to-date: /home/arty/Documents/video_ros2/install/include/video_interfaces/video_interfaces/msg
[1.094s] -- Up-to-date: /home/arty/Documents/video_ros2/install/include/video_interfaces/video_interfaces/msg/encoded_frame.h
[1.094s] -- Up-to-date: /home/arty/Documents/video_ros2/install/include/video_interfaces/video_interfaces/msg/detail
[1.094s] -- Up-to-date: /home/arty/Documents/video_ros2/install/include/video_interfaces/video_interfaces/msg/detail/encoded_frame__struct.h
[1.094s] -- Up-to-date: /home/arty/Documents/video_ros2/install/include/video_interfaces/video_interfaces/msg/detail/encoded_frame__functions.c
[1.094s] -- Up-to-date: /home/arty/Documents/video_ros2/install/include/video_interfaces/video_interfaces/msg/detail/encoded_frame__type_support.h
[1.094s] -- Up-to-date: /home/arty/Documents/video_ros2/install/include/video_interfaces/video_interfaces/msg/detail/encoded_frame__functions.h
[1.094s] -- Up-to-date: /home/arty/Documents/video_ros2/install/include/video_interfaces/video_interfaces/msg/rosidl_generator_c__visibility_control.h
[1.095s] -- Up-to-date: /home/arty/Documents/video_ros2/install/include/video_interfaces/video_interfaces/srv
[1.095s] -- Up-to-date: /home/arty/Documents/video_ros2/install/include/video_interfaces/video_interfaces/srv/detail
[1.095s] -- Up-to-date: /home/arty/Documents/video_ros2/install/include/video_interfaces/video_interfaces/srv/detail/robot_login__functions.c
[1.095s] -- Up-to-date: /home/arty/Documents/video_ros2/install/include/video_interfaces/video_interfaces/srv/detail/robot_login__struct.h
[1.095s] -- Up-to-date: /home/arty/Documents/video_ros2/install/include/video_interfaces/video_interfaces/srv/detail/robot_login__type_support.h
[1.095s] -- Up-to-date: /home/arty/Documents/video_ros2/install/include/video_interfaces/video_interfaces/srv/detail/robot_login__functions.h
[1.095s] -- Up-to-date: /home/arty/Documents/video_ros2/install/include/video_interfaces/video_interfaces/srv/robot_login.h
[1.095s] -- Up-to-date: /home/arty/Documents/video_ros2/install/share/video_interfaces/environment/library_path.sh
[1.095s] -- Installing: /home/arty/Documents/video_ros2/install/share/video_interfaces/environment/library_path.dsv
[1.096s] -- Up-to-date: /home/arty/Documents/video_ros2/install/lib/libvideo_interfaces__rosidl_generator_c.so
[1.096s] -- Up-to-date: /home/arty/Documents/video_ros2/install/include/video_interfaces/video_interfaces
[1.096s] -- Up-to-date: /home/arty/Documents/video_ros2/install/include/video_interfaces/video_interfaces/msg
[1.096s] -- Up-to-date: /home/arty/Documents/video_ros2/install/include/video_interfaces/video_interfaces/msg/detail
[1.096s] -- Up-to-date: /home/arty/Documents/video_ros2/install/include/video_interfaces/video_interfaces/msg/detail/encoded_frame__rosidl_typesupport_fastrtps_c.h
[1.096s] -- Up-to-date: /home/arty/Documents/video_ros2/install/include/video_interfaces/video_interfaces/msg/rosidl_typesupport_fastrtps_c__visibility_control.h
[1.096s] -- Up-to-date: /home/arty/Documents/video_ros2/install/include/video_interfaces/video_interfaces/srv
[1.096s] -- Up-to-date: /home/arty/Documents/video_ros2/install/include/video_interfaces/video_interfaces/srv/detail
[1.096s] -- Up-to-date: /home/arty/Documents/video_ros2/install/include/video_interfaces/video_interfaces/srv/detail/robot_login__rosidl_typesupport_fastrtps_c.h
[1.096s] -- Up-to-date: /home/arty/Documents/video_ros2/install/lib/libvideo_interfaces__rosidl_typesupport_fastrtps_c.so
[1.097s] -- Up-to-date: /home/arty/Documents/video_ros2/install/include/video_interfaces/video_interfaces
[1.097s] -- Up-to-date: /home/arty/Documents/video_ros2/install/include/video_interfaces/video_interfaces/msg
[1.097s] -- Up-to-date: /home/arty/Documents/video_ros2/install/include/video_interfaces/video_interfaces/msg/rosidl_typesupport_introspection_c__visibility_control.h
[1.097s] -- Up-to-date: /home/arty/Documents/video_ros2/install/include/video_interfaces/video_interfaces/msg/detail
[1.097s] -- Up-to-date: /home/arty/Documents/video_ros2/install/include/video_interfaces/video_interfaces/msg/detail/encoded_frame__rosidl_typesupport_introspection_c.h
[1.097s] -- Up-to-date: /home/arty/Documents/video_ros2/install/include/video_interfaces/video_interfaces/msg/detail/encoded_frame__type_support.c
[1.097s] -- Up-to-date: /home/arty/Documents/video_ros2/install/include/video_interfaces/video_interfaces/srv
[1.097s] -- Up-to-date: /home/arty/Documents/video_ros2/install/include/video_interfaces/video_interfaces/srv/detail
[1.097s] -- Up-to-date: /home/arty/Documents/video_ros2/install/include/video_interfaces/video_interfaces/srv/detail/robot_login__rosidl_typesupport_introspection_c.h
[1.097s] -- Up-to-date: /home/arty/Documents/video_ros2/install/include/video_interfaces/video_interfaces/srv/detail/robot_login__type_support.c
[1.097s] -- Up-to-date: /home/arty/Documents/video_ros2/install/lib/libvideo_interfaces__rosidl_typesupport_introspection_c.so
[1.097s] -- Up-to-date: /home/arty/Documents/video_ros2/install/lib/libvideo_interfaces__rosidl_typesupport_c.so
[1.097s] -- Up-to-date: /home/arty/Documents/video_ros2/install/include/video_interfaces/video_interfaces
[1.097s] -- Up-to-date: /home/arty/Documents/video_ros2/install/include/video_interfaces/video_interfaces/msg
[1.097s] -- Up-to-date: /home/arty/Documents/video_ros2/install/include/video_interfaces/video_interfaces/msg/encoded_frame.hpp
[1.097s] -- Up-to-date: /home/arty/Documents/video_ros2/install/include/video_interfaces/video_interfaces/msg/detail
[1.098s] -- Up-to-date: /home/arty/Documents/video_ros2/install/include/video_interfaces/video_interfaces/msg/detail/encoded_frame__builder.hpp
[1.098s] -- Up-to-date: /home/arty/Documents/video_ros2/install/include/video_interfaces/video_interfaces/msg/detail/encoded_frame__type_support.hpp
[1.098s] -- Up-to-date: /home/arty/Documents/video_ros2/install/include/video_interfaces/video_interfaces/msg/detail/encoded_frame__struct.hpp
[1.098s] -- Up-to-date: /home/arty/Documents/video_ros2/install/include/video_interfaces/video_interfaces/msg/detail/encoded_frame__traits.hpp
[1.098s] -- Up-to-date: /home/arty/Documents/video_ros2/install/include/video_interfaces/video_interfaces/msg/rosidl_generator_cpp__visibility_control.hpp
[1.098s] -- Up-to-date: /home/arty/Documents/video_ros2/install/include/video_interfaces/video_interfaces/srv
[1.098s] -- Up-to-date: /home/arty/Documents/video_ros2/install/include/video_interfaces/video_interfaces/srv/robot_login.hpp
[1.098s] -- Up-to-date: /home/arty/Documents/video_ros2/install/include/video_interfaces/video_interfaces/srv/detail
[1.098s] -- Up-to-date: /home/arty/Documents/video_ros2/install/include/video_interfaces/video_interfaces/srv/detail/robot_login__type_support.hpp
[1.098s] -- Up-to-date: /home/arty/Documents/video_ros2/install/include/video_interfaces/video_interfaces/srv/detail/robot_login__struct.hpp
[1.098s] -- Up-to-date: /home/arty/Documents/video_ros2/install/include/video_interfaces/video_interfaces/srv/detail/robot_login__traits.hpp
[1.098s] -- Up-to-date: /home/arty/Documents/video_ros2/install/include/video_interfaces/video_interfaces/srv/detail/robot_login__builder.hpp
[1.098s] -- Up-to-date: /home/arty/Documents/video_ros2/install/include/video_interfaces/video_interfaces
[1.098s] -- Up-to-date: /home/arty/Documents/video_ros2/install/include/video_interfaces/video_interfaces/msg
[1.098s] -- Up-to-date: /home/arty/Documents/video_ros2/install/include/video_interfaces/video_interfaces/msg/rosidl_typesupport_fastrtps_cpp__visibility_control.h
[1.098s] -- Up-to-date: /home/arty/Documents/video_ros2/install/include/video_interfaces/video_interfaces/msg/detail
[1.098s] -- Up-to-date: /home/arty/Documents/video_ros2/install/include/video_interfaces/video_interfaces/msg/detail/encoded_frame__rosidl_typesupport_fastrtps_cpp.hpp
[1.098s] -- Up-to-date: /home/arty/Documents/video_ros2/install/include/video_interfaces/video_interfaces/msg/detail/dds_fastrtps
[1.098s] -- Up-to-date: /home/arty/Documents/video_ros2/install/include/video_interfaces/video_interfaces/srv
[1.098s] -- Up-to-date: /home/arty/Documents/video_ros2/install/include/video_interfaces/video_interfaces/srv/detail
[1.098s] -- Up-to-date: /home/arty/Documents/video_ros2/install/include/video_interfaces/video_interfaces/srv/detail/robot_login__rosidl_typesupport_fastrtps_cpp.hpp
[1.098s] -- Up-to-date: /home/arty/Documents/video_ros2/install/include/video_interfaces/video_interfaces/srv/detail/dds_fastrtps
[1.098s] -- Up-to-date: /home/arty/Documents/video_ros2/install/lib/libvideo_interfaces__rosidl_typesupport_fastrtps_cpp.so
[1.098s] -- Up-to-date: /home/arty/Documents/video_ros2/install/include/video_interfaces/video_interfaces
[1.098s] -- Up-to-date: /home/arty/Documents/video_ros2/install/include/video_interfaces/video_interfaces/msg
[1.098s] -- Up-to-date: /home/arty/Documents/video_ros2/install/include/video_interfaces/video_interfaces/msg/detail
[1.098s] -- Up-to-date: /home/arty/Documents/video_ros2/install/include/video_interfaces/video_interfaces/msg/detail/encoded_frame__rosidl_typesupport_introspection_cpp.hpp
[1.098s] -- Up-to-date: /home/arty/Documents/video_ros2/install/include/video_interfaces/video_interfaces/msg/detail/encoded_frame__type_support.cpp
[1.098s] -- Up-to-date: /home/arty/Documents/video_ros2/install/include/video_interfaces/video_interfaces/srv
[1.098s] -- Up-to-date: /home/arty/Documents/video_ros2/install/include/video_interfaces/video_interfaces/srv/detail
[1.098s] -- Up-to-date: /home/arty/Documents/video_ros2/install/include/video_interfaces/video_interfaces/srv/detail/robot_login__type_support.cpp
[1.098s] -- Up-to-date: /home/arty/Documents/video_ros2/install/include/video_interfaces/video_interfaces/srv/detail/robot_login__rosidl_typesupport_introspection_cpp.hpp
[1.098s] -- Up-to-date: /home/arty/Documents/video_ros2/install/lib/libvideo_interfaces__rosidl_typesupport_introspection_cpp.so
[1.098s] -- Up-to-date: /home/arty/Documents/video_ros2/install/lib/libvideo_interfaces__rosidl_typesupport_cpp.so
[1.098s] -- Up-to-date: /home/arty/Documents/video_ros2/install/share/video_interfaces/environment/pythonpath.sh
[1.098s] -- Installing: /home/arty/Documents/video_ros2/install/share/video_interfaces/environment/pythonpath.dsv
[1.098s] -- Up-to-date: /home/arty/Documents/video_ros2/install/local/lib/python3.10/dist-packages/video_interfaces-0.1.0-py3.10.egg-info
[1.098s] -- Installing: /home/arty/Documents/video_ros2/install/local/lib/python3.10/dist-packages/video_interfaces-0.1.0-py3.10.egg-info/top_level.txt
[1.098s] -- Installing: /home/arty/Documents/video_ros2/install/local/lib/python3.10/dist-packages/video_interfaces-0.1.0-py3.10.egg-info/SOURCES.txt
[1.098s] -- Installing: /home/arty/Documents/video_ros2/install/local/lib/python3.10/dist-packages/video_interfaces-0.1.0-py3.10.egg-info/dependency_links.txt
[1.098s] -- Installing: /home/arty/Documents/video_ros2/install/local/lib/python3.10/dist-packages/video_interfaces-0.1.0-py3.10.egg-info/PKG-INFO
[1.098s] -- Up-to-date: /home/arty/Documents/video_ros2/install/local/lib/python3.10/dist-packages/video_interfaces
[1.098s] -- Installing: /home/arty/Documents/video_ros2/install/local/lib/python3.10/dist-packages/video_interfaces/__init__.py
[1.098s] -- Up-to-date: /home/arty/Documents/video_ros2/install/local/lib/python3.10/dist-packages/video_interfaces/_video_interfaces_s.ep.rosidl_typesupport_introspection_c.c
[1.098s] -- Up-to-date: /home/arty/Documents/video_ros2/install/local/lib/python3.10/dist-packages/video_interfaces/video_interfaces_s__rosidl_typesupport_fastrtps_c.cpython-310-x86_64-linux-gnu.so
[1.099s] -- Up-to-date: /home/arty/Documents/video_ros2/install/local/lib/python3.10/dist-packages/video_interfaces/msg
[1.099s] -- Up-to-date: /home/arty/Documents/video_ros2/install/local/lib/python3.10/dist-packages/video_interfaces/msg/_encoded_frame_s.c
[1.099s] -- Up-to-date: /home/arty/Documents/video_ros2/install/local/lib/python3.10/dist-packages/video_interfaces/msg/__init__.py
[1.099s] -- Up-to-date: /home/arty/Documents/video_ros2/install/local/lib/python3.10/dist-packages/video_interfaces/msg/_encoded_frame.py
[1.099s] -- Up-to-date: /home/arty/Documents/video_ros2/install/local/lib/python3.10/dist-packages/video_interfaces/libvideo_interfaces__rosidl_generator_py.so
[1.099s] -- Up-to-date: /home/arty/Documents/video_ros2/install/local/lib/python3.10/dist-packages/video_interfaces/_video_interfaces_s.ep.rosidl_typesupport_c.c
[1.099s] -- Up-to-date: /home/arty/Documents/video_ros2/install/local/lib/python3.10/dist-packages/video_interfaces/video_interfaces_s__rosidl_typesupport_c.cpython-310-x86_64-linux-gnu.so
[1.099s] -- Up-to-date: /home/arty/Documents/video_ros2/install/local/lib/python3.10/dist-packages/video_interfaces/_video_interfaces_s.ep.rosidl_typesupport_fastrtps_c.c
[1.099s] -- Up-to-date: /home/arty/Documents/video_ros2/install/local/lib/python3.10/dist-packages/video_interfaces/srv
[1.099s] -- Up-to-date: /home/arty/Documents/video_ros2/install/local/lib/python3.10/dist-packages/video_interfaces/srv/__init__.py
[1.099s] -- Up-to-date: /home/arty/Documents/video_ros2/install/local/lib/python3.10/dist-packages/video_interfaces/srv/_robot_login_s.c
[1.099s] -- Up-to-date: /home/arty/Documents/video_ros2/install/local/lib/python3.10/dist-packages/video_interfaces/srv/_robot_login.py
[1.099s] -- Up-to-date: /home/arty/Documents/video_ros2/install/local/lib/python3.10/dist-packages/video_interfaces/video_interfaces_s__rosidl_typesupport_introspection_c.cpython-310-x86_64-linux-gnu.so
[1.124s] Listing '/home/arty/Documents/video_ros2/install/local/lib/python3.10/dist-packages/video_interfaces'...
[1.124s] Compiling '/home/arty/Documents/video_ros2/install/local/lib/python3.10/dist-packages/video_interfaces/__init__.py'...
[1.124s] Listing '/home/arty/Documents/video_ros2/install/local/lib/python3.10/dist-packages/video_interfaces/msg'...
[1.124s] Listing '/home/arty/Documents/video_ros2/install/local/lib/python3.10/dist-packages/video_interfaces/srv'...
[1.129s] -- Up-to-date: /home/arty/Documents/video_ros2/install/local/lib/python3.10/dist-packages/video_interfaces/video_interfaces_s__rosidl_typesupport_fastrtps_c.cpython-310-x86_64-linux-gnu.so
[1.130s] -- Up-to-date: /home/arty/Documents/video_ros2/install/local/lib/python3.10/dist-packages/video_interfaces/video_interfaces_s__rosidl_typesupport_introspection_c.cpython-310-x86_64-linux-gnu.so
[1.130s] -- Up-to-date: /home/arty/Documents/video_ros2/install/local/lib/python3.10/dist-packages/video_interfaces/video_interfaces_s__rosidl_typesupport_c.cpython-310-x86_64-linux-gnu.so
[1.130s] -- Up-to-date: /home/arty/Documents/video_ros2/install/lib/libvideo_interfaces__rosidl_generator_py.so
[1.130s] -- Up-to-date: /home/arty/Documents/video_ros2/install/share/ament_index/resource_index/rust_packages/video_interfaces
[1.130s] -- Up-to-date: /home/arty/Documents/video_ros2/install/share/video_interfaces/rust
[1.130s] -- Up-to-date: /home/arty/Documents/video_ros2/install/share/video_interfaces/rust/src
[1.130s] -- Up-to-date: /home/arty/Documents/video_ros2/install/share/video_interfaces/rust/src/msg
[1.130s] -- Up-to-date: /home/arty/Documents/video_ros2/install/share/video_interfaces/rust/src/msg/rmw.rs
[1.130s] -- Up-to-date: /home/arty/Documents/video_ros2/install/share/video_interfaces/rust/src/lib.rs
[1.130s] -- Up-to-date: /home/arty/Documents/video_ros2/install/share/video_interfaces/rust/src/srv.rs
[1.130s] -- Up-to-date: /home/arty/Documents/video_ros2/install/share/video_interfaces/rust/src/msg.rs
[1.130s] -- Up-to-date: /home/arty/Documents/video_ros2/install/share/video_interfaces/rust/src/srv
[1.130s] -- Up-to-date: /home/arty/Documents/video_ros2/install/share/video_interfaces/rust/src/srv/rmw.rs
[1.130s] -- Up-to-date: /home/arty/Documents/video_ros2/install/share/video_interfaces/rust/build.rs
[1.130s] -- Up-to-date: /home/arty/Documents/video_ros2/install/share/video_interfaces/rust/Cargo.toml
[1.130s] -- Up-to-date: /home/arty/Documents/video_ros2/install/share/video_interfaces/msg/EncodedFrame.idl
[1.130s] -- Up-to-date: /home/arty/Documents/video_ros2/install/share/video_interfaces/srv/RobotLogin.idl
[1.131s] -- Up-to-date: /home/arty/Documents/video_ros2/install/share/video_interfaces/msg/EncodedFrame.msg
[1.131s] -- Installing: /home/arty/Documents/video_ros2/install/share/video_interfaces/srv/RobotLogin.srv
[1.131s] -- Up-to-date: /home/arty/Documents/video_ros2/install/share/video_interfaces/srv/RobotLogin_Request.msg
[1.131s] -- Up-to-date: /home/arty/Documents/video_ros2/install/share/video_interfaces/srv/RobotLogin_Response.msg
[1.131s] -- Up-to-date: /home/arty/Documents/video_ros2/install/share/ament_index/resource_index/package_run_dependencies/video_interfaces
[1.131s] -- Up-to-date: /home/arty/Documents/video_ros2/install/share/ament_index/resource_index/parent_prefix_path/video_interfaces
[1.131s] -- Up-to-date: /home/arty/Documents/video_ros2/install/share/video_interfaces/environment/ament_prefix_path.sh
[1.131s] -- Installing: /home/arty/Documents/video_ros2/install/share/video_interfaces/environment/ament_prefix_path.dsv
[1.131s] -- Up-to-date: /home/arty/Documents/video_ros2/install/share/video_interfaces/environment/path.sh
[1.131s] -- Installing: /home/arty/Documents/video_ros2/install/share/video_interfaces/environment/path.dsv
[1.131s] -- Up-to-date: /home/arty/Documents/video_ros2/install/share/video_interfaces/local_setup.bash
[1.131s] -- Up-to-date: /home/arty/Documents/video_ros2/install/share/video_interfaces/local_setup.sh
[1.131s] -- Up-to-date: /home/arty/Documents/video_ros2/install/share/video_interfaces/local_setup.zsh
[1.131s] -- Installing: /home/arty/Documents/video_ros2/install/share/video_interfaces/local_setup.dsv
[1.131s] -- Installing: /home/arty/Documents/video_ros2/install/share/video_interfaces/package.dsv
[1.131s] -- Up-to-date: /home/arty/Documents/video_ros2/install/share/ament_index/resource_index/packages/video_interfaces
[1.131s] -- Up-to-date: /home/arty/Documents/video_ros2/install/share/video_interfaces/cmake/export_video_interfaces__rosidl_generator_cExport.cmake
[1.131s] -- Up-to-date: /home/arty/Documents/video_ros2/install/share/video_interfaces/cmake/export_video_interfaces__rosidl_generator_cExport-release.cmake
[1.131s] -- Up-to-date: /home/arty/Documents/video_ros2/install/share/video_interfaces/cmake/export_video_interfaces__rosidl_typesupport_fastrtps_cExport.cmake
[1.131s] -- Up-to-date: /home/arty/Documents/video_ros2/install/share/video_interfaces/cmake/export_video_interfaces__rosidl_typesupport_fastrtps_cExport-release.cmake
[1.131s] -- Up-to-date: /home/arty/Documents/video_ros2/install/share/video_interfaces/cmake/video_interfaces__rosidl_typesupport_introspection_cExport.cmake
[1.131s] -- Up-to-date: /home/arty/Documents/video_ros2/install/share/video_interfaces/cmake/video_interfaces__rosidl_typesupport_introspection_cExport-release.cmake
[1.131s] -- Up-to-date: /home/arty/Documents/video_ros2/install/share/video_interfaces/cmake/video_interfaces__rosidl_typesupport_cExport.cmake
[1.131s] -- Up-to-date: /home/arty/Documents/video_ros2/install/share/video_interfaces/cmake/video_interfaces__rosidl_typesupport_cExport-release.cmake
[1.131s] -- Up-to-date: /home/arty/Documents/video_ros2/install/share/video_interfaces/cmake/export_video_interfaces__rosidl_generator_cppExport.cmake
[1.131s] -- Up-to-date: /home/arty/Documents/video_ros2/install/share/video_interfaces/cmake/export_video_interfaces__rosidl_typesupport_fastrtps_cppExport.cmake
[1.131s] -- Up-to-date: /home/arty/Documents/video_ros2/install/share/video_interfaces/cmake/export_video_interfaces__rosidl_typesupport_fastrtps_cppExport-release.cmake
[1.132s] -- Up-to-date: /home/arty/Documents/video_ros2/install/share/video_interfaces/cmake/video_interfaces__rosidl_typesupport_introspection_cppExport.cmake
[1.132s] -- Up-to-date: /home/arty/Documents/video_ros2/install/share/video_interfaces/cmake/video_interfaces__rosidl_typesupport_introspection_cppExport-release.cmake
[1.132s] -- Up-to-date: /home/arty/Documents/video_ros2/install/share/video_interfaces/cmake/video_interfaces__rosidl_typesupport_cppExport.cmake
[1.132s] -- Up-to-date: /home/arty/Documents/video_ros2/install/share/video_interfaces/cmake/video_interfaces__rosidl_typesupport_cppExport-release.cmake
[1.132s] -- Up-to-date: /home/arty/Documents/video_ros2/install/share/video_interfaces/cmake/export_video_interfaces__rosidl_generator_pyExport.cmake
[1.132s] -- Up-to-date: /home/arty/Documents/video_ros2/install/share/video_interfaces/cmake/export_video_interfaces__rosidl_generator_pyExport-release.cmake
[1.132s] -- Up-to-date: /home/arty/Documents/video_ros2/install/share/video_interfaces/cmake/rosidl_cmake-extras.cmake
[1.132s] -- Up-to-date: /home/arty/Documents/video_ros2/install/share/video_interfaces/cmake/ament_cmake_export_dependencies-extras.cmake
[1.132s] -- Up-to-date: /home/arty/Documents/video_ros2/install/share/video_interfaces/cmake/ament_cmake_export_include_directories-extras.cmake
[1.132s] -- Up-to-date: /home/arty/Documents/video_ros2/install/share/video_interfaces/cmake/ament_cmake_export_libraries-extras.cmake
[1.132s] -- Up-to-date: /home/arty/Documents/video_ros2/install/share/video_interfaces/cmake/ament_cmake_export_targets-extras.cmake
[1.132s] -- Up-to-date: /home/arty/Documents/video_ros2/install/share/video_interfaces/cmake/rosidl_cmake_export_typesupport_targets-extras.cmake
[1.132s] -- Up-to-date: /home/arty/Documents/video_ros2/install/share/video_interfaces/cmake/rosidl_cmake_export_typesupport_libraries-extras.cmake
[1.132s] -- Up-to-date: /home/arty/Documents/video_ros2/install/share/video_interfaces/cmake/video_interfacesConfig.cmake
[1.132s] -- Up-to-date: /home/arty/Documents/video_ros2/install/share/video_interfaces/cmake/video_interfacesConfig-version.cmake
[1.132s] -- Up-to-date: /home/arty/Documents/video_ros2/install/share/video_interfaces/package.xml
[1.133s] Invoked command in '/home/arty/Documents/video_ros2/build/video_interfaces' returned '0': /usr/bin/cmake --install /home/arty/Documents/video_ros2/build/video_interfaces
