[0.027s] Invoking command in '/home/arty/Documents/video_ros2/build/video_viewer_qt': CMAKE_PREFIX_PATH=/home/arty/Documents/video_ros2/install LD_LIBRARY_PATH=/home/arty/Documents/video_ros2/install/lib:${LD_LIBRARY_PATH} PKG_CONFIG_PATH=/home/arty/Documents/video_ros2/install/lib/x86_64-linux-gnu/pkgconfig:/home/arty/Documents/video_ros2/install/lib/pkgconfig PYTHONPATH=/home/arty/Documents/video_ros2/install/local/lib/python3.10/dist-packages:${PYTHONPATH} ROS_PACKAGE_PATH=/home/arty/Documents/video_ros2/install/share /usr/bin/cmake --build /home/arty/Documents/video_ros2/build/video_viewer_qt -- -j16 -l16
[0.149s] [ 12%] Automatic MOC for target video_viewer_qt
[0.884s] [ 12%] Built target video_viewer_qt_autogen
[0.951s] Consolidate compiler generated dependencies of target video_viewer_qt
[0.999s] [ 25%] Building CXX object CMakeFiles/video_viewer_qt.dir/video_viewer_qt_autogen/mocs_compilation.cpp.o
[1.008s] [ 50%] Building CXX object CMakeFiles/video_viewer_qt.dir/src/main.cpp.o
[1.008s] [ 50%] Building CXX object CMakeFiles/video_viewer_qt.dir/src/viewer_image_provider.cpp.o
[1.009s] [ 62%] Building CXX object CMakeFiles/video_viewer_qt.dir/src/viewer_backend.cpp.o
[19.562s] [ 75%] Linking CXX executable video_viewer_qt
[21.489s] [100%] Built target video_viewer_qt
[21.512s] Invoked command in '/home/arty/Documents/video_ros2/build/video_viewer_qt' returned '0': CMAKE_PREFIX_PATH=/home/arty/Documents/video_ros2/install LD_LIBRARY_PATH=/home/arty/Documents/video_ros2/install/lib:${LD_LIBRARY_PATH} PKG_CONFIG_PATH=/home/arty/Documents/video_ros2/install/lib/x86_64-linux-gnu/pkgconfig:/home/arty/Documents/video_ros2/install/lib/pkgconfig PYTHONPATH=/home/arty/Documents/video_ros2/install/local/lib/python3.10/dist-packages:${PYTHONPATH} ROS_PACKAGE_PATH=/home/arty/Documents/video_ros2/install/share /usr/bin/cmake --build /home/arty/Documents/video_ros2/build/video_viewer_qt -- -j16 -l16
[21.514s] Invoking command in '/home/arty/Documents/video_ros2/build/video_viewer_qt': CMAKE_PREFIX_PATH=/home/arty/Documents/video_ros2/install LD_LIBRARY_PATH=/home/arty/Documents/video_ros2/install/lib:${LD_LIBRARY_PATH} PKG_CONFIG_PATH=/home/arty/Documents/video_ros2/install/lib/x86_64-linux-gnu/pkgconfig:/home/arty/Documents/video_ros2/install/lib/pkgconfig PYTHONPATH=/home/arty/Documents/video_ros2/install/local/lib/python3.10/dist-packages:${PYTHONPATH} ROS_PACKAGE_PATH=/home/arty/Documents/video_ros2/install/share /usr/bin/cmake --install /home/arty/Documents/video_ros2/build/video_viewer_qt
[21.528s] -- Install configuration: "Release"
[21.528s] -- Installing: /home/arty/Documents/video_ros2/install/lib/video_viewer_qt/video_viewer_qt
[21.532s] -- Set runtime path of "/home/arty/Documents/video_ros2/install/lib/video_viewer_qt/video_viewer_qt" to ""
[21.532s] -- Up-to-date: /home/arty/Documents/video_ros2/install/share/ament_index/resource_index/package_run_dependencies/video_viewer_qt
[21.532s] -- Up-to-date: /home/arty/Documents/video_ros2/install/share/ament_index/resource_index/parent_prefix_path/video_viewer_qt
[21.532s] -- Up-to-date: /home/arty/Documents/video_ros2/install/share/video_viewer_qt/environment/ament_prefix_path.sh
[21.532s] -- Up-to-date: /home/arty/Documents/video_ros2/install/share/video_viewer_qt/environment/ament_prefix_path.dsv
[21.532s] -- Up-to-date: /home/arty/Documents/video_ros2/install/share/video_viewer_qt/environment/path.sh
[21.532s] -- Up-to-date: /home/arty/Documents/video_ros2/install/share/video_viewer_qt/environment/path.dsv
[21.533s] -- Up-to-date: /home/arty/Documents/video_ros2/install/share/video_viewer_qt/local_setup.bash
[21.533s] -- Up-to-date: /home/arty/Documents/video_ros2/install/share/video_viewer_qt/local_setup.sh
[21.533s] -- Up-to-date: /home/arty/Documents/video_ros2/install/share/video_viewer_qt/local_setup.zsh
[21.533s] -- Up-to-date: /home/arty/Documents/video_ros2/install/share/video_viewer_qt/local_setup.dsv
[21.533s] -- Installing: /home/arty/Documents/video_ros2/install/share/video_viewer_qt/package.dsv
[21.533s] -- Up-to-date: /home/arty/Documents/video_ros2/install/share/ament_index/resource_index/packages/video_viewer_qt
[21.533s] -- Up-to-date: /home/arty/Documents/video_ros2/install/share/video_viewer_qt/cmake/video_viewer_qtConfig.cmake
[21.533s] -- Up-to-date: /home/arty/Documents/video_ros2/install/share/video_viewer_qt/cmake/video_viewer_qtConfig-version.cmake
[21.533s] -- Up-to-date: /home/arty/Documents/video_ros2/install/share/video_viewer_qt/package.xml
[21.537s] Invoked command in '/home/arty/Documents/video_ros2/build/video_viewer_qt' returned '0': CMAKE_PREFIX_PATH=/home/arty/Documents/video_ros2/install LD_LIBRARY_PATH=/home/arty/Documents/video_ros2/install/lib:${LD_LIBRARY_PATH} PKG_CONFIG_PATH=/home/arty/Documents/video_ros2/install/lib/x86_64-linux-gnu/pkgconfig:/home/arty/Documents/video_ros2/install/lib/pkgconfig PYTHONPATH=/home/arty/Documents/video_ros2/install/local/lib/python3.10/dist-packages:${PYTHONPATH} ROS_PACKAGE_PATH=/home/arty/Documents/video_ros2/install/share /usr/bin/cmake --install /home/arty/Documents/video_ros2/build/video_viewer_qt
